INF,S0,0,0,0,20886
BTN,1,S0,PRESSED
BTN,2,S0,PRESSED
BTN,3,S0,PRESSED
BTN,4,S0,PRESSED
BTN,5,S0,PRESSED
BTN,6,S0,PRESSED
BTN,7,S0,PRESSED
BTN,8,S0,PRESSED
BTN,9,S0,PRESSED
BTN,10,S0,PRESSED
REC,S0,1,1369253316,12,29,57,5612,ok
REC,S0,2,1369950084,14,37,65,5618,ok
REC,S0,3,1370468312,12,30,57,5614,ok
REC,S0,4,1370972937,12,29,57,5614,ok
REC,S0,5,1371430600,12,41,68,5620,ok
REC,S0,6,1371970553,11,29,57,5609,ok
REC,S0,7,1372386045,14,31,59,5615,ok
REC,S0,8,1372775192,12,29,57,5610,ok
REC,S0,9,1373136075,12,29,59,5615,ok
REC,S0,10,1373550151,14,32,63,5615,ok
WRK,S0,0,0,0,0,0
SUM,S0,10,466,0,0,0,0,0,0,0,1,0,0
END,10
