INF,S1,100,0,0,20886
TEL,1,S1,1413090
TEL,2,S1,1413190
TEL,3,S1,1413290
TEL,4,S1,1413390
TEL,5,S1,1413490
TEL,6,S1,1413590
TEL,7,S1,1413690
TEL,8,S1,1413790
TEL,9,S1,1413890
TEL,10,S1,1413990
TEL,11,S1,1414090
TEL,12,S1,1414190
TEL,13,S1,1414290
TEL,14,S1,1414390
TEL,15,S1,1414490
TEL,16,S1,1414590
TEL,17,S1,1414690
TEL,18,S1,1414790
TEL,19,S1,1414890
TEL,20,S1,1414990
TEL,21,S1,1415090
TEL,22,S1,1415190
TEL,23,S1,1415290
TEL,24,S1,1415390
TEL,25,S1,1415490
TEL,26,S1,1415590
TEL,27,S1,1415690
TEL,28,S1,1415790
TEL,29,S1,1415890
TEL,30,S1,1415990
TEL,31,S1,1416090
TEL,32,S1,1416190
TEL,33,S1,1416290
TEL,34,S1,1416390
TEL,35,S1,1416490
TEL,36,S1,1416590
TEL,37,S1,1416690
TEL,38,S1,1416790
TEL,39,S1,1416890
TEL,40,S1,1416990
TEL,41,S1,1417090
TEL,42,S1,1417190
TEL,43,S1,1417290
TEL,44,S1,1417390
TEL,45,S1,1417490
TEL,46,S1,1417590
TEL,47,S1,1417690
TEL,48,S1,1417790
TEL,49,S1,1417890
TEL,50,S1,1417990
TEL,51,S1,1418090
TEL,52,S1,1418190
TEL,53,S1,1418290
TEL,54,S1,1418390
TEL,55,S1,1418490
TEL,56,S1,1418590
TEL,57,S1,1418690
TEL,58,S1,1418790
TEL,59,S1,1418890
TEL,60,S1,1418990
TEL,61,S1,1419090
TEL,62,S1,1419190
TEL,63,S1,1419290
TEL,64,S1,1419390
TEL,65,S1,1419490
TEL,66,S1,1419590
TEL,67,S1,1419690
TEL,68,S1,1419790
TEL,69,S1,1419890
TEL,70,S1,1419990
TEL,71,S1,1420090
TEL,72,S1,1420190
TEL,73,S1,1420290
TEL,74,S1,1420390
TEL,75,S1,1420490
TEL,76,S1,1420590
TEL,77,S1,1420690
TEL,78,S1,1420790
TEL,79,S1,1420890
TEL,80,S1,1420990
TEL,81,S1,1421090
BTN,1,S1,PRESSED
TEL,82,S1,1421190
TEL,83,S1,1421290
TEL,84,S1,1421390
BTN,2,S1,PRESSED
TEL,85,S1,1421490
TEL,86,S1,1421590
TEL,87,S1,1421690
BTN,3,S1,PRESSED
TEL,88,S1,1421790
TEL,89,S1,1421890
TEL,90,S1,1421990
BTN,4,S1,PRESSED
TEL,91,S1,1422090
TEL,92,S1,1422190
TEL,93,S1,1422290
BTN,5,S1,PRESSED
TEL,94,S1,1422390
TEL,95,S1,1422490
TEL,96,S1,1422590
TEL,97,S1,1422690
BTN,6,S1,PRESSED
TEL,98,S1,1422790
TEL,99,S1,1422890
TEL,100,S1,1422990
BTN,7,S1,PRESSED
TEL,101,S1,1423090
TEL,102,S1,1423190
TEL,103,S1,1423290
TEL,104,S1,1423390
BTN,8,S1,PRESSED
TEL,105,S1,1423490
TEL,106,S1,1423590
TEL,107,S1,1423690
BTN,9,S1,PRESSED
TEL,108,S1,1423790
TEL,109,S1,1423890
TEL,110,S1,1423990
TEL,111,S1,1424090
BTN,10,S1,PRESSED
TEL,112,S1,1424190
TEL,113,S1,1424290
TEL,114,S1,1424390
BTN,11,S1,PRESSED
TEL,115,S1,1424490
TEL,116,S1,1424590
TEL,117,S1,1424690
BTN,12,S1,PRESSED
TEL,118,S1,1424790
TEL,119,S1,1424890
TEL,120,S1,1424990
TEL,121,S1,1425090
BTN,13,S1,PRESSED
TEL,122,S1,1425190
TEL,123,S1,1425290
TEL,124,S1,1425390
BTN,14,S1,PRESSED
TEL,125,S1,1425490
TEL,126,S1,1425590
TEL,127,S1,1425690
TEL,128,S1,1425790
BTN,15,S1,PRESSED
TEL,129,S1,1425890
TEL,130,S1,1425990
TEL,131,S1,1426090
TEL,132,S1,1426190
BTN,16,S1,PRESSED
TEL,133,S1,1426290
TEL,134,S1,1426390
TEL,135,S1,1426490
BTN,17,S1,PRESSED
TEL,136,S1,1426590
TEL,137,S1,1426690
TEL,138,S1,1426790
TEL,139,S1,1426890
BTN,18,S1,PRESSED
TEL,140,S1,1426990
TEL,141,S1,1427090
TEL,142,S1,1427190
TEL,143,S1,1427290
BTN,19,S1,PRESSED
TEL,144,S1,1427390
TEL,145,S1,1427490
TEL,146,S1,1427590
TEL,147,S1,1427690
BTN,20,S1,PRESSED
TEL,148,S1,1427790
TEL,149,S1,1427890
TEL,150,S1,1427990
BTN,21,S1,PRESSED
TEL,151,S1,1428090
TEL,152,S1,1428190
TEL,153,S1,1428290
TEL,154,S1,1428390
BTN,22,S1,PRESSED
TEL,155,S1,1428490
TEL,156,S1,1428590
TEL,157,S1,1428690
TEL,158,S1,1428790
BTN,23,S1,PRESSED
TEL,159,S1,1428890
TEL,160,S1,1428990
TEL,161,S1,1429090
TEL,162,S1,1429190
BTN,24,S1,PRESSED
TEL,163,S1,1429290
TEL,164,S1,1429390
TEL,165,S1,1429490
BTN,25,S1,PRESSED
TEL,166,S1,1429590
TEL,167,S1,1429690
TEL,168,S1,1429790
TEL,169,S1,1429890
TEL,170,S1,1429990
BTN,26,S1,PRESSED
TEL,171,S1,1430090
TEL,172,S1,1430190
TEL,173,S1,1430290
TEL,174,S1,1430390
BTN,27,S1,PRESSED
TEL,175,S1,1430490
TEL,176,S1,1430590
TEL,177,S1,1430690
BTN,28,S1,PRESSED
TEL,178,S1,1430790
TEL,179,S1,1430890
TEL,180,S1,1430990
BTN,29,S1,PRESSED
TEL,181,S1,1431090
TEL,182,S1,1431190
TEL,183,S1,1431290
BTN,30,S1,PRESSED
TEL,184,S1,1431390
TEL,185,S1,1431490
TEL,186,S1,1431590
BTN,31,S1,PRESSED
TEL,187,S1,1431690
TEL,188,S1,1431790
TEL,189,S1,1431890
BTN,32,S1,PRESSED
TEL,190,S1,1431990
TEL,191,S1,1432090
TEL,192,S1,1432190
BTN,33,S1,PRESSED
TEL,193,S1,1432290
TEL,194,S1,1432390
TEL,195,S1,1432490
TEL,196,S1,1432590
TEL,197,S1,1432690
BTN,34,S1,PRESSED
TEL,198,S1,1432790
TEL,199,S1,1432890
TEL,200,S1,1432990
TEL,201,S1,1433090
TEL,202,S1,1433190
BTN,35,S1,PRESSED
TEL,203,S1,1433290
TEL,204,S1,1433390
TEL,205,S1,1433490
BTN,36,S1,PRESSED
TEL,206,S1,1433590
TEL,207,S1,1433690
TEL,208,S1,1433790
BTN,37,S1,PRESSED
TEL,209,S1,1433890
TEL,210,S1,1433990
BTN,38,S1,PRESSED
TEL,211,S1,1434090
TEL,212,S1,1434190
TEL,213,S1,1434290
BTN,39,S1,PRESSED
TEL,214,S1,1434390
TEL,215,S1,1434490
TEL,216,S1,1434590
TEL,217,S1,1434690
BTN,40,S1,PRESSED
TEL,218,S1,1434790
TEL,219,S1,1434890
TEL,220,S1,1434990
TEL,221,S1,1435090
TEL,222,S1,1435190
BTN,41,S1,PRESSED
TEL,223,S1,1435290
TEL,224,S1,1435390
TEL,225,S1,1435490
BTN,42,S1,PRESSED
TEL,226,S1,1435590
TEL,227,S1,1435690
TEL,228,S1,1435790
TEL,229,S1,1435890
TEL,230,S1,1435990
BTN,43,S1,PRESSED
TEL,231,S1,1436090
TEL,232,S1,1436190
TEL,233,S1,1436290
TEL,234,S1,1436390
TEL,235,S1,1436490
BTN,44,S1,PRESSED
TEL,236,S1,1436590
TEL,237,S1,1436690
TEL,238,S1,1436790
TEL,239,S1,1436890
TEL,240,S1,1436990
BTN,45,S1,PRESSED
TEL,241,S1,1437090
TEL,242,S1,1437190
TEL,243,S1,1437290
TEL,244,S1,1437390
TEL,245,S1,1437490
TEL,246,S1,1437590
TEL,247,S1,1437690
TEL,248,S1,1437790
TEL,249,S1,1437890
TEL,250,S1,1437990
TEL,251,S1,1438090
TEL,252,S1,1438190
TEL,253,S1,1438290
TEL,254,S1,1438390
TEL,255,S1,1438490
TEL,256,S1,1438590
TEL,257,S1,1438690
TEL,258,S1,1438790
TEL,259,S1,1438890
TEL,260,S1,1438990
TEL,261,S1,1439090
REC,S1,1,1422068961,12,29,57,5613,ok
REC,S1,2,1422414307,12,29,57,5608,ok
REC,S1,3,1422724323,12,29,57,5616,ok
REC,S1,4,1423037761,12,30,57,5608,ok
REC,S1,5,1423352282,12,29,57,5609,ok
REC,S1,6,1423666092,12,29,57,5610,ok
REC,S1,7,1423961092,12,30,58,5615,ok
REC,S1,8,1424410109,14,32,59,5618,ok
REC,S1,9,1424731789,12,30,58,5610,ok
REC,S1,10,1425062212,12,30,57,5612,ok
REC,S1,11,1425391944,12,29,57,5612,ok
REC,S1,12,1425751312,12,30,58,5616,ok
REC,S1,13,1426099138,12,29,57,5610,ok
REC,S1,14,1426438631,15,32,62,5616,ok
REC,S1,15,1426795629,16,33,61,5615,ok
REC,S1,16,1427173273,12,30,58,5613,ok
REC,S1,17,1427549585,14,32,71,5625,ok
REC,S1,18,1427927563,12,29,59,5617,ok
REC,S1,19,1428300727,12,30,58,5614,ok
REC,S1,20,1428668123,12,29,57,5615,ok
REC,S1,21,1429031882,12,29,57,5614,ok
REC,S1,22,1429400169,12,29,57,5608,ok
REC,S1,23,1429774264,12,30,58,5610,ok
REC,S1,24,1430164562,12,29,59,5615,ok
REC,S1,25,1430541568,12,29,70,5626,ok
REC,S1,26,1430965212,12,29,60,5618,ok
REC,S1,27,1431439949,12,29,57,5615,ok
REC,S1,28,1431701335,12,29,57,5615,ok
REC,S1,29,1432012962,11,29,60,5616,ok
REC,S1,30,1432329851,13,31,61,5615,ok
REC,S1,31,1432626047,12,29,57,5611,ok
REC,S1,32,1432905920,14,32,60,5610,ok
REC,S1,33,1433178832,12,30,62,5620,ok
REC,S1,34,1433665173,12,32,60,5618,ok
REC,S1,35,1434186044,12,30,58,5614,ok
REC,S1,36,1434469633,12,29,57,5615,ok
REC,S1,37,1434758007,12,30,2241,7791,ok
REC,S1,38,1435014002,12,29,57,5608,ok
REC,S1,39,1435268675,12,29,57,5614,ok
REC,S1,40,1435748360,12,30,59,5612,ok
REC,S1,41,1436251929,12,29,59,5611,ok
REC,S1,42,1436508556,12,29,57,5612,ok
REC,S1,43,1437008171,12,32,60,5613,ok
REC,S1,44,1437501101,12,29,57,5609,ok
REC,S1,45,1437998623,23,40,68,5623,ok
WRK,S1,0,0,0,0,0
SUM,S1,45,1328,0,0,0,0,0,262,0,1,0,27
END,45
