INF,S2,20,0,0,20892,115200
TEL,1,S2,1536959
TEL,2,S2,1536979
TEL,3,S2,1536999
TEL,4,S2,1537019
TEL,5,S2,1537039
TEL,6,S2,1537059
TEL,7,S2,1537079
TEL,8,S2,1537099
TEL,9,S2,1537119
TEL,10,S2,1537139
TEL,11,S2,1537159
TEL,12,S2,1537179
TEL,13,S2,1537199
TEL,14,S2,1537219
TEL,15,S2,1537239
TEL,16,S2,1537259
TEL,17,S2,1537279
TEL,18,S2,1537299
TEL,19,S2,1537319
TEL,20,S2,1537339
TEL,21,S2,1537359
TEL,22,S2,1537379
TEL,23,S2,1537399
TEL,24,S2,1537419
TEL,25,S2,1537439
TEL,26,S2,1537459
TEL,27,S2,1537479
TEL,28,S2,1537499
TEL,29,S2,1537519
TEL,30,S2,1537539
TEL,31,S2,1537559
TEL,32,S2,1537579
TEL,33,S2,1537599
TEL,34,S2,1537619
TEL,35,S2,1537639
TEL,36,S2,1537659
TEL,37,S2,1537679
TEL,38,S2,1537699
TEL,39,S2,1537719
TEL,40,S2,1537739
TEL,41,S2,1537759
TEL,42,S2,1537779
TEL,43,S2,1537799
TEL,44,S2,1537819
TEL,45,S2,1537839
TEL,46,S2,1537859
TEL,47,S2,1537879
TEL,48,S2,1537899
TEL,49,S2,1537919
TEL,50,S2,1537939
TEL,51,S2,1537959
TEL,52,S2,1537979
TEL,53,S2,1537999
TEL,54,S2,1538019
TEL,55,S2,1538039
TEL,56,S2,1538059
TEL,57,S2,1538079
TEL,58,S2,1538099
TEL,59,S2,1538119
TEL,60,S2,1538139
TEL,61,S2,1538159
TEL,62,S2,1538179
TEL,63,S2,1538199
TEL,64,S2,1538219
TEL,65,S2,1538239
TEL,66,S2,1538259
TEL,67,S2,1538279
TEL,68,S2,1538299
TEL,69,S2,1538319
TEL,70,S2,1538339
TEL,71,S2,1538359
TEL,72,S2,1538379
TEL,73,S2,1538399
TEL,74,S2,1538419
TEL,75,S2,1538439
TEL,76,S2,1538459
TEL,77,S2,1538479
TEL,78,S2,1538499
TEL,79,S2,1538519
TEL,80,S2,1538539
TEL,81,S2,1538559
TEL,82,S2,1538579
TEL,83,S2,1538599
TEL,84,S2,1538619
TEL,85,S2,1538639
TEL,86,S2,1538659
TEL,87,S2,1538679
TEL,88,S2,1538699
TEL,89,S2,1538719
TEL,90,S2,1538739
TEL,91,S2,1538759
TEL,92,S2,1538779
TEL,93,S2,1538799
TEL,94,S2,1538819
TEL,95,S2,1538839
TEL,96,S2,1538859
TEL,97,S2,1538879
TEL,98,S2,1538899
TEL,99,S2,1538919
TEL,100,S2,1538939
TEL,101,S2,1538959
TEL,102,S2,1538979
TEL,103,S2,1538999
TEL,104,S2,1539019
TEL,105,S2,1539039
TEL,106,S2,1539059
TEL,107,S2,1539079
TEL,108,S2,1539099
TEL,109,S2,1539119
TEL,110,S2,1539139
TEL,111,S2,1539159
TEL,112,S2,1539179
TEL,113,S2,1539199
TEL,114,S2,1539219
TEL,115,S2,1539239
TEL,116,S2,1539259
TEL,117,S2,1539279
TEL,118,S2,1539299
TEL,119,S2,1539319
TEL,120,S2,1539339
TEL,121,S2,1539359
TEL,122,S2,1539379
TEL,123,S2,1539399
TEL,124,S2,1539419
TEL,125,S2,1539439
TEL,126,S2,1539459
TEL,127,S2,1539479
TEL,128,S2,1539499
TEL,129,S2,1539519
TEL,130,S2,1539539
TEL,131,S2,1539559
TEL,132,S2,1539579
TEL,133,S2,1539599
TEL,134,S2,1539619
TEL,135,S2,1539639
TEL,136,S2,1539659
TEL,137,S2,1539679
TEL,138,S2,1539699
TEL,139,S2,1539719
TEL,140,S2,1539739
TEL,141,S2,1539759
TEL,142,S2,1539779
TEL,143,S2,1539799
TEL,144,S2,1539819
TEL,145,S2,1539839
TEL,146,S2,1539859
TEL,147,S2,1539879
TEL,148,S2,1539899
TEL,149,S2,1539919
TEL,150,S2,1539939
TEL,151,S2,1539959
TEL,152,S2,1539979
TEL,153,S2,1539999
TEL,154,S2,1540019
TEL,155,S2,1540039
TEL,156,S2,1540059
TEL,157,S2,1540079
TEL,158,S2,1540099
TEL,159,S2,1540119
TEL,160,S2,1540139
TEL,161,S2,1540159
TEL,162,S2,1540179
TEL,163,S2,1540199
TEL,164,S2,1540219
TEL,165,S2,1540239
TEL,166,S2,1540259
TEL,167,S2,1540279
TEL,168,S2,1540299
TEL,169,S2,1540319
TEL,170,S2,1540339
TEL,171,S2,1540359
TEL,172,S2,1540379
TEL,173,S2,1540399
TEL,174,S2,1540419
TEL,175,S2,1540439
TEL,176,S2,1540459
TEL,177,S2,1540479
TEL,178,S2,1540499
TEL,179,S2,1540519
TEL,180,S2,1540539
TEL,181,S2,1540559
TEL,182,S2,1540579
TEL,183,S2,1540599
TEL,184,S2,1540619
TEL,185,S2,1540639
TEL,186,S2,1540659
TEL,187,S2,1540679
TEL,188,S2,1540699
TEL,189,S2,1540719
TEL,190,S2,1540739
TEL,191,S2,1540759
TEL,192,S2,1540779
TEL,193,S2,1540799
TEL,194,S2,1540819
TEL,195,S2,1540839
TEL,196,S2,1540859
TEL,197,S2,1540879
TEL,198,S2,1540899
TEL,199,S2,1540919
TEL,200,S2,1540939
TEL,201,S2,1540959
TEL,202,S2,1540979
TEL,203,S2,1540999
TEL,204,S2,1541019
TEL,205,S2,1541039
TEL,206,S2,1541059
TEL,207,S2,1541079
TEL,208,S2,1541099
TEL,209,S2,1541119
TEL,210,S2,1541139
TEL,211,S2,1541159
TEL,212,S2,1541179
TEL,213,S2,1541199
TEL,214,S2,1541219
TEL,215,S2,1541239
TEL,216,S2,1541259
TEL,217,S2,1541279
TEL,218,S2,1541299
TEL,219,S2,1541319
TEL,220,S2,1541339
TEL,221,S2,1541359
TEL,222,S2,1541379
TEL,223,S2,1541399
TEL,224,S2,1541419
TEL,225,S2,1541439
TEL,226,S2,1541459
TEL,227,S2,1541479
TEL,228,S2,1541499
TEL,229,S2,1541519
TEL,230,S2,1541539
TEL,231,S2,1541559
TEL,232,S2,1541579
TEL,233,S2,1541599
TEL,234,S2,1541619
TEL,235,S2,1541639
TEL,236,S2,1541659
TEL,237,S2,1541679
TEL,238,S2,1541699
TEL,239,S2,1541719
TEL,240,S2,1541739
TEL,241,S2,1541759
TEL,242,S2,1541779
TEL,243,S2,1541799
TEL,244,S2,1541819
TEL,245,S2,1541839
TEL,246,S2,1541859
TEL,247,S2,1541879
TEL,248,S2,1541899
TEL,249,S2,1541919
TEL,250,S2,1541939
TEL,251,S2,1541959
TEL,252,S2,1541979
TEL,253,S2,1541999
TEL,254,S2,1542019
TEL,255,S2,1542039
TEL,256,S2,1542059
TEL,257,S2,1542079
TEL,258,S2,1542099
TEL,259,S2,1542119
TEL,260,S2,1542139
TEL,261,S2,1542159
TEL,262,S2,1542179
TEL,263,S2,1542199
TEL,264,S2,1542219
TEL,265,S2,1542239
TEL,266,S2,1542259
TEL,267,S2,1542279
TEL,268,S2,1542299
TEL,269,S2,1542319
TEL,270,S2,1542339
TEL,271,S2,1542359
TEL,272,S2,1542379
TEL,273,S2,1542399
TEL,274,S2,1542419
TEL,275,S2,1542439
TEL,276,S2,1542459
TEL,277,S2,1542479
TEL,278,S2,1542499
TEL,279,S2,1542519
TEL,280,S2,1542539
TEL,281,S2,1542559
TEL,282,S2,1542579
TEL,283,S2,1542599
TEL,284,S2,1542619
TEL,285,S2,1542639
TEL,286,S2,1542659
TEL,287,S2,1542679
TEL,288,S2,1542699
TEL,289,S2,1542719
TEL,290,S2,1542739
TEL,291,S2,1542759
TEL,292,S2,1542779
TEL,293,S2,1542799
TEL,294,S2,1542819
TEL,295,S2,1542839
TEL,296,S2,1542859
TEL,297,S2,1542879
TEL,298,S2,1542899
TEL,299,S2,1542919
TEL,300,S2,1542939
TEL,301,S2,1542959
TEL,302,S2,1542979
TEL,303,S2,1542999
TEL,304,S2,1543019
TEL,305,S2,1543039
TEL,306,S2,1543059
TEL,307,S2,1543079
TEL,308,S2,1543099
TEL,309,S2,1543119
TEL,310,S2,1543139
TEL,311,S2,1543159
TEL,312,S2,1543179
TEL,313,S2,1543199
BTN,1,S2,PRESSED
TEL,314,S2,1543219
TEL,315,S2,1543239
TEL,316,S2,1543259
TEL,317,S2,1543279
TEL,318,S2,1543299
TEL,319,S2,1543319
TEL,320,S2,1543339
TEL,321,S2,1543359
TEL,322,S2,1543379
TEL,323,S2,1543399
TEL,324,S2,1543419
TEL,325,S2,1543439
TEL,326,S2,1543459
TEL,327,S2,1543479
TEL,328,S2,1543499
TEL,329,S2,1543519
TEL,330,S2,1543539
TEL,331,S2,1543559
TEL,332,S2,1543579
TEL,333,S2,1543599
BTN,2,S2,PRESSED
TEL,334,S2,1543619
TEL,335,S2,1543639
TEL,336,S2,1543659
TEL,337,S2,1543679
TEL,338,S2,1543699
TEL,339,S2,1543719
TEL,340,S2,1543739
TEL,341,S2,1543759
TEL,342,S2,1543779
TEL,343,S2,1543799
TEL,344,S2,1543819
TEL,345,S2,1543839
TEL,346,S2,1543859
TEL,347,S2,1543879
BTN,3,S2,PRESSED
TEL,348,S2,1543899
TEL,349,S2,1543919
TEL,350,S2,1543939
TEL,351,S2,1543959
TEL,352,S2,1543979
TEL,353,S2,1543999
TEL,354,S2,1544019
TEL,355,S2,1544039
TEL,356,S2,1544059
TEL,357,S2,1544079
TEL,358,S2,1544099
TEL,359,S2,1544119
TEL,360,S2,1544139
TEL,361,S2,1544159
TEL,362,S2,1544179
BTN,4,S2,PRESSED
TEL,363,S2,1544199
TEL,364,S2,1544219
TEL,365,S2,1544239
TEL,366,S2,1544259
TEL,367,S2,1544279
TEL,368,S2,1544299
TEL,369,S2,1544319
TEL,370,S2,1544339
TEL,371,S2,1544359
TEL,372,S2,1544379
TEL,373,S2,1544399
TEL,374,S2,1544419
TEL,375,S2,1544439
TEL,376,S2,1544459
TEL,377,S2,1544479
TEL,378,S2,1544499
TEL,379,S2,1544519
TEL,380,S2,1544539
BTN,5,S2,PRESSED
TEL,381,S2,1544559
TEL,382,S2,1544579
TEL,383,S2,1544599
TEL,384,S2,1544619
TEL,385,S2,1544639
TEL,386,S2,1544659
TEL,387,S2,1544679
TEL,388,S2,1544699
TEL,389,S2,1544719
TEL,390,S2,1544739
TEL,391,S2,1544759
TEL,392,S2,1544779
TEL,393,S2,1544799
TEL,394,S2,1544819
TEL,395,S2,1544839
TEL,396,S2,1544859
BTN,6,S2,PRESSED
TEL,397,S2,1544879
TEL,398,S2,1544899
TEL,399,S2,1544919
TEL,400,S2,1544939
TEL,401,S2,1544959
TEL,402,S2,1544979
TEL,403,S2,1544999
TEL,404,S2,1545019
TEL,405,S2,1545039
TEL,406,S2,1545059
TEL,407,S2,1545079
TEL,408,S2,1545099
TEL,409,S2,1545119
TEL,410,S2,1545139
TEL,411,S2,1545159
BTN,7,S2,PRESSED
TEL,412,S2,1545179
TEL,413,S2,1545199
TEL,414,S2,1545219
TEL,415,S2,1545239
TEL,416,S2,1545259
TEL,417,S2,1545279
TEL,418,S2,1545299
TEL,419,S2,1545319
TEL,420,S2,1545339
TEL,421,S2,1545359
TEL,422,S2,1545379
TEL,423,S2,1545399
TEL,424,S2,1545419
TEL,425,S2,1545439
TEL,426,S2,1545459
BTN,8,S2,PRESSED
TEL,427,S2,1545479
TEL,428,S2,1545499
TEL,429,S2,1545519
TEL,430,S2,1545539
TEL,431,S2,1545559
TEL,432,S2,1545579
TEL,433,S2,1545599
TEL,434,S2,1545619
TEL,435,S2,1545639
TEL,436,S2,1545659
TEL,437,S2,1545679
TEL,438,S2,1545699
TEL,439,S2,1545719
TEL,440,S2,1545739
TEL,441,S2,1545759
TEL,442,S2,1545779
BTN,9,S2,PRESSED
TEL,443,S2,1545799
TEL,444,S2,1545819
TEL,445,S2,1545839
TEL,446,S2,1545859
TEL,447,S2,1545879
TEL,448,S2,1545899
TEL,449,S2,1545919
TEL,450,S2,1545939
TEL,451,S2,1545959
TEL,452,S2,1545979
TEL,453,S2,1545999
TEL,454,S2,1546019
TEL,455,S2,1546039
TEL,456,S2,1546059
TEL,457,S2,1546079
BTN,10,S2,PRESSED
TEL,458,S2,1546099
TEL,459,S2,1546119
TEL,460,S2,1546139
TEL,461,S2,1546159
TEL,462,S2,1546179
TEL,463,S2,1546199
TEL,464,S2,1546219
TEL,465,S2,1546239
TEL,466,S2,1546259
TEL,467,S2,1546279
TEL,468,S2,1546299
TEL,469,S2,1546319
TEL,470,S2,1546339
TEL,471,S2,1546359
BTN,11,S2,PRESSED
TEL,472,S2,1546379
TEL,473,S2,1546399
TEL,474,S2,1546419
TEL,475,S2,1546439
TEL,476,S2,1546459
TEL,477,S2,1546479
TEL,478,S2,1546499
TEL,479,S2,1546519
TEL,480,S2,1546539
TEL,481,S2,1546559
TEL,482,S2,1546579
TEL,483,S2,1546599
TEL,484,S2,1546619
TEL,485,S2,1546639
TEL,486,S2,1546659
BTN,12,S2,PRESSED
TEL,487,S2,1546679
TEL,488,S2,1546699
TEL,489,S2,1546719
TEL,490,S2,1546739
TEL,491,S2,1546759
TEL,492,S2,1546779
TEL,493,S2,1546799
TEL,494,S2,1546819
TEL,495,S2,1546839
TEL,496,S2,1546859
TEL,497,S2,1546879
TEL,498,S2,1546899
TEL,499,S2,1546919
TEL,500,S2,1546939
BTN,13,S2,PRESSED
TEL,501,S2,1546959
TEL,502,S2,1546979
TEL,503,S2,1546999
TEL,504,S2,1547019
TEL,505,S2,1547039
TEL,506,S2,1547059
TEL,507,S2,1547079
TEL,508,S2,1547099
TEL,509,S2,1547119
TEL,510,S2,1547139
TEL,511,S2,1547159
TEL,512,S2,1547179
TEL,513,S2,1547199
TEL,514,S2,1547219
TEL,515,S2,1547239
BTN,14,S2,PRESSED
TEL,516,S2,1547259
TEL,517,S2,1547279
TEL,518,S2,1547299
TEL,519,S2,1547319
TEL,520,S2,1547339
TEL,521,S2,1547359
TEL,522,S2,1547379
TEL,523,S2,1547399
TEL,524,S2,1547419
TEL,525,S2,1547439
TEL,526,S2,1547459
TEL,527,S2,1547479
TEL,528,S2,1547499
BTN,15,S2,PRESSED
TEL,529,S2,1547519
TEL,530,S2,1547539
TEL,531,S2,1547559
TEL,532,S2,1547579
TEL,533,S2,1547599
TEL,534,S2,1547619
TEL,535,S2,1547639
TEL,536,S2,1547659
TEL,537,S2,1547679
TEL,538,S2,1547699
TEL,539,S2,1547719
TEL,540,S2,1547739
TEL,541,S2,1547759
TEL,542,S2,1547779
BTN,16,S2,PRESSED
TEL,543,S2,1547799
TEL,544,S2,1547819
TEL,545,S2,1547839
TEL,546,S2,1547859
TEL,547,S2,1547879
TEL,548,S2,1547899
TEL,549,S2,1547919
TEL,550,S2,1547939
TEL,551,S2,1547959
TEL,552,S2,1547979
TEL,553,S2,1547999
TEL,554,S2,1548019
TEL,555,S2,1548039
TEL,556,S2,1548059
BTN,17,S2,PRESSED
TEL,557,S2,1548079
TEL,558,S2,1548099
TEL,559,S2,1548119
TEL,560,S2,1548139
TEL,561,S2,1548159
TEL,562,S2,1548179
TEL,563,S2,1548199
TEL,564,S2,1548219
TEL,565,S2,1548239
TEL,566,S2,1548259
TEL,567,S2,1548279
TEL,568,S2,1548299
TEL,569,S2,1548319
TEL,570,S2,1548339
BTN,18,S2,PRESSED
TEL,571,S2,1548359
TEL,572,S2,1548379
TEL,573,S2,1548399
TEL,574,S2,1548419
TEL,575,S2,1548439
TEL,576,S2,1548459
TEL,577,S2,1548479
TEL,578,S2,1548499
TEL,579,S2,1548519
TEL,580,S2,1548539
TEL,581,S2,1548559
TEL,582,S2,1548579
TEL,583,S2,1548599
TEL,584,S2,1548619
BTN,19,S2,PRESSED
TEL,585,S2,1548639
TEL,586,S2,1548659
TEL,587,S2,1548679
TEL,588,S2,1548699
TEL,589,S2,1548719
TEL,590,S2,1548739
TEL,591,S2,1548759
TEL,592,S2,1548779
TEL,593,S2,1548799
TEL,594,S2,1548819
TEL,595,S2,1548839
TEL,596,S2,1548859
TEL,597,S2,1548879
TEL,598,S2,1548899
TEL,599,S2,1548919
TEL,600,S2,1548939
BTN,20,S2,PRESSED
TEL,601,S2,1548959
TEL,602,S2,1548979
TEL,603,S2,1548999
TEL,604,S2,1549019
TEL,605,S2,1549039
TEL,606,S2,1549059
TEL,607,S2,1549079
TEL,608,S2,1549099
TEL,609,S2,1549119
TEL,610,S2,1549139
TEL,611,S2,1549159
TEL,612,S2,1549179
TEL,613,S2,1549199
TEL,614,S2,1549219
TEL,615,S2,1549239
TEL,616,S2,1549259
TEL,617,S2,1549279
TEL,618,S2,1549299
TEL,619,S2,1549319
TEL,620,S2,1549339
TEL,621,S2,1549359
TEL,622,S2,1549379
TEL,623,S2,1549399
TEL,624,S2,1549419
TEL,625,S2,1549439
TEL,626,S2,1549459
TEL,627,S2,1549479
TEL,628,S2,1549499
TEL,629,S2,1549519
TEL,630,S2,1549539
TEL,631,S2,1549559
TEL,632,S2,1549579
TEL,633,S2,1549599
TEL,634,S2,1549619
TEL,635,S2,1549639
TEL,636,S2,1549659
TEL,637,S2,1549679
TEL,638,S2,1549699
TEL,639,S2,1549719
TEL,640,S2,1549739
TEL,641,S2,1549759
TEL,642,S2,1549779
TEL,643,S2,1549799
TEL,644,S2,1549819
TEL,645,S2,1549839
REC,S2,1,1543372531,12,30,58,5611,ok
REC,S2,2,1543757630,12,31,2717,8276,ok
REC,S2,3,1544034693,12,78,5674,11233,ok
REC,S2,4,1544354604,12,29,57,5610,ok
REC,S2,5,1544706287,12,29,57,5611,ok
REC,S2,6,1545019871,12,30,479,6038,ok
REC,S2,7,1545317409,12,29,2938,8497,ok
REC,S2,8,1545616513,13,31,3830,9389,ok
REC,S2,9,1545951525,12,30,57,5609,ok
REC,S2,10,1546236560,12,30,3788,9347,ok
REC,S2,11,1546529897,12,30,58,5615,ok
REC,S2,12,1546824737,12,29,57,5615,ok
REC,S2,13,1547108079,12,29,57,5613,ok
REC,S2,14,1547401369,12,29,57,5611,ok
REC,S2,15,1547665292,12,29,57,5614,ok
REC,S2,16,1547945425,12,29,57,5614,ok
REC,S2,17,1548216507,14,31,3836,9395,ok
REC,S2,18,1548498961,12,30,1385,6944,ok
REC,S2,19,1548792584,12,30,57,5613,ok
REC,S2,20,1549110991,12,30,57,5611,ok
WRK,S2,0,0,0,0,0
SUM,S2,20,194,0,0,0,0,0,647,0,2,0,0
END,20
