INF,S2,20,0,0,20891,115200
TEL,1,S2,367987
TEL,2,S2,368007
TEL,3,S2,368027
TEL,4,S2,368047
TEL,5,S2,368067
TEL,6,S2,368087
TEL,7,S2,368107
TEL,8,S2,368127
TEL,9,S2,368147
TEL,10,S2,368167
TEL,11,S2,368187
TEL,12,S2,368207
TEL,13,S2,368227
TEL,14,S2,368247
TEL,15,S2,368267
TEL,16,S2,368287
TEL,17,S2,368307
TEL,18,S2,368327
TEL,19,S2,368347
TEL,20,S2,368367
TEL,21,S2,368387
TEL,22,S2,368407
TEL,23,S2,368427
TEL,24,S2,368447
TEL,25,S2,368467
TEL,26,S2,368487
TEL,27,S2,368507
TEL,28,S2,368527
TEL,29,S2,368547
TEL,30,S2,368567
TEL,31,S2,368587
TEL,32,S2,368607
TEL,33,S2,368627
TEL,34,S2,368647
TEL,35,S2,368667
TEL,36,S2,368687
TEL,37,S2,368707
TEL,38,S2,368727
TEL,39,S2,368747
TEL,40,S2,368767
TEL,41,S2,368787
TEL,42,S2,368807
TEL,43,S2,368827
TEL,44,S2,368847
TEL,45,S2,368867
TEL,46,S2,368887
TEL,47,S2,368907
TEL,48,S2,368927
TEL,49,S2,368947
TEL,50,S2,368967
TEL,51,S2,368987
TEL,52,S2,369007
TEL,53,S2,369027
TEL,54,S2,369047
TEL,55,S2,369067
TEL,56,S2,369087
TEL,57,S2,369107
TEL,58,S2,369127
TEL,59,S2,369147
TEL,60,S2,369167
TEL,61,S2,369187
TEL,62,S2,369207
TEL,63,S2,369227
TEL,64,S2,369247
TEL,65,S2,369267
TEL,66,S2,369287
TEL,67,S2,369307
TEL,68,S2,369327
TEL,69,S2,369347
TEL,70,S2,369367
TEL,71,S2,369387
TEL,72,S2,369407
TEL,73,S2,369427
TEL,74,S2,369447
TEL,75,S2,369467
TEL,76,S2,369487
TEL,77,S2,369507
TEL,78,S2,369527
TEL,79,S2,369547
TEL,80,S2,369567
TEL,81,S2,369587
TEL,82,S2,369607
TEL,83,S2,369627
TEL,84,S2,369647
TEL,85,S2,369667
TEL,86,S2,369687
TEL,87,S2,369707
TEL,88,S2,369727
TEL,89,S2,369747
TEL,90,S2,369767
TEL,91,S2,369787
TEL,92,S2,369807
TEL,93,S2,369827
TEL,94,S2,369847
TEL,95,S2,369867
TEL,96,S2,369887
TEL,97,S2,369907
TEL,98,S2,369927
TEL,99,S2,369947
TEL,100,S2,369967
TEL,101,S2,369987
TEL,102,S2,370007
TEL,103,S2,370027
TEL,104,S2,370047
TEL,105,S2,370067
TEL,106,S2,370087
TEL,107,S2,370107
TEL,108,S2,370127
TEL,109,S2,370147
TEL,110,S2,370167
TEL,111,S2,370187
TEL,112,S2,370207
TEL,113,S2,370227
TEL,114,S2,370247
TEL,115,S2,370267
TEL,116,S2,370287
TEL,117,S2,370307
TEL,118,S2,370327
TEL,119,S2,370347
TEL,120,S2,370367
TEL,121,S2,370387
TEL,122,S2,370407
TEL,123,S2,370427
TEL,124,S2,370447
TEL,125,S2,370467
TEL,126,S2,370487
TEL,127,S2,370507
TEL,128,S2,370527
TEL,129,S2,370547
TEL,130,S2,370567
TEL,131,S2,370587
TEL,132,S2,370607
TEL,133,S2,370627
TEL,134,S2,370647
TEL,135,S2,370667
TEL,136,S2,370687
TEL,137,S2,370707
TEL,138,S2,370727
TEL,139,S2,370747
TEL,140,S2,370767
TEL,141,S2,370787
TEL,142,S2,370807
TEL,143,S2,370827
TEL,144,S2,370847
TEL,145,S2,370867
TEL,146,S2,370887
TEL,147,S2,370907
TEL,148,S2,370927
TEL,149,S2,370947
TEL,150,S2,370967
TEL,151,S2,370987
TEL,152,S2,371007
TEL,153,S2,371027
TEL,154,S2,371047
TEL,155,S2,371067
TEL,156,S2,371087
TEL,157,S2,371107
TEL,158,S2,371127
TEL,159,S2,371147
TEL,160,S2,371167
TEL,161,S2,371187
TEL,162,S2,371207
TEL,163,S2,371227
TEL,164,S2,371247
TEL,165,S2,371267
TEL,166,S2,371287
TEL,167,S2,371307
TEL,168,S2,371327
TEL,169,S2,371347
TEL,170,S2,371367
TEL,171,S2,371387
TEL,172,S2,371407
TEL,173,S2,371427
TEL,174,S2,371447
TEL,175,S2,371467
TEL,176,S2,371487
TEL,177,S2,371507
TEL,178,S2,371527
TEL,179,S2,371547
TEL,180,S2,371567
TEL,181,S2,371587
TEL,182,S2,371607
TEL,183,S2,371627
TEL,184,S2,371647
TEL,185,S2,371667
TEL,186,S2,371687
TEL,187,S2,371707
TEL,188,S2,371727
TEL,189,S2,371747
TEL,190,S2,371767
TEL,191,S2,371787
TEL,192,S2,371807
TEL,193,S2,371827
TEL,194,S2,371847
TEL,195,S2,371867
TEL,196,S2,371887
TEL,197,S2,371907
TEL,198,S2,371927
TEL,199,S2,371947
TEL,200,S2,371967
TEL,201,S2,371987
TEL,202,S2,372007
TEL,203,S2,372027
TEL,204,S2,372047
TEL,205,S2,372067
TEL,206,S2,372087
TEL,207,S2,372107
TEL,208,S2,372127
TEL,209,S2,372147
TEL,210,S2,372167
TEL,211,S2,372187
TEL,212,S2,372207
TEL,213,S2,372227
TEL,214,S2,372247
TEL,215,S2,372267
TEL,216,S2,372287
TEL,217,S2,372307
TEL,218,S2,372327
TEL,219,S2,372347
TEL,220,S2,372367
TEL,221,S2,372387
TEL,222,S2,372407
TEL,223,S2,372427
TEL,224,S2,372447
TEL,225,S2,372467
TEL,226,S2,372487
TEL,227,S2,372507
TEL,228,S2,372527
TEL,229,S2,372547
TEL,230,S2,372567
TEL,231,S2,372587
TEL,232,S2,372607
TEL,233,S2,372627
TEL,234,S2,372647
TEL,235,S2,372667
TEL,236,S2,372687
TEL,237,S2,372707
TEL,238,S2,372727
TEL,239,S2,372747
TEL,240,S2,372767
TEL,241,S2,372787
TEL,242,S2,372807
TEL,243,S2,372827
TEL,244,S2,372847
TEL,245,S2,372867
TEL,246,S2,372887
TEL,247,S2,372907
TEL,248,S2,372927
TEL,249,S2,372947
TEL,250,S2,372967
TEL,251,S2,372987
TEL,252,S2,373007
TEL,253,S2,373027
TEL,254,S2,373047
TEL,255,S2,373067
TEL,256,S2,373087
TEL,257,S2,373107
TEL,258,S2,373127
TEL,259,S2,373147
TEL,260,S2,373167
TEL,261,S2,373187
TEL,262,S2,373207
TEL,263,S2,373227
TEL,264,S2,373247
TEL,265,S2,373267
TEL,266,S2,373287
TEL,267,S2,373307
TEL,268,S2,373327
TEL,269,S2,373347
TEL,270,S2,373367
TEL,271,S2,373387
TEL,272,S2,373407
TEL,273,S2,373427
TEL,274,S2,373447
TEL,275,S2,373467
TEL,276,S2,373487
TEL,277,S2,373507
TEL,278,S2,373527
TEL,279,S2,373547
TEL,280,S2,373567
TEL,281,S2,373587
TEL,282,S2,373607
TEL,283,S2,373627
TEL,284,S2,373647
TEL,285,S2,373667
TEL,286,S2,373687
TEL,287,S2,373707
TEL,288,S2,373727
TEL,289,S2,373747
TEL,290,S2,373767
TEL,291,S2,373787
TEL,292,S2,373807
TEL,293,S2,373827
TEL,294,S2,373847
TEL,295,S2,373867
TEL,296,S2,373887
TEL,297,S2,373907
TEL,298,S2,373927
TEL,299,S2,373947
TEL,300,S2,373967
TEL,301,S2,373987
TEL,302,S2,374007
TEL,303,S2,374027
TEL,304,S2,374047
TEL,305,S2,374067
TEL,306,S2,374087
TEL,307,S2,374107
TEL,308,S2,374127
TEL,309,S2,374147
TEL,310,S2,374167
TEL,311,S2,374187
TEL,312,S2,374207
TEL,313,S2,374227
TEL,314,S2,374247
TEL,315,S2,374267
TEL,316,S2,374287
TEL,317,S2,374307
TEL,318,S2,374327
TEL,319,S2,374347
TEL,320,S2,374367
TEL,321,S2,374387
TEL,322,S2,374407
TEL,323,S2,374427
TEL,324,S2,374447
TEL,325,S2,374467
TEL,326,S2,374487
TEL,327,S2,374507
TEL,328,S2,374527
TEL,329,S2,374547
TEL,330,S2,374567
TEL,331,S2,374587
TEL,332,S2,374607
TEL,333,S2,374627
TEL,334,S2,374647
TEL,335,S2,374667
TEL,336,S2,374687
TEL,337,S2,374707
TEL,338,S2,374727
TEL,339,S2,374747
TEL,340,S2,374767
TEL,341,S2,374787
TEL,342,S2,374807
TEL,343,S2,374827
TEL,344,S2,374847
TEL,345,S2,374867
TEL,346,S2,374887
TEL,347,S2,374907
TEL,348,S2,374927
TEL,349,S2,374947
TEL,350,S2,374967
BTN,1,S2,PRESSED
TEL,351,S2,374987
TEL,352,S2,375007
TEL,353,S2,375027
TEL,354,S2,375047
TEL,355,S2,375067
TEL,356,S2,375087
TEL,357,S2,375107
TEL,358,S2,375127
TEL,359,S2,375147
TEL,360,S2,375167
TEL,361,S2,375187
TEL,362,S2,375207
TEL,363,S2,375227
BTN,2,S2,PRESSED
TEL,364,S2,375247
TEL,365,S2,375267
TEL,366,S2,375287
TEL,367,S2,375307
TEL,368,S2,375327
TEL,369,S2,375347
TEL,370,S2,375367
TEL,371,S2,375387
TEL,372,S2,375407
TEL,373,S2,375427
TEL,374,S2,375447
TEL,375,S2,375467
TEL,376,S2,375487
BTN,3,S2,PRESSED
TEL,377,S2,375507
TEL,378,S2,375527
TEL,379,S2,375547
TEL,380,S2,375567
TEL,381,S2,375587
TEL,382,S2,375607
TEL,383,S2,375627
TEL,384,S2,375647
TEL,385,S2,375667
TEL,386,S2,375687
TEL,387,S2,375707
TEL,388,S2,375727
TEL,389,S2,375747
TEL,390,S2,375767
TEL,391,S2,375787
TEL,392,S2,375807
TEL,393,S2,375827
TEL,394,S2,375847
TEL,395,S2,375867
TEL,396,S2,375887
TEL,397,S2,375907
BTN,4,S2,PRESSED
TEL,398,S2,375927
TEL,399,S2,375947
TEL,400,S2,375967
TEL,401,S2,375987
TEL,402,S2,376007
TEL,403,S2,376027
TEL,404,S2,376047
TEL,405,S2,376067
TEL,406,S2,376087
TEL,407,S2,376107
TEL,408,S2,376127
TEL,409,S2,376147
TEL,410,S2,376167
BTN,5,S2,PRESSED
TEL,411,S2,376187
TEL,412,S2,376207
TEL,413,S2,376227
TEL,414,S2,376247
TEL,415,S2,376267
TEL,416,S2,376287
TEL,417,S2,376307
TEL,418,S2,376327
TEL,419,S2,376347
TEL,420,S2,376367
TEL,421,S2,376387
TEL,422,S2,376407
TEL,423,S2,376427
TEL,424,S2,376447
TEL,425,S2,376467
TEL,426,S2,376487
TEL,427,S2,376507
TEL,428,S2,376527
TEL,429,S2,376547
TEL,430,S2,376567
TEL,431,S2,376587
BTN,6,S2,PRESSED
TEL,432,S2,376607
TEL,433,S2,376627
TEL,434,S2,376647
TEL,435,S2,376667
TEL,436,S2,376687
TEL,437,S2,376707
TEL,438,S2,376727
TEL,439,S2,376747
TEL,440,S2,376767
TEL,441,S2,376787
TEL,442,S2,376807
TEL,443,S2,376827
TEL,444,S2,376847
TEL,445,S2,376867
TEL,446,S2,376887
TEL,447,S2,376907
TEL,448,S2,376927
TEL,449,S2,376947
TEL,450,S2,376967
BTN,7,S2,PRESSED
TEL,451,S2,376987
TEL,452,S2,377007
TEL,453,S2,377027
TEL,454,S2,377047
TEL,455,S2,377067
TEL,456,S2,377087
TEL,457,S2,377107
TEL,458,S2,377127
TEL,459,S2,377147
TEL,460,S2,377167
TEL,461,S2,377187
TEL,462,S2,377207
TEL,463,S2,377227
TEL,464,S2,377247
TEL,465,S2,377267
TEL,466,S2,377287
TEL,467,S2,377307
TEL,468,S2,377327
TEL,469,S2,377347
BTN,8,S2,PRESSED
TEL,470,S2,377367
TEL,471,S2,377387
TEL,472,S2,377407
TEL,473,S2,377427
TEL,474,S2,377447
TEL,475,S2,377467
TEL,476,S2,377487
TEL,477,S2,377507
TEL,478,S2,377527
TEL,479,S2,377547
TEL,480,S2,377567
TEL,481,S2,377587
TEL,482,S2,377607
TEL,483,S2,377627
TEL,484,S2,377647
TEL,485,S2,377667
TEL,486,S2,377687
TEL,487,S2,377707
TEL,488,S2,377727
TEL,489,S2,377747
BTN,9,S2,PRESSED
TEL,490,S2,377767
TEL,491,S2,377787
TEL,492,S2,377807
TEL,493,S2,377827
TEL,494,S2,377847
TEL,495,S2,377867
TEL,496,S2,377887
TEL,497,S2,377907
TEL,498,S2,377927
TEL,499,S2,377947
TEL,500,S2,377967
TEL,501,S2,377987
TEL,502,S2,378007
TEL,503,S2,378027
TEL,504,S2,378047
TEL,505,S2,378067
TEL,506,S2,378087
TEL,507,S2,378107
TEL,508,S2,378127
TEL,509,S2,378147
TEL,510,S2,378167
TEL,511,S2,378187
BTN,10,S2,PRESSED
TEL,512,S2,378207
TEL,513,S2,378227
TEL,514,S2,378247
TEL,515,S2,378267
TEL,516,S2,378287
TEL,517,S2,378307
TEL,518,S2,378327
TEL,519,S2,378347
TEL,520,S2,378367
TEL,521,S2,378387
TEL,522,S2,378407
TEL,523,S2,378427
TEL,524,S2,378447
TEL,525,S2,378467
TEL,526,S2,378487
TEL,527,S2,378507
TEL,528,S2,378527
TEL,529,S2,378547
TEL,530,S2,378567
TEL,531,S2,378587
TEL,532,S2,378607
BTN,11,S2,PRESSED
TEL,533,S2,378627
TEL,534,S2,378647
TEL,535,S2,378667
TEL,536,S2,378687
TEL,537,S2,378707
TEL,538,S2,378727
TEL,539,S2,378747
TEL,540,S2,378767
TEL,541,S2,378787
TEL,542,S2,378807
TEL,543,S2,378827
TEL,544,S2,378847
TEL,545,S2,378867
TEL,546,S2,378887
TEL,547,S2,378907
TEL,548,S2,378927
TEL,549,S2,378947
TEL,550,S2,378967
TEL,551,S2,378987
TEL,552,S2,379007
BTN,12,S2,PRESSED
TEL,553,S2,379027
TEL,554,S2,379047
TEL,555,S2,379067
TEL,556,S2,379087
TEL,557,S2,379107
TEL,558,S2,379127
TEL,559,S2,379147
TEL,560,S2,379167
TEL,561,S2,379187
TEL,562,S2,379207
TEL,563,S2,379227
TEL,564,S2,379247
TEL,565,S2,379267
TEL,566,S2,379287
TEL,567,S2,379307
TEL,568,S2,379327
TEL,569,S2,379347
TEL,570,S2,379367
TEL,571,S2,379387
BTN,13,S2,PRESSED
TEL,572,S2,379407
TEL,573,S2,379427
TEL,574,S2,379447
TEL,575,S2,379467
TEL,576,S2,379487
TEL,577,S2,379507
TEL,578,S2,379527
TEL,579,S2,379547
TEL,580,S2,379567
TEL,581,S2,379587
TEL,582,S2,379607
TEL,583,S2,379627
TEL,584,S2,379647
TEL,585,S2,379667
TEL,586,S2,379687
TEL,587,S2,379707
TEL,588,S2,379727
TEL,589,S2,379747
TEL,590,S2,379767
TEL,591,S2,379787
TEL,592,S2,379807
TEL,593,S2,379827
BTN,14,S2,PRESSED
TEL,594,S2,379847
TEL,595,S2,379867
TEL,596,S2,379887
TEL,597,S2,379907
TEL,598,S2,379927
TEL,599,S2,379947
TEL,600,S2,379967
TEL,601,S2,379987
TEL,602,S2,380007
TEL,603,S2,380027
TEL,604,S2,380047
TEL,605,S2,380067
TEL,606,S2,380087
TEL,607,S2,380107
TEL,608,S2,380127
TEL,609,S2,380147
TEL,610,S2,380167
TEL,611,S2,380187
TEL,612,S2,380207
TEL,613,S2,380227
TEL,614,S2,380247
BTN,15,S2,PRESSED
TEL,615,S2,380267
TEL,616,S2,380287
TEL,617,S2,380307
TEL,618,S2,380327
TEL,619,S2,380347
TEL,620,S2,380367
TEL,621,S2,380387
TEL,622,S2,380407
TEL,623,S2,380427
TEL,624,S2,380447
TEL,625,S2,380467
TEL,626,S2,380487
TEL,627,S2,380507
TEL,628,S2,380527
TEL,629,S2,380547
TEL,630,S2,380567
TEL,631,S2,380587
TEL,632,S2,380607
TEL,633,S2,380627
TEL,634,S2,380647
TEL,635,S2,380667
TEL,636,S2,380687
BTN,16,S2,PRESSED
TEL,637,S2,380707
TEL,638,S2,380727
TEL,639,S2,380747
TEL,640,S2,380767
TEL,641,S2,380787
TEL,642,S2,380807
TEL,643,S2,380827
TEL,644,S2,380847
TEL,645,S2,380867
TEL,646,S2,380887
TEL,647,S2,380907
TEL,648,S2,380927
TEL,649,S2,380947
TEL,650,S2,380967
TEL,651,S2,380987
TEL,652,S2,381007
TEL,653,S2,381027
TEL,654,S2,381047
TEL,655,S2,381067
TEL,656,S2,381087
TEL,657,S2,381107
TEL,658,S2,381127
TEL,659,S2,381147
BTN,17,S2,PRESSED
TEL,660,S2,381167
TEL,661,S2,381187
TEL,662,S2,381207
TEL,663,S2,381227
TEL,664,S2,381247
TEL,665,S2,381267
TEL,666,S2,381287
TEL,667,S2,381307
TEL,668,S2,381327
TEL,669,S2,381347
TEL,670,S2,381367
TEL,671,S2,381387
TEL,672,S2,381407
TEL,673,S2,381427
TEL,674,S2,381447
TEL,675,S2,381467
TEL,676,S2,381487
TEL,677,S2,381507
TEL,678,S2,381527
TEL,679,S2,381547
TEL,680,S2,381567
TEL,681,S2,381587
TEL,682,S2,381607
BTN,18,S2,PRESSED
TEL,683,S2,381627
TEL,684,S2,381647
TEL,685,S2,381667
TEL,686,S2,381687
TEL,687,S2,381707
TEL,688,S2,381727
TEL,689,S2,381747
TEL,690,S2,381767
TEL,691,S2,381787
TEL,692,S2,381807
TEL,693,S2,381827
TEL,694,S2,381847
TEL,695,S2,381867
TEL,696,S2,381887
TEL,697,S2,381907
TEL,698,S2,381927
TEL,699,S2,381947
TEL,700,S2,381967
TEL,701,S2,381987
TEL,702,S2,382007
TEL,703,S2,382027
TEL,704,S2,382047
BTN,19,S2,PRESSED
TEL,705,S2,382067
TEL,706,S2,382087
TEL,707,S2,382107
TEL,708,S2,382127
TEL,709,S2,382147
TEL,710,S2,382167
TEL,711,S2,382187
TEL,712,S2,382207
TEL,713,S2,382227
TEL,714,S2,382247
TEL,715,S2,382267
TEL,716,S2,382287
TEL,717,S2,382307
TEL,718,S2,382327
TEL,719,S2,382347
TEL,720,S2,382367
TEL,721,S2,382387
TEL,722,S2,382407
TEL,723,S2,382427
BTN,20,S2,PRESSED
TEL,724,S2,382447
TEL,725,S2,382467
TEL,726,S2,382487
TEL,727,S2,382507
TEL,728,S2,382527
TEL,729,S2,382547
TEL,730,S2,382567
TEL,731,S2,382587
TEL,732,S2,382607
TEL,733,S2,382627
TEL,734,S2,382647
TEL,735,S2,382667
TEL,736,S2,382687
TEL,737,S2,382707
TEL,738,S2,382727
TEL,739,S2,382747
TEL,740,S2,382767
TEL,741,S2,382787
BTN,21,S2,PRESSED
TEL,742,S2,382807
TEL,743,S2,382827
TEL,744,S2,382847
TEL,745,S2,382867
TEL,746,S2,382887
TEL,747,S2,382907
TEL,748,S2,382927
TEL,749,S2,382947
TEL,750,S2,382967
TEL,751,S2,382987
TEL,752,S2,383007
TEL,753,S2,383027
TEL,754,S2,383047
TEL,755,S2,383067
TEL,756,S2,383087
TEL,757,S2,383107
TEL,758,S2,383127
TEL,759,S2,383147
TEL,760,S2,383167
TEL,761,S2,383187
TEL,762,S2,383207
TEL,763,S2,383227
TEL,764,S2,383247
TEL,765,S2,383267
TEL,766,S2,383287
TEL,767,S2,383307
TEL,768,S2,383327
TEL,769,S2,383347
TEL,770,S2,383367
TEL,771,S2,383387
TEL,772,S2,383407
TEL,773,S2,383427
TEL,774,S2,383447
TEL,775,S2,383467
TEL,776,S2,383487
TEL,777,S2,383507
TEL,778,S2,383527
TEL,779,S2,383547
TEL,780,S2,383567
TEL,781,S2,383587
TEL,782,S2,383607
REC,S2,1,375166386,12,29,57,5613,ok
REC,S2,2,375426806,12,29,59,5618,ok
REC,S2,3,375690941,12,29,57,5608,ok
REC,S2,4,376106502,12,30,57,5613,ok
REC,S2,5,376357837,12,33,5071,10630,ok
REC,S2,6,376794460,12,29,57,5615,ok
REC,S2,7,377158694,12,29,4217,9776,ok
REC,S2,8,377549915,12,29,57,5608,ok
REC,S2,9,377951342,12,30,57,5612,ok
REC,S2,10,378379378,12,29,3531,9090,ok
REC,S2,11,378805752,12,29,57,5614,ok
REC,S2,12,379210034,12,29,57,5615,ok
REC,S2,13,379585063,12,30,57,5610,ok
REC,S2,14,380023430,12,30,57,5611,ok
REC,S2,15,380454054,12,29,57,5608,ok
REC,S2,16,380885489,12,30,58,5608,ok
REC,S2,17,381356964,12,29,57,5609,ok
REC,S2,18,381799190,12,29,3715,9274,ok
REC,S2,19,382239043,12,29,3860,9419,ok
REC,S2,20,382635763,12,29,57,5611,ok
REC,S2,21,382984620,12,29,57,5613,ok
WRK,S2,0,0,0,0,0
SUM,S2,21,155,0,0,0,0,0,785,0,1,0,17,0
END,21
