INF,S2,20,0,0,20886
TEL,1,S2,1475821
TEL,2,S2,1475841
TEL,3,S2,1475861
TEL,4,S2,1475881
TEL,5,S2,1475901
TEL,6,S2,1475921
TEL,7,S2,1475941
TEL,8,S2,1475961
TEL,9,S2,1475981
TEL,10,S2,1476001
TEL,11,S2,1476021
TEL,12,S2,1476041
TEL,13,S2,1476061
TEL,14,S2,1476081
TEL,15,S2,1476101
TEL,16,S2,1476121
TEL,17,S2,1476141
TEL,18,S2,1476161
TEL,19,S2,1476181
TEL,20,S2,1476201
TEL,21,S2,1476221
TEL,22,S2,1476241
TEL,23,S2,1476261
TEL,24,S2,1476281
TEL,25,S2,1476301
TEL,26,S2,1476321
TEL,27,S2,1476341
TEL,28,S2,1476361
TEL,29,S2,1476381
TEL,30,S2,1476401
TEL,31,S2,1476421
TEL,32,S2,1476441
TEL,33,S2,1476461
TEL,34,S2,1476481
TEL,35,S2,1476501
TEL,36,S2,1476521
TEL,37,S2,1476541
TEL,38,S2,1476561
TEL,39,S2,1476581
TEL,40,S2,1476601
TEL,41,S2,1476621
TEL,42,S2,1476641
TEL,43,S2,1476661
TEL,44,S2,1476681
TEL,45,S2,1476701
TEL,46,S2,1476721
TEL,47,S2,1476741
TEL,48,S2,1476761
TEL,49,S2,1476781
TEL,50,S2,1476801
TEL,51,S2,1476821
TEL,52,S2,1476841
TEL,53,S2,1476861
TEL,54,S2,1476881
TEL,55,S2,1476901
TEL,56,S2,1476921
TEL,57,S2,1476941
TEL,58,S2,1476961
TEL,59,S2,1476981
TEL,60,S2,1477001
TEL,61,S2,1477021
TEL,62,S2,1477041
TEL,63,S2,1477061
TEL,64,S2,1477081
TEL,65,S2,1477101
TEL,66,S2,1477121
TEL,67,S2,1477141
TEL,68,S2,1477161
TEL,69,S2,1477181
TEL,70,S2,1477201
TEL,71,S2,1477221
TEL,72,S2,1477241
TEL,73,S2,1477261
TEL,74,S2,1477281
TEL,75,S2,1477301
TEL,76,S2,1477321
TEL,77,S2,1477341
TEL,78,S2,1477361
TEL,79,S2,1477381
TEL,80,S2,1477401
TEL,81,S2,1477421
TEL,82,S2,1477441
TEL,83,S2,1477461
TEL,84,S2,1477481
TEL,85,S2,1477501
TEL,86,S2,1477521
TEL,87,S2,1477541
TEL,88,S2,1477561
TEL,89,S2,1477581
TEL,90,S2,1477601
TEL,91,S2,1477621
TEL,92,S2,1477641
TEL,93,S2,1477661
TEL,94,S2,1477681
TEL,95,S2,1477701
TEL,96,S2,1477721
TEL,97,S2,1477741
TEL,98,S2,1477761
TEL,99,S2,1477781
TEL,100,S2,1477801
TEL,101,S2,1477821
TEL,102,S2,1477841
TEL,103,S2,1477861
TEL,104,S2,1477881
TEL,105,S2,1477901
TEL,106,S2,1477921
TEL,107,S2,1477941
TEL,108,S2,1477961
TEL,109,S2,1477981
TEL,110,S2,1478001
TEL,111,S2,1478021
TEL,112,S2,1478041
TEL,113,S2,1478061
TEL,114,S2,1478081
TEL,115,S2,1478101
TEL,116,S2,1478121
TEL,117,S2,1478141
TEL,118,S2,1478161
TEL,119,S2,1478181
TEL,120,S2,1478201
TEL,121,S2,1478221
TEL,122,S2,1478241
TEL,123,S2,1478261
TEL,124,S2,1478281
TEL,125,S2,1478301
TEL,126,S2,1478321
TEL,127,S2,1478341
TEL,128,S2,1478361
TEL,129,S2,1478381
TEL,130,S2,1478401
TEL,131,S2,1478421
TEL,132,S2,1478441
TEL,133,S2,1478461
TEL,134,S2,1478481
TEL,135,S2,1478501
TEL,136,S2,1478521
TEL,137,S2,1478541
TEL,138,S2,1478561
TEL,139,S2,1478581
TEL,140,S2,1478601
TEL,141,S2,1478621
TEL,142,S2,1478641
TEL,143,S2,1478661
TEL,144,S2,1478681
TEL,145,S2,1478701
TEL,146,S2,1478721
TEL,147,S2,1478741
TEL,148,S2,1478761
TEL,149,S2,1478781
TEL,150,S2,1478801
TEL,151,S2,1478821
TEL,152,S2,1478841
TEL,153,S2,1478861
TEL,154,S2,1478881
TEL,155,S2,1478901
TEL,156,S2,1478921
TEL,157,S2,1478941
TEL,158,S2,1478961
TEL,159,S2,1478981
TEL,160,S2,1479001
TEL,161,S2,1479021
TEL,162,S2,1479041
TEL,163,S2,1479061
TEL,164,S2,1479081
TEL,165,S2,1479101
TEL,166,S2,1479121
TEL,167,S2,1479141
TEL,168,S2,1479161
TEL,169,S2,1479181
TEL,170,S2,1479201
TEL,171,S2,1479221
TEL,172,S2,1479241
TEL,173,S2,1479261
TEL,174,S2,1479281
TEL,175,S2,1479301
TEL,176,S2,1479321
TEL,177,S2,1479341
TEL,178,S2,1479361
TEL,179,S2,1479381
TEL,180,S2,1479401
TEL,181,S2,1479421
TEL,182,S2,1479441
TEL,183,S2,1479461
TEL,184,S2,1479481
TEL,185,S2,1479501
TEL,186,S2,1479521
TEL,187,S2,1479541
TEL,188,S2,1479561
TEL,189,S2,1479581
TEL,190,S2,1479601
TEL,191,S2,1479621
TEL,192,S2,1479641
TEL,193,S2,1479661
TEL,194,S2,1479681
TEL,195,S2,1479701
TEL,196,S2,1479721
TEL,197,S2,1479741
TEL,198,S2,1479761
TEL,199,S2,1479781
TEL,200,S2,1479801
TEL,201,S2,1479821
TEL,202,S2,1479841
TEL,203,S2,1479861
TEL,204,S2,1479881
TEL,205,S2,1479901
TEL,206,S2,1479921
TEL,207,S2,1479941
TEL,208,S2,1479961
TEL,209,S2,1479981
TEL,210,S2,1480001
TEL,211,S2,1480021
TEL,212,S2,1480041
TEL,213,S2,1480061
TEL,214,S2,1480081
TEL,215,S2,1480101
TEL,216,S2,1480121
TEL,217,S2,1480141
TEL,218,S2,1480161
TEL,219,S2,1480181
TEL,220,S2,1480201
TEL,221,S2,1480221
TEL,222,S2,1480241
TEL,223,S2,1480261
TEL,224,S2,1480281
TEL,225,S2,1480301
TEL,226,S2,1480321
TEL,227,S2,1480341
TEL,228,S2,1480361
TEL,229,S2,1480381
TEL,230,S2,1480401
TEL,231,S2,1480421
TEL,232,S2,1480441
TEL,233,S2,1480461
TEL,234,S2,1480481
TEL,235,S2,1480501
TEL,236,S2,1480521
TEL,237,S2,1480541
TEL,238,S2,1480561
TEL,239,S2,1480581
TEL,240,S2,1480601
TEL,241,S2,1480621
TEL,242,S2,1480641
TEL,243,S2,1480661
TEL,244,S2,1480681
TEL,245,S2,1480701
TEL,246,S2,1480721
TEL,247,S2,1480741
TEL,248,S2,1480761
TEL,249,S2,1480781
TEL,250,S2,1480801
TEL,251,S2,1480821
TEL,252,S2,1480841
TEL,253,S2,1480861
TEL,254,S2,1480881
TEL,255,S2,1480901
TEL,256,S2,1480921
TEL,257,S2,1480941
TEL,258,S2,1480961
TEL,259,S2,1480981
TEL,260,S2,1481001
TEL,261,S2,1481021
TEL,262,S2,1481041
TEL,263,S2,1481061
TEL,264,S2,1481081
TEL,265,S2,1481101
TEL,266,S2,1481121
TEL,267,S2,1481141
TEL,268,S2,1481161
TEL,269,S2,1481181
TEL,270,S2,1481201
TEL,271,S2,1481221
TEL,272,S2,1481241
TEL,273,S2,1481261
TEL,274,S2,1481281
TEL,275,S2,1481301
TEL,276,S2,1481321
TEL,277,S2,1481341
TEL,278,S2,1481361
TEL,279,S2,1481381
TEL,280,S2,1481401
TEL,281,S2,1481421
TEL,282,S2,1481441
TEL,283,S2,1481461
TEL,284,S2,1481481
TEL,285,S2,1481501
TEL,286,S2,1481521
TEL,287,S2,1481541
TEL,288,S2,1481561
TEL,289,S2,1481581
TEL,290,S2,1481601
TEL,291,S2,1481621
TEL,292,S2,1481641
TEL,293,S2,1481661
TEL,294,S2,1481681
TEL,295,S2,1481701
TEL,296,S2,1481721
TEL,297,S2,1481741
TEL,298,S2,1481761
TEL,299,S2,1481781
TEL,300,S2,1481801
TEL,301,S2,1481821
TEL,302,S2,1481841
TEL,303,S2,1481861
TEL,304,S2,1481881
TEL,305,S2,1481901
TEL,306,S2,1481921
TEL,307,S2,1481941
TEL,308,S2,1481961
TEL,309,S2,1481981
TEL,310,S2,1482001
TEL,311,S2,1482021
TEL,312,S2,1482041
TEL,313,S2,1482061
TEL,314,S2,1482081
TEL,315,S2,1482101
TEL,316,S2,1482121
TEL,317,S2,1482141
TEL,318,S2,1482161
TEL,319,S2,1482181
TEL,320,S2,1482201
TEL,321,S2,1482221
TEL,322,S2,1482241
TEL,323,S2,1482261
TEL,324,S2,1482281
TEL,325,S2,1482301
TEL,326,S2,1482321
TEL,327,S2,1482341
TEL,328,S2,1482361
TEL,329,S2,1482381
TEL,330,S2,1482401
TEL,331,S2,1482421
TEL,332,S2,1482441
TEL,333,S2,1482461
TEL,334,S2,1482481
TEL,335,S2,1482501
TEL,336,S2,1482521
TEL,337,S2,1482541
TEL,338,S2,1482561
TEL,339,S2,1482581
TEL,340,S2,1482601
TEL,341,S2,1482621
BTN,1,S2,PRESSED
TEL,342,S2,1482641
TEL,343,S2,1482661
TEL,344,S2,1482681
TEL,345,S2,1482701
TEL,346,S2,1482721
TEL,347,S2,1482741
TEL,348,S2,1482761
TEL,349,S2,1482781
TEL,350,S2,1482801
TEL,351,S2,1482821
TEL,352,S2,1482841
TEL,353,S2,1482861
TEL,354,S2,1482881
TEL,355,S2,1482901
BTN,2,S2,PRESSED
TEL,356,S2,1482921
TEL,357,S2,1482941
TEL,358,S2,1482961
TEL,359,S2,1482981
TEL,360,S2,1483001
TEL,361,S2,1483021
TEL,362,S2,1483041
TEL,363,S2,1483061
TEL,364,S2,1483081
TEL,365,S2,1483101
TEL,366,S2,1483121
TEL,367,S2,1483141
TEL,368,S2,1483161
TEL,369,S2,1483181
TEL,370,S2,1483201
TEL,371,S2,1483221
TEL,372,S2,1483241
TEL,373,S2,1483261
TEL,374,S2,1483281
TEL,375,S2,1483301
TEL,376,S2,1483321
TEL,377,S2,1483341
BTN,3,S2,PRESSED
TEL,378,S2,1483361
TEL,379,S2,1483381
TEL,380,S2,1483401
TEL,381,S2,1483421
TEL,382,S2,1483441
TEL,383,S2,1483461
TEL,384,S2,1483481
TEL,385,S2,1483501
TEL,386,S2,1483521
TEL,387,S2,1483541
TEL,388,S2,1483561
TEL,389,S2,1483581
TEL,390,S2,1483601
TEL,391,S2,1483621
TEL,392,S2,1483641
TEL,393,S2,1483661
TEL,394,S2,1483681
TEL,395,S2,1483701
TEL,396,S2,1483721
TEL,397,S2,1483741
BTN,4,S2,PRESSED
TEL,398,S2,1483761
TEL,399,S2,1483781
TEL,400,S2,1483801
TEL,401,S2,1483821
TEL,402,S2,1483841
TEL,403,S2,1483861
TEL,404,S2,1483881
TEL,405,S2,1483901
TEL,406,S2,1483921
TEL,407,S2,1483941
TEL,408,S2,1483961
TEL,409,S2,1483981
TEL,410,S2,1484001
TEL,411,S2,1484021
TEL,412,S2,1484041
TEL,413,S2,1484061
TEL,414,S2,1484081
TEL,415,S2,1484101
TEL,416,S2,1484121
BTN,5,S2,PRESSED
TEL,417,S2,1484141
TEL,418,S2,1484161
TEL,419,S2,1484181
TEL,420,S2,1484201
TEL,421,S2,1484221
TEL,422,S2,1484241
TEL,423,S2,1484261
TEL,424,S2,1484281
TEL,425,S2,1484301
TEL,426,S2,1484321
TEL,427,S2,1484341
TEL,428,S2,1484361
TEL,429,S2,1484381
TEL,430,S2,1484401
TEL,431,S2,1484421
TEL,432,S2,1484441
TEL,433,S2,1484461
TEL,434,S2,1484481
TEL,435,S2,1484501
TEL,436,S2,1484521
TEL,437,S2,1484541
BTN,6,S2,PRESSED
TEL,438,S2,1484561
TEL,439,S2,1484581
TEL,440,S2,1484601
TEL,441,S2,1484621
TEL,442,S2,1484641
TEL,443,S2,1484661
TEL,444,S2,1484681
TEL,445,S2,1484701
TEL,446,S2,1484721
TEL,447,S2,1484741
TEL,448,S2,1484761
TEL,449,S2,1484781
TEL,450,S2,1484801
TEL,451,S2,1484821
TEL,452,S2,1484841
TEL,453,S2,1484861
TEL,454,S2,1484881
TEL,455,S2,1484901
TEL,456,S2,1484921
TEL,457,S2,1484941
BTN,7,S2,PRESSED
TEL,458,S2,1484961
TEL,459,S2,1484981
TEL,460,S2,1485001
TEL,461,S2,1485021
TEL,462,S2,1485041
TEL,463,S2,1485061
TEL,464,S2,1485081
TEL,465,S2,1485101
TEL,466,S2,1485121
TEL,467,S2,1485141
TEL,468,S2,1485161
TEL,469,S2,1485181
TEL,470,S2,1485201
TEL,471,S2,1485221
TEL,472,S2,1485241
TEL,473,S2,1485261
TEL,474,S2,1485281
TEL,475,S2,1485301
TEL,476,S2,1485321
TEL,477,S2,1485341
TEL,478,S2,1485361
TEL,479,S2,1485381
TEL,480,S2,1485401
BTN,8,S2,PRESSED
TEL,481,S2,1485421
TEL,482,S2,1485441
TEL,483,S2,1485461
TEL,484,S2,1485481
TEL,485,S2,1485501
TEL,486,S2,1485521
TEL,487,S2,1485541
TEL,488,S2,1485561
TEL,489,S2,1485581
TEL,490,S2,1485601
TEL,491,S2,1485621
TEL,492,S2,1485641
TEL,493,S2,1485661
TEL,494,S2,1485681
TEL,495,S2,1485701
TEL,496,S2,1485721
TEL,497,S2,1485741
TEL,498,S2,1485761
TEL,499,S2,1485781
TEL,500,S2,1485801
TEL,501,S2,1485821
BTN,9,S2,PRESSED
TEL,502,S2,1485841
TEL,503,S2,1485861
TEL,504,S2,1485881
TEL,505,S2,1485901
TEL,506,S2,1485921
TEL,507,S2,1485941
TEL,508,S2,1485961
TEL,509,S2,1485981
TEL,510,S2,1486001
TEL,511,S2,1486021
TEL,512,S2,1486041
TEL,513,S2,1486061
TEL,514,S2,1486081
TEL,515,S2,1486101
TEL,516,S2,1486121
TEL,517,S2,1486141
TEL,518,S2,1486161
TEL,519,S2,1486181
TEL,520,S2,1486201
TEL,521,S2,1486221
TEL,522,S2,1486241
TEL,523,S2,1486261
BTN,10,S2,PRESSED
TEL,524,S2,1486281
TEL,525,S2,1486301
TEL,526,S2,1486321
TEL,527,S2,1486341
TEL,528,S2,1486361
TEL,529,S2,1486381
TEL,530,S2,1486401
TEL,531,S2,1486421
TEL,532,S2,1486441
TEL,533,S2,1486461
TEL,534,S2,1486481
TEL,535,S2,1486501
TEL,536,S2,1486521
TEL,537,S2,1486541
TEL,538,S2,1486561
TEL,539,S2,1486581
TEL,540,S2,1486601
TEL,541,S2,1486621
TEL,542,S2,1486641
TEL,543,S2,1486661
TEL,544,S2,1486681
BTN,11,S2,PRESSED
TEL,545,S2,1486701
TEL,546,S2,1486721
TEL,547,S2,1486741
TEL,548,S2,1486761
TEL,549,S2,1486781
TEL,550,S2,1486801
TEL,551,S2,1486821
TEL,552,S2,1486841
TEL,553,S2,1486861
TEL,554,S2,1486881
TEL,555,S2,1486901
TEL,556,S2,1486921
TEL,557,S2,1486941
TEL,558,S2,1486961
TEL,559,S2,1486981
TEL,560,S2,1487001
TEL,561,S2,1487021
TEL,562,S2,1487041
TEL,563,S2,1487061
TEL,564,S2,1487081
TEL,565,S2,1487101
TEL,566,S2,1487121
BTN,12,S2,PRESSED
TEL,567,S2,1487141
TEL,568,S2,1487161
TEL,569,S2,1487181
TEL,570,S2,1487201
TEL,571,S2,1487221
TEL,572,S2,1487241
TEL,573,S2,1487261
TEL,574,S2,1487281
TEL,575,S2,1487301
TEL,576,S2,1487321
TEL,577,S2,1487341
TEL,578,S2,1487361
TEL,579,S2,1487381
TEL,580,S2,1487401
TEL,581,S2,1487421
TEL,582,S2,1487441
TEL,583,S2,1487461
TEL,584,S2,1487481
TEL,585,S2,1487501
TEL,586,S2,1487521
TEL,587,S2,1487541
TEL,588,S2,1487561
BTN,13,S2,PRESSED
TEL,589,S2,1487581
TEL,590,S2,1487601
TEL,591,S2,1487621
TEL,592,S2,1487641
TEL,593,S2,1487661
TEL,594,S2,1487681
TEL,595,S2,1487701
TEL,596,S2,1487721
TEL,597,S2,1487741
TEL,598,S2,1487761
TEL,599,S2,1487781
TEL,600,S2,1487801
TEL,601,S2,1487821
TEL,602,S2,1487841
TEL,603,S2,1487861
TEL,604,S2,1487881
TEL,605,S2,1487901
TEL,606,S2,1487921
TEL,607,S2,1487941
TEL,608,S2,1487961
TEL,609,S2,1487981
TEL,610,S2,1488001
TEL,611,S2,1488021
BTN,14,S2,PRESSED
TEL,612,S2,1488041
TEL,613,S2,1488061
TEL,614,S2,1488081
TEL,615,S2,1488101
TEL,616,S2,1488121
TEL,617,S2,1488141
TEL,618,S2,1488161
TEL,619,S2,1488181
TEL,620,S2,1488201
TEL,621,S2,1488221
TEL,622,S2,1488241
TEL,623,S2,1488261
TEL,624,S2,1488281
TEL,625,S2,1488301
TEL,626,S2,1488321
TEL,627,S2,1488341
TEL,628,S2,1488361
TEL,629,S2,1488381
TEL,630,S2,1488401
TEL,631,S2,1488421
TEL,632,S2,1488441
TEL,633,S2,1488461
BTN,15,S2,PRESSED
TEL,634,S2,1488481
TEL,635,S2,1488501
TEL,636,S2,1488521
TEL,637,S2,1488541
TEL,638,S2,1488561
TEL,639,S2,1488581
TEL,640,S2,1488601
TEL,641,S2,1488621
TEL,642,S2,1488641
TEL,643,S2,1488661
TEL,644,S2,1488681
TEL,645,S2,1488701
TEL,646,S2,1488721
TEL,647,S2,1488741
TEL,648,S2,1488761
TEL,649,S2,1488781
TEL,650,S2,1488801
TEL,651,S2,1488821
TEL,652,S2,1488841
TEL,653,S2,1488861
TEL,654,S2,1488881
TEL,655,S2,1488901
TEL,656,S2,1488921
BTN,16,S2,PRESSED
TEL,657,S2,1488941
TEL,658,S2,1488961
TEL,659,S2,1488981
TEL,660,S2,1489001
TEL,661,S2,1489021
TEL,662,S2,1489041
TEL,663,S2,1489061
TEL,664,S2,1489081
TEL,665,S2,1489101
TEL,666,S2,1489121
TEL,667,S2,1489141
TEL,668,S2,1489161
TEL,669,S2,1489181
TEL,670,S2,1489201
TEL,671,S2,1489221
TEL,672,S2,1489241
TEL,673,S2,1489261
TEL,674,S2,1489281
TEL,675,S2,1489301
TEL,676,S2,1489321
TEL,677,S2,1489341
TEL,678,S2,1489361
TEL,679,S2,1489381
BTN,17,S2,PRESSED
TEL,680,S2,1489401
TEL,681,S2,1489421
TEL,682,S2,1489441
TEL,683,S2,1489461
TEL,684,S2,1489481
TEL,685,S2,1489501
TEL,686,S2,1489521
TEL,687,S2,1489541
TEL,688,S2,1489561
TEL,689,S2,1489581
TEL,690,S2,1489601
TEL,691,S2,1489621
TEL,692,S2,1489641
TEL,693,S2,1489661
TEL,694,S2,1489681
TEL,695,S2,1489701
TEL,696,S2,1489721
TEL,697,S2,1489741
TEL,698,S2,1489761
TEL,699,S2,1489781
TEL,700,S2,1489801
TEL,701,S2,1489821
TEL,702,S2,1489841
BTN,18,S2,PRESSED
TEL,703,S2,1489861
TEL,704,S2,1489881
TEL,705,S2,1489901
TEL,706,S2,1489921
TEL,707,S2,1489941
TEL,708,S2,1489961
TEL,709,S2,1489981
TEL,710,S2,1490001
TEL,711,S2,1490021
TEL,712,S2,1490041
TEL,713,S2,1490061
TEL,714,S2,1490081
TEL,715,S2,1490101
TEL,716,S2,1490121
TEL,717,S2,1490141
TEL,718,S2,1490161
TEL,719,S2,1490181
TEL,720,S2,1490201
TEL,721,S2,1490221
TEL,722,S2,1490241
TEL,723,S2,1490261
TEL,724,S2,1490281
TEL,725,S2,1490301
TEL,726,S2,1490321
TEL,727,S2,1490341
TEL,728,S2,1490361
TEL,729,S2,1490381
TEL,730,S2,1490401
TEL,731,S2,1490421
TEL,732,S2,1490441
TEL,733,S2,1490461
TEL,734,S2,1490481
BTN,19,S2,PRESSED
TEL,735,S2,1490501
TEL,736,S2,1490521
TEL,737,S2,1490541
TEL,738,S2,1490561
TEL,739,S2,1490581
TEL,740,S2,1490601
TEL,741,S2,1490621
TEL,742,S2,1490641
TEL,743,S2,1490661
TEL,744,S2,1490681
TEL,745,S2,1490701
TEL,746,S2,1490721
TEL,747,S2,1490741
TEL,748,S2,1490761
TEL,749,S2,1490781
TEL,750,S2,1490801
TEL,751,S2,1490821
TEL,752,S2,1490841
TEL,753,S2,1490861
BTN,20,S2,PRESSED
TEL,754,S2,1490881
TEL,755,S2,1490901
TEL,756,S2,1490921
TEL,757,S2,1490941
TEL,758,S2,1490961
TEL,759,S2,1490981
TEL,760,S2,1491001
TEL,761,S2,1491021
TEL,762,S2,1491041
TEL,763,S2,1491061
TEL,764,S2,1491081
TEL,765,S2,1491101
TEL,766,S2,1491121
TEL,767,S2,1491141
TEL,768,S2,1491161
TEL,769,S2,1491181
TEL,770,S2,1491201
TEL,771,S2,1491221
TEL,772,S2,1491241
BTN,21,S2,PRESSED
TEL,773,S2,1491261
TEL,774,S2,1491281
TEL,775,S2,1491301
TEL,776,S2,1491321
TEL,777,S2,1491341
TEL,778,S2,1491361
TEL,779,S2,1491381
TEL,780,S2,1491401
TEL,781,S2,1491421
TEL,782,S2,1491441
TEL,783,S2,1491461
TEL,784,S2,1491481
TEL,785,S2,1491501
TEL,786,S2,1491521
TEL,787,S2,1491541
TEL,788,S2,1491561
TEL,789,S2,1491581
TEL,790,S2,1491601
BTN,22,S2,PRESSED
TEL,791,S2,1491621
TEL,792,S2,1491641
TEL,793,S2,1491661
TEL,794,S2,1491681
TEL,795,S2,1491701
TEL,796,S2,1491721
TEL,797,S2,1491741
TEL,798,S2,1491761
TEL,799,S2,1491781
TEL,800,S2,1491801
TEL,801,S2,1491821
TEL,802,S2,1491841
TEL,803,S2,1491861
TEL,804,S2,1491881
TEL,805,S2,1491901
TEL,806,S2,1491921
TEL,807,S2,1491941
BTN,23,S2,PRESSED
TEL,808,S2,1491961
TEL,809,S2,1491981
TEL,810,S2,1492001
TEL,811,S2,1492021
TEL,812,S2,1492041
TEL,813,S2,1492061
TEL,814,S2,1492081
TEL,815,S2,1492101
TEL,816,S2,1492121
TEL,817,S2,1492141
TEL,818,S2,1492161
TEL,819,S2,1492181
TEL,820,S2,1492201
TEL,821,S2,1492221
TEL,822,S2,1492241
TEL,823,S2,1492261
TEL,824,S2,1492281
BTN,24,S2,PRESSED
TEL,825,S2,1492301
TEL,826,S2,1492321
TEL,827,S2,1492341
TEL,828,S2,1492361
TEL,829,S2,1492381
TEL,830,S2,1492401
TEL,831,S2,1492421
TEL,832,S2,1492441
TEL,833,S2,1492461
TEL,834,S2,1492481
TEL,835,S2,1492501
TEL,836,S2,1492521
TEL,837,S2,1492541
TEL,838,S2,1492561
TEL,839,S2,1492581
TEL,840,S2,1492601
TEL,841,S2,1492621
BTN,25,S2,PRESSED
TEL,842,S2,1492641
TEL,843,S2,1492661
TEL,844,S2,1492681
TEL,845,S2,1492701
TEL,846,S2,1492721
TEL,847,S2,1492741
TEL,848,S2,1492761
TEL,849,S2,1492781
TEL,850,S2,1492801
TEL,851,S2,1492821
TEL,852,S2,1492841
TEL,853,S2,1492861
TEL,854,S2,1492881
TEL,855,S2,1492901
TEL,856,S2,1492921
TEL,857,S2,1492941
BTN,26,S2,PRESSED
TEL,858,S2,1492961
TEL,859,S2,1492981
TEL,860,S2,1493001
TEL,861,S2,1493021
TEL,862,S2,1493041
TEL,863,S2,1493061
TEL,864,S2,1493081
TEL,865,S2,1493101
TEL,866,S2,1493121
TEL,867,S2,1493141
TEL,868,S2,1493161
TEL,869,S2,1493181
TEL,870,S2,1493201
TEL,871,S2,1493221
TEL,872,S2,1493241
TEL,873,S2,1493261
TEL,874,S2,1493281
BTN,27,S2,PRESSED
TEL,875,S2,1493301
TEL,876,S2,1493321
TEL,877,S2,1493341
TEL,878,S2,1493361
TEL,879,S2,1493381
TEL,880,S2,1493401
TEL,881,S2,1493421
TEL,882,S2,1493441
TEL,883,S2,1493461
TEL,884,S2,1493481
TEL,885,S2,1493501
TEL,886,S2,1493521
TEL,887,S2,1493541
TEL,888,S2,1493561
TEL,889,S2,1493581
TEL,890,S2,1493601
BTN,28,S2,PRESSED
TEL,891,S2,1493621
TEL,892,S2,1493641
TEL,893,S2,1493661
TEL,894,S2,1493681
TEL,895,S2,1493701
TEL,896,S2,1493721
TEL,897,S2,1493741
TEL,898,S2,1493761
TEL,899,S2,1493781
TEL,900,S2,1493801
TEL,901,S2,1493821
TEL,902,S2,1493841
TEL,903,S2,1493861
TEL,904,S2,1493881
TEL,905,S2,1493901
TEL,906,S2,1493921
BTN,29,S2,PRESSED
TEL,907,S2,1493941
TEL,908,S2,1493961
TEL,909,S2,1493981
TEL,910,S2,1494001
TEL,911,S2,1494021
TEL,912,S2,1494041
TEL,913,S2,1494061
TEL,914,S2,1494081
TEL,915,S2,1494101
TEL,916,S2,1494121
TEL,917,S2,1494141
TEL,918,S2,1494161
TEL,919,S2,1494181
TEL,920,S2,1494201
TEL,921,S2,1494221
BTN,30,S2,PRESSED
TEL,922,S2,1494241
TEL,923,S2,1494261
TEL,924,S2,1494281
TEL,925,S2,1494301
TEL,926,S2,1494321
TEL,927,S2,1494341
TEL,928,S2,1494361
TEL,929,S2,1494381
TEL,930,S2,1494401
TEL,931,S2,1494421
TEL,932,S2,1494441
TEL,933,S2,1494461
TEL,934,S2,1494481
TEL,935,S2,1494501
TEL,936,S2,1494521
BTN,31,S2,PRESSED
TEL,937,S2,1494541
TEL,938,S2,1494561
TEL,939,S2,1494581
TEL,940,S2,1494601
TEL,941,S2,1494621
TEL,942,S2,1494641
TEL,943,S2,1494661
TEL,944,S2,1494681
TEL,945,S2,1494701
TEL,946,S2,1494721
TEL,947,S2,1494741
TEL,948,S2,1494761
TEL,949,S2,1494781
TEL,950,S2,1494801
TEL,951,S2,1494821
TEL,952,S2,1494841
BTN,32,S2,PRESSED
TEL,953,S2,1494861
TEL,954,S2,1494881
TEL,955,S2,1494901
TEL,956,S2,1494921
TEL,957,S2,1494941
TEL,958,S2,1494961
TEL,959,S2,1494981
TEL,960,S2,1495001
TEL,961,S2,1495021
TEL,962,S2,1495041
TEL,963,S2,1495061
TEL,964,S2,1495081
TEL,965,S2,1495101
TEL,966,S2,1495121
TEL,967,S2,1495141
TEL,968,S2,1495161
BTN,33,S2,PRESSED
TEL,969,S2,1495181
TEL,970,S2,1495201
TEL,971,S2,1495221
TEL,972,S2,1495241
TEL,973,S2,1495261
TEL,974,S2,1495281
TEL,975,S2,1495301
TEL,976,S2,1495321
TEL,977,S2,1495341
TEL,978,S2,1495361
TEL,979,S2,1495381
TEL,980,S2,1495401
TEL,981,S2,1495421
TEL,982,S2,1495441
BTN,34,S2,PRESSED
TEL,983,S2,1495461
TEL,984,S2,1495481
TEL,985,S2,1495501
TEL,986,S2,1495521
TEL,987,S2,1495541
TEL,988,S2,1495561
TEL,989,S2,1495581
TEL,990,S2,1495601
TEL,991,S2,1495621
TEL,992,S2,1495641
TEL,993,S2,1495661
TEL,994,S2,1495681
TEL,995,S2,1495701
TEL,996,S2,1495721
TEL,997,S2,1495741
BTN,35,S2,PRESSED
TEL,998,S2,1495761
TEL,999,S2,1495781
TEL,1000,S2,1495801
TEL,1001,S2,1495821
TEL,1002,S2,1495841
TEL,1003,S2,1495861
TEL,1004,S2,1495881
TEL,1005,S2,1495901
TEL,1006,S2,1495921
TEL,1007,S2,1495941
TEL,1008,S2,1495961
TEL,1009,S2,1495981
TEL,1010,S2,1496001
TEL,1011,S2,1496021
TEL,1012,S2,1496041
BTN,36,S2,PRESSED
TEL,1013,S2,1496061
TEL,1014,S2,1496081
TEL,1015,S2,1496101
TEL,1016,S2,1496121
TEL,1017,S2,1496141
TEL,1018,S2,1496161
TEL,1019,S2,1496181
TEL,1020,S2,1496201
TEL,1021,S2,1496221
TEL,1022,S2,1496241
TEL,1023,S2,1496261
TEL,1024,S2,1496281
TEL,1025,S2,1496301
TEL,1026,S2,1496321
TEL,1027,S2,1496341
BTN,37,S2,PRESSED
TEL,1028,S2,1496361
TEL,1029,S2,1496381
TEL,1030,S2,1496401
TEL,1031,S2,1496421
TEL,1032,S2,1496441
TEL,1033,S2,1496461
TEL,1034,S2,1496481
TEL,1035,S2,1496501
TEL,1036,S2,1496521
TEL,1037,S2,1496541
TEL,1038,S2,1496561
TEL,1039,S2,1496581
TEL,1040,S2,1496601
TEL,1041,S2,1496621
TEL,1042,S2,1496641
BTN,38,S2,PRESSED
TEL,1043,S2,1496661
TEL,1044,S2,1496681
TEL,1045,S2,1496701
TEL,1046,S2,1496721
TEL,1047,S2,1496741
TEL,1048,S2,1496761
TEL,1049,S2,1496781
TEL,1050,S2,1496801
TEL,1051,S2,1496821
TEL,1052,S2,1496841
TEL,1053,S2,1496861
TEL,1054,S2,1496881
TEL,1055,S2,1496901
TEL,1056,S2,1496921
TEL,1057,S2,1496941
BTN,39,S2,PRESSED
TEL,1058,S2,1496961
TEL,1059,S2,1496981
TEL,1060,S2,1497001
TEL,1061,S2,1497021
TEL,1062,S2,1497041
TEL,1063,S2,1497061
TEL,1064,S2,1497081
TEL,1065,S2,1497101
TEL,1066,S2,1497121
TEL,1067,S2,1497141
TEL,1068,S2,1497161
TEL,1069,S2,1497181
TEL,1070,S2,1497201
TEL,1071,S2,1497221
TEL,1072,S2,1497241
BTN,40,S2,PRESSED
TEL,1073,S2,1497261
TEL,1074,S2,1497281
TEL,1075,S2,1497301
TEL,1076,S2,1497321
TEL,1077,S2,1497341
TEL,1078,S2,1497361
TEL,1079,S2,1497381
TEL,1080,S2,1497401
TEL,1081,S2,1497421
TEL,1082,S2,1497441
TEL,1083,S2,1497461
TEL,1084,S2,1497481
TEL,1085,S2,1497501
TEL,1086,S2,1497521
BTN,41,S2,PRESSED
TEL,1087,S2,1497541
TEL,1088,S2,1497561
TEL,1089,S2,1497581
TEL,1090,S2,1497601
TEL,1091,S2,1497621
TEL,1092,S2,1497641
TEL,1093,S2,1497661
TEL,1094,S2,1497681
TEL,1095,S2,1497701
TEL,1096,S2,1497721
TEL,1097,S2,1497741
TEL,1098,S2,1497761
TEL,1099,S2,1497781
TEL,1100,S2,1497801
BTN,42,S2,PRESSED
TEL,1101,S2,1497821
TEL,1102,S2,1497841
TEL,1103,S2,1497861
TEL,1104,S2,1497881
TEL,1105,S2,1497901
TEL,1106,S2,1497921
TEL,1107,S2,1497941
TEL,1108,S2,1497961
TEL,1109,S2,1497981
TEL,1110,S2,1498001
TEL,1111,S2,1498021
TEL,1112,S2,1498041
TEL,1113,S2,1498061
TEL,1114,S2,1498081
BTN,43,S2,PRESSED
TEL,1115,S2,1498101
TEL,1116,S2,1498121
TEL,1117,S2,1498141
TEL,1118,S2,1498161
TEL,1119,S2,1498181
TEL,1120,S2,1498201
TEL,1121,S2,1498221
TEL,1122,S2,1498241
TEL,1123,S2,1498261
TEL,1124,S2,1498281
TEL,1125,S2,1498301
TEL,1126,S2,1498321
TEL,1127,S2,1498341
BTN,44,S2,PRESSED
TEL,1128,S2,1498361
TEL,1129,S2,1498381
TEL,1130,S2,1498401
TEL,1131,S2,1498421
TEL,1132,S2,1498441
TEL,1133,S2,1498461
TEL,1134,S2,1498481
TEL,1135,S2,1498501
TEL,1136,S2,1498521
TEL,1137,S2,1498541
TEL,1138,S2,1498561
TEL,1139,S2,1498581
TEL,1140,S2,1498601
BTN,45,S2,PRESSED
TEL,1141,S2,1498621
TEL,1142,S2,1498641
TEL,1143,S2,1498661
TEL,1144,S2,1498681
TEL,1145,S2,1498701
TEL,1146,S2,1498721
TEL,1147,S2,1498741
TEL,1148,S2,1498761
TEL,1149,S2,1498781
TEL,1150,S2,1498801
TEL,1151,S2,1498821
TEL,1152,S2,1498841
TEL,1153,S2,1498861
TEL,1154,S2,1498881
BTN,46,S2,PRESSED
TEL,1155,S2,1498901
TEL,1156,S2,1498921
TEL,1157,S2,1498941
TEL,1158,S2,1498961
TEL,1159,S2,1498981
TEL,1160,S2,1499001
TEL,1161,S2,1499021
TEL,1162,S2,1499041
TEL,1163,S2,1499061
TEL,1164,S2,1499081
TEL,1165,S2,1499101
TEL,1166,S2,1499121
TEL,1167,S2,1499141
BTN,47,S2,PRESSED
TEL,1168,S2,1499161
TEL,1169,S2,1499181
TEL,1170,S2,1499201
TEL,1171,S2,1499221
TEL,1172,S2,1499241
TEL,1173,S2,1499261
TEL,1174,S2,1499281
TEL,1175,S2,1499301
TEL,1176,S2,1499321
TEL,1177,S2,1499341
TEL,1178,S2,1499361
TEL,1179,S2,1499381
TEL,1180,S2,1499401
TEL,1181,S2,1499421
TEL,1182,S2,1499441
TEL,1183,S2,1499461
TEL,1184,S2,1499481
TEL,1185,S2,1499501
TEL,1186,S2,1499521
TEL,1187,S2,1499541
TEL,1188,S2,1499561
TEL,1189,S2,1499581
TEL,1190,S2,1499601
TEL,1191,S2,1499621
TEL,1192,S2,1499641
TEL,1193,S2,1499661
BTN,48,S2,PRESSED
TEL,1194,S2,1499681
TEL,1195,S2,1499701
TEL,1196,S2,1499721
TEL,1197,S2,1499741
TEL,1198,S2,1499761
TEL,1199,S2,1499781
TEL,1200,S2,1499801
TEL,1201,S2,1499821
TEL,1202,S2,1499841
TEL,1203,S2,1499861
TEL,1204,S2,1499881
TEL,1205,S2,1499901
TEL,1206,S2,1499921
TEL,1207,S2,1499941
BTN,49,S2,PRESSED
TEL,1208,S2,1499961
TEL,1209,S2,1499981
TEL,1210,S2,1500001
TEL,1211,S2,1500021
TEL,1212,S2,1500041
TEL,1213,S2,1500061
TEL,1214,S2,1500081
TEL,1215,S2,1500101
TEL,1216,S2,1500121
TEL,1217,S2,1500141
TEL,1218,S2,1500161
TEL,1219,S2,1500181
TEL,1220,S2,1500201
TEL,1221,S2,1500221
BTN,50,S2,PRESSED
TEL,1222,S2,1500241
TEL,1223,S2,1500261
TEL,1224,S2,1500281
TEL,1225,S2,1500301
TEL,1226,S2,1500321
TEL,1227,S2,1500341
TEL,1228,S2,1500361
TEL,1229,S2,1500381
TEL,1230,S2,1500401
TEL,1231,S2,1500421
TEL,1232,S2,1500441
TEL,1233,S2,1500461
TEL,1234,S2,1500481
TEL,1235,S2,1500501
BTN,51,S2,PRESSED
TEL,1236,S2,1500521
TEL,1237,S2,1500541
TEL,1238,S2,1500561
TEL,1239,S2,1500581
TEL,1240,S2,1500601
TEL,1241,S2,1500621
TEL,1242,S2,1500641
TEL,1243,S2,1500661
TEL,1244,S2,1500681
TEL,1245,S2,1500701
TEL,1246,S2,1500721
TEL,1247,S2,1500741
TEL,1248,S2,1500761
TEL,1249,S2,1500781
BTN,52,S2,PRESSED
TEL,1250,S2,1500801
TEL,1251,S2,1500821
TEL,1252,S2,1500841
TEL,1253,S2,1500861
TEL,1254,S2,1500881
TEL,1255,S2,1500901
TEL,1256,S2,1500921
TEL,1257,S2,1500941
TEL,1258,S2,1500961
TEL,1259,S2,1500981
TEL,1260,S2,1501001
TEL,1261,S2,1501021
TEL,1262,S2,1501041
BTN,53,S2,PRESSED
TEL,1263,S2,1501061
TEL,1264,S2,1501081
TEL,1265,S2,1501101
TEL,1266,S2,1501121
TEL,1267,S2,1501141
TEL,1268,S2,1501161
TEL,1269,S2,1501181
TEL,1270,S2,1501201
TEL,1271,S2,1501221
TEL,1272,S2,1501241
TEL,1273,S2,1501261
TEL,1274,S2,1501281
TEL,1275,S2,1501301
TEL,1276,S2,1501321
BTN,54,S2,PRESSED
TEL,1277,S2,1501341
TEL,1278,S2,1501361
TEL,1279,S2,1501381
TEL,1280,S2,1501401
TEL,1281,S2,1501421
TEL,1282,S2,1501441
TEL,1283,S2,1501461
TEL,1284,S2,1501481
TEL,1285,S2,1501501
TEL,1286,S2,1501521
TEL,1287,S2,1501541
TEL,1288,S2,1501561
TEL,1289,S2,1501581
TEL,1290,S2,1501601
TEL,1291,S2,1501621
BTN,55,S2,PRESSED
TEL,1292,S2,1501641
TEL,1293,S2,1501661
TEL,1294,S2,1501681
TEL,1295,S2,1501701
TEL,1296,S2,1501721
TEL,1297,S2,1501741
TEL,1298,S2,1501761
TEL,1299,S2,1501781
TEL,1300,S2,1501801
TEL,1301,S2,1501821
TEL,1302,S2,1501841
TEL,1303,S2,1501861
TEL,1304,S2,1501881
TEL,1305,S2,1501901
TEL,1306,S2,1501921
BTN,56,S2,PRESSED
TEL,1307,S2,1501941
TEL,1308,S2,1501961
TEL,1309,S2,1501981
TEL,1310,S2,1502001
TEL,1311,S2,1502021
TEL,1312,S2,1502041
TEL,1313,S2,1502061
TEL,1314,S2,1502081
TEL,1315,S2,1502101
TEL,1316,S2,1502121
TEL,1317,S2,1502141
TEL,1318,S2,1502161
TEL,1319,S2,1502181
TEL,1320,S2,1502201
TEL,1321,S2,1502221
BTN,57,S2,PRESSED
TEL,1322,S2,1502241
TEL,1323,S2,1502261
TEL,1324,S2,1502281
TEL,1325,S2,1502301
TEL,1326,S2,1502321
TEL,1327,S2,1502341
TEL,1328,S2,1502361
TEL,1329,S2,1502381
TEL,1330,S2,1502401
TEL,1331,S2,1502421
TEL,1332,S2,1502441
TEL,1333,S2,1502461
TEL,1334,S2,1502481
TEL,1335,S2,1502501
BTN,58,S2,PRESSED
TEL,1336,S2,1502521
TEL,1337,S2,1502541
TEL,1338,S2,1502561
TEL,1339,S2,1502581
TEL,1340,S2,1502601
TEL,1341,S2,1502621
TEL,1342,S2,1502641
TEL,1343,S2,1502661
TEL,1344,S2,1502681
TEL,1345,S2,1502701
TEL,1346,S2,1502721
TEL,1347,S2,1502741
TEL,1348,S2,1502761
BTN,59,S2,PRESSED
TEL,1349,S2,1502781
TEL,1350,S2,1502801
TEL,1351,S2,1502821
TEL,1352,S2,1502841
TEL,1353,S2,1502861
TEL,1354,S2,1502881
TEL,1355,S2,1502901
TEL,1356,S2,1502921
TEL,1357,S2,1502941
TEL,1358,S2,1502961
TEL,1359,S2,1502981
TEL,1360,S2,1503001
TEL,1361,S2,1503021
TEL,1362,S2,1503041
TEL,1363,S2,1503061
BTN,60,S2,PRESSED
TEL,1364,S2,1503081
TEL,1365,S2,1503101
TEL,1366,S2,1503121
TEL,1367,S2,1503141
TEL,1368,S2,1503161
TEL,1369,S2,1503181
TEL,1370,S2,1503201
TEL,1371,S2,1503221
TEL,1372,S2,1503241
TEL,1373,S2,1503261
TEL,1374,S2,1503281
TEL,1375,S2,1503301
TEL,1376,S2,1503321
BTN,61,S2,PRESSED
TEL,1377,S2,1503341
TEL,1378,S2,1503361
TEL,1379,S2,1503381
TEL,1380,S2,1503401
TEL,1381,S2,1503421
TEL,1382,S2,1503441
TEL,1383,S2,1503461
TEL,1384,S2,1503481
TEL,1385,S2,1503501
TEL,1386,S2,1503521
TEL,1387,S2,1503541
TEL,1388,S2,1503561
TEL,1389,S2,1503581
TEL,1390,S2,1503601
TEL,1391,S2,1503621
TEL,1392,S2,1503641
TEL,1393,S2,1503661
TEL,1394,S2,1503681
TEL,1395,S2,1503701
TEL,1396,S2,1503721
TEL,1397,S2,1503741
TEL,1398,S2,1503761
TEL,1399,S2,1503781
TEL,1400,S2,1503801
TEL,1401,S2,1503821
TEL,1402,S2,1503841
TEL,1403,S2,1503861
TEL,1404,S2,1503881
TEL,1405,S2,1503901
TEL,1406,S2,1503921
TEL,1407,S2,1503941
TEL,1408,S2,1503961
TEL,1409,S2,1503981
TEL,1410,S2,1504001
TEL,1411,S2,1504021
TEL,1412,S2,1504041
TEL,1413,S2,1504061
TEL,1414,S2,1504081
TEL,1415,S2,1504101
TEL,1416,S2,1504121
TEL,1417,S2,1504141
TEL,1418,S2,1504161
TEL,1419,S2,1504181
TEL,1420,S2,1504201
TEL,1421,S2,1504221
TEL,1422,S2,1504241
TEL,1423,S2,1504261
TEL,1424,S2,1504281
TEL,1425,S2,1504301
TEL,1426,S2,1504321
TEL,1427,S2,1504341
TEL,1428,S2,1504361
TEL,1429,S2,1504381
TEL,1430,S2,1504401
TEL,1431,S2,1504421
TEL,1432,S2,1504441
TEL,1433,S2,1504461
TEL,1434,S2,1504481
TEL,1435,S2,1504501
TEL,1436,S2,1504521
TEL,1437,S2,1504541
TEL,1438,S2,1504561
TEL,1439,S2,1504581
TEL,1440,S2,1504601
TEL,1441,S2,1504621
TEL,1442,S2,1504641
TEL,1443,S2,1504661
TEL,1444,S2,1504681
TEL,1445,S2,1504701
TEL,1446,S2,1504721
TEL,1447,S2,1504741
TEL,1448,S2,1504761
TEL,1449,S2,1504781
TEL,1450,S2,1504801
TEL,1451,S2,1504821
TEL,1452,S2,1504841
TEL,1453,S2,1504861
TEL,1454,S2,1504881
TEL,1455,S2,1504901
TEL,1456,S2,1504921
TEL,1457,S2,1504941
TEL,1458,S2,1504961
TEL,1459,S2,1504981
TEL,1460,S2,1505001
TEL,1461,S2,1505021
TEL,1462,S2,1505041
TEL,1463,S2,1505061
TEL,1464,S2,1505081
TEL,1465,S2,1505101
TEL,1466,S2,1505121
TEL,1467,S2,1505141
TEL,1468,S2,1505161
TEL,1469,S2,1505181
TEL,1470,S2,1505201
TEL,1471,S2,1505221
TEL,1472,S2,1505241
TEL,1473,S2,1505261
TEL,1474,S2,1505281
TEL,1475,S2,1505301
TEL,1476,S2,1505321
TEL,1477,S2,1505341
TEL,1478,S2,1505361
TEL,1479,S2,1505381
TEL,1480,S2,1505401
TEL,1481,S2,1505421
TEL,1482,S2,1505441
TEL,1483,S2,1505461
TEL,1484,S2,1505481
TEL,1485,S2,1505501
TEL,1486,S2,1505521
TEL,1487,S2,1505541
TEL,1488,S2,1505561
TEL,1489,S2,1505581
TEL,1490,S2,1505601
TEL,1491,S2,1505621
TEL,1492,S2,1505641
REC,S2,1,1483605209,12,29,59,5611,ok
REC,S2,2,1483872611,25,43,70,5627,ok
REC,S2,3,1484307982,12,30,3265,8816,ok
REC,S2,4,1484713293,11,31,61,5612,ok
REC,S2,5,1485091948,12,30,58,5612,ok
REC,S2,6,1485516867,12,31,59,5611,ok
REC,S2,7,1485921702,12,29,57,5614,ok
REC,S2,8,1486380956,12,29,57,5615,ok
REC,S2,9,1486803652,12,29,57,5610,ok
REC,S2,10,1487231513,12,30,58,5613,ok
REC,S2,11,1487650432,12,34,818,6369,ok
REC,S2,12,1488087423,12,29,3825,9376,ok
REC,S2,13,1488528096,12,31,3150,8701,ok
REC,S2,14,1488992388,12,30,59,5614,ok
REC,S2,15,1489442708,12,30,58,5614,ok
REC,S2,16,1489892885,12,30,57,5610,ok
REC,S2,17,1490354941,12,29,57,5609,ok
REC,S2,18,1490808774,12,30,2473,8024,ok
REC,S2,19,1491457719,12,29,57,5612,ok
REC,S2,20,1491844747,12,30,60,5611,ok
REC,S2,21,1492217584,12,30,72,5623,ok
REC,S2,22,1492567199,14,31,4049,9599,ok
REC,S2,23,1492915543,12,29,59,5617,ok
REC,S2,24,1493264427,12,29,57,5609,ok
REC,S2,25,1493585838,12,34,5407,10958,ok
REC,S2,26,1493914617,23,41,68,5627,ok
REC,S2,27,1494251683,12,29,59,5617,ok
REC,S2,28,1494571453,12,29,57,5612,ok
REC,S2,29,1494886337,12,29,4908,10459,ok
REC,S2,30,1495193005,12,29,57,5616,ok
REC,S2,31,1495503937,12,29,57,5609,ok
REC,S2,32,1495813848,12,32,61,5618,ok
REC,S2,33,1496128043,14,31,3203,8753,ok
REC,S2,34,1496413567,14,32,72,5624,ok
REC,S2,35,1496715703,12,30,59,5617,ok
REC,S2,36,1497019909,12,30,57,5611,ok
REC,S2,37,1497318699,14,32,64,5621,ok
REC,S2,38,1497615991,12,29,57,5613,ok
REC,S2,39,1497913845,12,32,60,5615,ok
REC,S2,40,1498217684,12,32,60,5612,ok
REC,S2,41,1498505491,14,31,59,5617,ok
REC,S2,42,1498784910,12,30,58,5611,ok
REC,S2,43,1499054560,12,30,58,5616,ok
REC,S2,44,1499319829,12,30,59,5616,ok
REC,S2,45,1499581184,12,30,57,5613,ok
REC,S2,46,1499853269,12,29,57,5609,ok
REC,S2,47,1500111256,12,29,59,5612,ok
REC,S2,48,1500626019,12,31,5229,10779,ok
REC,S2,49,1500910334,14,39,916,6467,ok
REC,S2,50,1501203943,12,31,59,5618,ok
REC,S2,51,1501470154,12,30,1093,6644,ok
REC,S2,52,1501749021,12,30,2229,7779,ok
REC,S2,53,1502021741,12,29,57,5615,ok
REC,S2,54,1502299910,12,30,58,5612,ok
REC,S2,55,1502601248,12,29,57,5614,ok
REC,S2,56,1502889177,11,29,2069,7619,ok
REC,S2,57,1503185838,11,33,5413,10964,ok
REC,S2,58,1503467306,14,36,3939,9490,ok
REC,S2,59,1503742097,12,30,57,5610,ok
REC,S2,60,1504033522,12,30,59,5610,ok
REC,S2,61,1504299190,12,29,57,5610,ok
WRK,S2,0,0,0,0,0
SUM,S2,61,1843,0,0,0,0,0,1495,0,1,0,18
END,61
