INF,S3,10,0,0,20891,115200
TEL,1,S3,100643
TEL,2,S3,100653
TEL,3,S3,100663
TEL,4,S3,100673
TEL,5,S3,100683
TEL,6,S3,100693
TEL,7,S3,100703
TEL,8,S3,100713
TEL,9,S3,100723
TEL,10,S3,100733
TEL,11,S3,100743
TEL,12,S3,100753
TEL,13,S3,100763
TEL,14,S3,100773
TEL,15,S3,100783
TEL,16,S3,100793
TEL,17,S3,100803
TEL,18,S3,100813
TEL,19,S3,100823
TEL,20,S3,100833
TEL,21,S3,100843
TEL,22,S3,100853
TEL,23,S3,100863
TEL,24,S3,100873
TEL,25,S3,100883
TEL,26,S3,100893
TEL,27,S3,100903
TEL,28,S3,100913
TEL,29,S3,100923
TEL,30,S3,100933
TEL,31,S3,100943
TEL,32,S3,100953
TEL,33,S3,100963
TEL,34,S3,100973
TEL,35,S3,100983
TEL,36,S3,100993
TEL,37,S3,101003
TEL,38,S3,101013
TEL,39,S3,101023
TEL,40,S3,101033
TEL,41,S3,101043
TEL,42,S3,101053
TEL,43,S3,101063
TEL,44,S3,101073
TEL,45,S3,101083
TEL,46,S3,101093
TEL,47,S3,101103
TEL,48,S3,101113
TEL,49,S3,101123
TEL,50,S3,101133
TEL,51,S3,101143
TEL,52,S3,101153
TEL,53,S3,101163
TEL,54,S3,101173
TEL,55,S3,101183
TEL,56,S3,101193
TEL,57,S3,101203
TEL,58,S3,101213
TEL,59,S3,101223
TEL,60,S3,101233
TEL,61,S3,101243
TEL,62,S3,101253
TEL,63,S3,101263
TEL,64,S3,101273
TEL,65,S3,101283
TEL,66,S3,101293
TEL,67,S3,101303
TEL,68,S3,101313
TEL,69,S3,101323
TEL,70,S3,101333
TEL,71,S3,101343
TEL,72,S3,101353
TEL,73,S3,101363
TEL,74,S3,101373
TEL,75,S3,101383
TEL,76,S3,101393
TEL,77,S3,101403
TEL,78,S3,101413
TEL,79,S3,101423
TEL,80,S3,101433
TEL,81,S3,101443
TEL,82,S3,101453
TEL,83,S3,101463
TEL,84,S3,101473
TEL,85,S3,101483
TEL,86,S3,101493
TEL,87,S3,101503
TEL,88,S3,101513
TEL,89,S3,101523
TEL,90,S3,101533
TEL,91,S3,101543
TEL,92,S3,101553
TEL,93,S3,101563
TEL,94,S3,101573
TEL,95,S3,101583
TEL,96,S3,101593
TEL,97,S3,101603
TEL,98,S3,101613
TEL,99,S3,101623
TEL,100,S3,101633
TEL,101,S3,101643
TEL,102,S3,101653
TEL,103,S3,101663
TEL,104,S3,101673
TEL,105,S3,101683
TEL,106,S3,101693
TEL,107,S3,101703
TEL,108,S3,101713
TEL,109,S3,101723
TEL,110,S3,101733
TEL,111,S3,101743
TEL,112,S3,101753
TEL,113,S3,101763
TEL,114,S3,101773
TEL,115,S3,101783
TEL,116,S3,101793
TEL,117,S3,101803
TEL,118,S3,101813
TEL,119,S3,101823
TEL,120,S3,101833
TEL,121,S3,101843
TEL,122,S3,101853
TEL,123,S3,101863
TEL,124,S3,101873
TEL,125,S3,101883
TEL,126,S3,101893
TEL,127,S3,101903
TEL,128,S3,101913
TEL,129,S3,101923
TEL,130,S3,101933
TEL,131,S3,101943
TEL,132,S3,101953
TEL,133,S3,101963
TEL,134,S3,101973
TEL,135,S3,101983
TEL,136,S3,101993
TEL,137,S3,102003
TEL,138,S3,102013
TEL,139,S3,102023
TEL,140,S3,102033
TEL,141,S3,102043
TEL,142,S3,102053
TEL,143,S3,102063
TEL,144,S3,102073
TEL,145,S3,102083
TEL,146,S3,102093
TEL,147,S3,102103
TEL,148,S3,102113
TEL,149,S3,102123
TEL,150,S3,102133
TEL,151,S3,102143
TEL,152,S3,102153
TEL,153,S3,102163
TEL,154,S3,102173
TEL,155,S3,102183
TEL,156,S3,102193
TEL,157,S3,102203
TEL,158,S3,102213
TEL,159,S3,102223
TEL,160,S3,102233
TEL,161,S3,102243
TEL,162,S3,102253
TEL,163,S3,102263
TEL,164,S3,102273
TEL,165,S3,102283
TEL,166,S3,102293
TEL,167,S3,102303
TEL,168,S3,102313
TEL,169,S3,102323
TEL,170,S3,102333
TEL,171,S3,102343
TEL,172,S3,102353
TEL,173,S3,102363
TEL,174,S3,102373
TEL,175,S3,102383
TEL,176,S3,102393
TEL,177,S3,102403
TEL,178,S3,102413
TEL,179,S3,102423
TEL,180,S3,102433
TEL,181,S3,102443
TEL,182,S3,102453
TEL,183,S3,102463
TEL,184,S3,102473
TEL,185,S3,102483
TEL,186,S3,102493
TEL,187,S3,102503
TEL,188,S3,102513
TEL,189,S3,102523
TEL,190,S3,102533
TEL,191,S3,102543
TEL,192,S3,102553
TEL,193,S3,102563
TEL,194,S3,102573
TEL,195,S3,102583
TEL,196,S3,102593
TEL,197,S3,102603
TEL,198,S3,102613
TEL,199,S3,102623
TEL,200,S3,102633
TEL,201,S3,102643
TEL,202,S3,102653
TEL,203,S3,102663
TEL,204,S3,102673
TEL,205,S3,102683
TEL,206,S3,102693
TEL,207,S3,102703
TEL,208,S3,102713
TEL,209,S3,102723
TEL,210,S3,102733
TEL,211,S3,102743
TEL,212,S3,102753
TEL,213,S3,102763
TEL,214,S3,102773
TEL,215,S3,102783
TEL,216,S3,102793
TEL,217,S3,102803
TEL,218,S3,102813
TEL,219,S3,102823
TEL,220,S3,102833
TEL,221,S3,102843
TEL,222,S3,102853
TEL,223,S3,102863
TEL,224,S3,102873
TEL,225,S3,102883
TEL,226,S3,102893
TEL,227,S3,102903
TEL,228,S3,102913
TEL,229,S3,102923
TEL,230,S3,102933
TEL,231,S3,102943
TEL,232,S3,102953
TEL,233,S3,102963
TEL,234,S3,102973
TEL,235,S3,102983
TEL,236,S3,102993
TEL,237,S3,103003
TEL,238,S3,103013
TEL,239,S3,103023
TEL,240,S3,103033
TEL,241,S3,103043
TEL,242,S3,103053
TEL,243,S3,103063
TEL,244,S3,103073
TEL,245,S3,103083
TEL,246,S3,103093
TEL,247,S3,103103
TEL,248,S3,103113
TEL,249,S3,103123
TEL,250,S3,103133
TEL,251,S3,103143
TEL,252,S3,103153
TEL,253,S3,103163
TEL,254,S3,103173
TEL,255,S3,103183
TEL,256,S3,103193
TEL,257,S3,103203
TEL,258,S3,103213
TEL,259,S3,103223
TEL,260,S3,103233
TEL,261,S3,103243
TEL,262,S3,103253
TEL,263,S3,103263
TEL,264,S3,103273
TEL,265,S3,103283
TEL,266,S3,103293
TEL,267,S3,103303
TEL,268,S3,103313
TEL,269,S3,103323
TEL,270,S3,103333
TEL,271,S3,103343
TEL,272,S3,103353
TEL,273,S3,103363
TEL,274,S3,103373
TEL,275,S3,103383
TEL,276,S3,103393
TEL,277,S3,103403
TEL,278,S3,103413
TEL,279,S3,103423
TEL,280,S3,103433
TEL,281,S3,103443
TEL,282,S3,103453
TEL,283,S3,103463
TEL,284,S3,103473
TEL,285,S3,103483
TEL,286,S3,103493
TEL,287,S3,103503
TEL,288,S3,103513
TEL,289,S3,103523
TEL,290,S3,103533
TEL,291,S3,103543
TEL,292,S3,103553
TEL,293,S3,103563
TEL,294,S3,103573
TEL,295,S3,103583
TEL,296,S3,103593
TEL,297,S3,103603
TEL,298,S3,103613
TEL,299,S3,103623
TEL,300,S3,103633
TEL,301,S3,103643
TEL,302,S3,103653
TEL,303,S3,103663
TEL,304,S3,103673
TEL,305,S3,103683
TEL,306,S3,103693
TEL,307,S3,103703
TEL,308,S3,103713
TEL,309,S3,103723
TEL,310,S3,103733
TEL,311,S3,103743
TEL,312,S3,103753
TEL,313,S3,103763
TEL,314,S3,103773
TEL,315,S3,103783
TEL,316,S3,103793
TEL,317,S3,103803
TEL,318,S3,103813
TEL,319,S3,103823
TEL,320,S3,103833
TEL,321,S3,103843
TEL,322,S3,103853
TEL,323,S3,103863
TEL,324,S3,103873
TEL,325,S3,103883
TEL,326,S3,103893
TEL,327,S3,103903
TEL,328,S3,103913
TEL,329,S3,103923
TEL,330,S3,103933
TEL,331,S3,103943
TEL,332,S3,103953
TEL,333,S3,103963
TEL,334,S3,103973
TEL,335,S3,103983
TEL,336,S3,103993
TEL,337,S3,104003
TEL,338,S3,104013
TEL,339,S3,104023
TEL,340,S3,104033
TEL,341,S3,104043
TEL,342,S3,104053
TEL,343,S3,104063
TEL,344,S3,104073
TEL,345,S3,104083
TEL,346,S3,104093
TEL,347,S3,104103
TEL,348,S3,104113
TEL,349,S3,104123
TEL,350,S3,104133
TEL,351,S3,104143
TEL,352,S3,104153
TEL,353,S3,104163
TEL,354,S3,104173
TEL,355,S3,104183
TEL,356,S3,104193
TEL,357,S3,104203
TEL,358,S3,104213
TEL,359,S3,104223
TEL,360,S3,104233
TEL,361,S3,104243
TEL,362,S3,104253
TEL,363,S3,104263
TEL,364,S3,104273
TEL,365,S3,104283
TEL,366,S3,104293
TEL,367,S3,104303
TEL,368,S3,104313
TEL,369,S3,104323
TEL,370,S3,104333
TEL,371,S3,104343
TEL,372,S3,104353
TEL,373,S3,104363
TEL,374,S3,104373
TEL,375,S3,104383
TEL,376,S3,104393
TEL,377,S3,104403
TEL,378,S3,104413
TEL,379,S3,104423
TEL,380,S3,104433
TEL,381,S3,104443
TEL,382,S3,104453
TEL,383,S3,104463
TEL,384,S3,104473
TEL,385,S3,104483
TEL,386,S3,104493
TEL,387,S3,104503
TEL,388,S3,104513
TEL,389,S3,104523
TEL,390,S3,104533
TEL,391,S3,104543
TEL,392,S3,104553
TEL,393,S3,104563
TEL,394,S3,104573
TEL,395,S3,104583
TEL,396,S3,104593
TEL,397,S3,104603
TEL,398,S3,104613
TEL,399,S3,104623
TEL,400,S3,104633
TEL,401,S3,104643
TEL,402,S3,104653
TEL,403,S3,104663
TEL,404,S3,104673
TEL,405,S3,104683
TEL,406,S3,104693
TEL,407,S3,104703
TEL,408,S3,104713
TEL,409,S3,104723
TEL,410,S3,104733
TEL,411,S3,104743
TEL,412,S3,104753
TEL,413,S3,104763
TEL,414,S3,104773
TEL,415,S3,104783
TEL,416,S3,104793
TEL,417,S3,104803
TEL,418,S3,104813
TEL,419,S3,104823
TEL,420,S3,104833
TEL,421,S3,104843
TEL,422,S3,104853
TEL,423,S3,104863
TEL,424,S3,104873
TEL,425,S3,104883
TEL,426,S3,104893
TEL,427,S3,104903
TEL,428,S3,104913
TEL,429,S3,104923
TEL,430,S3,104933
TEL,431,S3,104943
TEL,432,S3,104953
TEL,433,S3,104963
TEL,434,S3,104973
TEL,435,S3,104983
TEL,436,S3,104993
TEL,437,S3,105003
TEL,438,S3,105013
TEL,439,S3,105023
TEL,440,S3,105033
TEL,441,S3,105043
TEL,442,S3,105053
TEL,443,S3,105063
TEL,444,S3,105073
TEL,445,S3,105083
TEL,446,S3,105093
TEL,447,S3,105103
TEL,448,S3,105113
TEL,449,S3,105123
TEL,450,S3,105133
TEL,451,S3,105143
TEL,452,S3,105153
TEL,453,S3,105163
TEL,454,S3,105173
TEL,455,S3,105183
TEL,456,S3,105193
TEL,457,S3,105203
TEL,458,S3,105213
TEL,459,S3,105223
TEL,460,S3,105233
TEL,461,S3,105243
TEL,462,S3,105253
TEL,463,S3,105263
TEL,464,S3,105273
TEL,465,S3,105283
TEL,466,S3,105293
TEL,467,S3,105303
TEL,468,S3,105313
TEL,469,S3,105323
TEL,470,S3,105333
TEL,471,S3,105343
TEL,472,S3,105353
TEL,473,S3,105363
TEL,474,S3,105373
TEL,475,S3,105383
TEL,476,S3,105393
TEL,477,S3,105403
TEL,478,S3,105413
TEL,479,S3,105423
TEL,480,S3,105433
TEL,481,S3,105443
TEL,482,S3,105453
TEL,483,S3,105463
TEL,484,S3,105473
TEL,485,S3,105483
TEL,486,S3,105493
TEL,487,S3,105503
TEL,488,S3,105513
TEL,489,S3,105523
TEL,490,S3,105533
TEL,491,S3,105543
TEL,492,S3,105553
TEL,493,S3,105563
TEL,494,S3,105573
TEL,495,S3,105583
TEL,496,S3,105593
TEL,497,S3,105603
TEL,498,S3,105613
TEL,499,S3,105623
TEL,500,S3,105633
TEL,501,S3,105643
TEL,502,S3,105653
TEL,503,S3,105663
TEL,504,S3,105673
TEL,505,S3,105683
TEL,506,S3,105693
TEL,507,S3,105703
TEL,508,S3,105713
TEL,509,S3,105723
TEL,510,S3,105733
TEL,511,S3,105743
TEL,512,S3,105753
TEL,513,S3,105763
TEL,514,S3,105773
TEL,515,S3,105783
TEL,516,S3,105793
TEL,517,S3,105803
TEL,518,S3,105813
TEL,519,S3,105823
TEL,520,S3,105833
TEL,521,S3,105843
TEL,522,S3,105853
TEL,523,S3,105863
TEL,524,S3,105873
TEL,525,S3,105883
TEL,526,S3,105893
TEL,527,S3,105903
TEL,528,S3,105913
TEL,529,S3,105923
TEL,530,S3,105933
TEL,531,S3,105943
TEL,532,S3,105953
TEL,533,S3,105963
TEL,534,S3,105973
TEL,535,S3,105983
TEL,536,S3,105993
TEL,537,S3,106003
TEL,538,S3,106013
TEL,539,S3,106023
TEL,540,S3,106033
TEL,541,S3,106043
TEL,542,S3,106053
TEL,543,S3,106063
TEL,544,S3,106073
TEL,545,S3,106083
TEL,546,S3,106093
TEL,547,S3,106103
TEL,548,S3,106113
TEL,549,S3,106123
TEL,550,S3,106133
TEL,551,S3,106143
TEL,552,S3,106153
TEL,553,S3,106163
TEL,554,S3,106173
TEL,555,S3,106183
TEL,556,S3,106193
TEL,557,S3,106203
TEL,558,S3,106213
TEL,559,S3,106223
TEL,560,S3,106233
TEL,561,S3,106243
TEL,562,S3,106253
TEL,563,S3,106263
TEL,564,S3,106273
TEL,565,S3,106283
TEL,566,S3,106293
TEL,567,S3,106303
TEL,568,S3,106313
TEL,569,S3,106323
TEL,570,S3,106333
TEL,571,S3,106343
TEL,572,S3,106353
TEL,573,S3,106363
TEL,574,S3,106373
TEL,575,S3,106383
TEL,576,S3,106393
TEL,577,S3,106403
TEL,578,S3,106413
TEL,579,S3,106423
TEL,580,S3,106433
TEL,581,S3,106443
TEL,582,S3,106453
TEL,583,S3,106463
TEL,584,S3,106473
TEL,585,S3,106483
TEL,586,S3,106493
TEL,587,S3,106503
TEL,588,S3,106513
TEL,589,S3,106523
TEL,590,S3,106533
TEL,591,S3,106543
TEL,592,S3,106553
TEL,593,S3,106563
TEL,594,S3,106573
TEL,595,S3,106583
TEL,596,S3,106593
TEL,597,S3,106603
TEL,598,S3,106613
TEL,599,S3,106623
TEL,600,S3,106633
TEL,601,S3,106643
TEL,602,S3,106653
TEL,603,S3,106663
TEL,604,S3,106673
TEL,605,S3,106683
TEL,606,S3,106693
TEL,607,S3,106703
TEL,608,S3,106713
TEL,609,S3,106723
TEL,610,S3,106733
TEL,611,S3,106743
TEL,612,S3,106753
TEL,613,S3,106763
TEL,614,S3,106773
TEL,615,S3,106783
TEL,616,S3,106793
TEL,617,S3,106803
TEL,618,S3,106813
TEL,619,S3,106823
TEL,620,S3,106833
TEL,621,S3,106843
TEL,622,S3,106853
TEL,623,S3,106863
TEL,624,S3,106873
TEL,625,S3,106883
TEL,626,S3,106893
TEL,627,S3,106903
TEL,628,S3,106913
TEL,629,S3,106923
TEL,630,S3,106933
TEL,631,S3,106943
TEL,632,S3,106953
TEL,633,S3,106963
TEL,634,S3,106973
TEL,635,S3,106983
TEL,636,S3,106993
TEL,637,S3,107003
TEL,638,S3,107013
TEL,639,S3,107023
TEL,640,S3,107033
TEL,641,S3,107043
TEL,642,S3,107053
TEL,643,S3,107063
TEL,644,S3,107073
TEL,645,S3,107083
TEL,646,S3,107093
TEL,647,S3,107103
TEL,648,S3,107113
TEL,649,S3,107123
TEL,650,S3,107133
TEL,651,S3,107143
TEL,652,S3,107153
TEL,653,S3,107163
TEL,654,S3,107173
TEL,655,S3,107183
TEL,656,S3,107193
TEL,657,S3,107203
TEL,658,S3,107213
TEL,659,S3,107223
TEL,660,S3,107233
TEL,661,S3,107243
TEL,662,S3,107253
TEL,663,S3,107263
TEL,664,S3,107273
TEL,665,S3,107283
TEL,666,S3,107293
TEL,667,S3,107303
TEL,668,S3,107313
TEL,669,S3,107323
TEL,670,S3,107333
TEL,671,S3,107343
TEL,672,S3,107353
TEL,673,S3,107363
TEL,674,S3,107373
TEL,675,S3,107383
TEL,676,S3,107393
TEL,677,S3,107403
TEL,678,S3,107413
TEL,679,S3,107423
TEL,680,S3,107433
TEL,681,S3,107443
TEL,682,S3,107453
TEL,683,S3,107463
TEL,684,S3,107473
TEL,685,S3,107483
TEL,686,S3,107493
TEL,687,S3,107503
TEL,688,S3,107513
TEL,689,S3,107523
TEL,690,S3,107533
TEL,691,S3,107543
TEL,692,S3,107553
TEL,693,S3,107563
TEL,694,S3,107573
TEL,695,S3,107583
TEL,696,S3,107593
TEL,697,S3,107603
TEL,698,S3,107613
TEL,699,S3,107623
TEL,700,S3,107633
TEL,701,S3,107643
TEL,702,S3,107653
TEL,703,S3,107663
TEL,704,S3,107673
TEL,705,S3,107683
TEL,706,S3,107693
TEL,707,S3,107703
BTN,1,S3,PRESSED
TEL,708,S3,107713
TEL,709,S3,107723
TEL,710,S3,107733
TEL,711,S3,107743
TEL,712,S3,107753
TEL,713,S3,107763
TEL,714,S3,107773
TEL,715,S3,107783
TEL,716,S3,107793
TEL,717,S3,107803
TEL,718,S3,107813
TEL,719,S3,107823
TEL,720,S3,107833
TEL,721,S3,107843
TEL,722,S3,107853
TEL,723,S3,107863
TEL,724,S3,107873
TEL,725,S3,107883
TEL,726,S3,107893
TEL,727,S3,107903
TEL,728,S3,107913
TEL,729,S3,107923
TEL,730,S3,107933
TEL,731,S3,107943
TEL,732,S3,107953
BTN,2,S3,PRESSED
TEL,733,S3,107963
TEL,734,S3,107973
TEL,735,S3,107983
TEL,736,S3,107993
TEL,737,S3,108003
TEL,738,S3,108013
TEL,739,S3,108023
TEL,740,S3,108033
TEL,741,S3,108043
TEL,742,S3,108053
TEL,743,S3,108063
TEL,744,S3,108073
TEL,745,S3,108083
TEL,746,S3,108093
TEL,747,S3,108103
TEL,748,S3,108113
TEL,749,S3,108123
TEL,750,S3,108133
TEL,751,S3,108143
TEL,752,S3,108153
TEL,753,S3,108163
TEL,754,S3,108173
TEL,755,S3,108183
TEL,756,S3,108193
TEL,757,S3,108203
TEL,758,S3,108213
TEL,759,S3,108223
TEL,760,S3,108233
TEL,761,S3,108243
TEL,762,S3,108253
TEL,763,S3,108263
TEL,764,S3,108273
TEL,765,S3,108283
TEL,766,S3,108293
TEL,767,S3,108303
TEL,768,S3,108313
TEL,769,S3,108323
TEL,770,S3,108333
TEL,771,S3,108343
TEL,772,S3,108353
TEL,773,S3,108363
TEL,774,S3,108373
TEL,775,S3,108383
TEL,776,S3,108393
TEL,777,S3,108403
TEL,778,S3,108413
TEL,779,S3,108423
TEL,780,S3,108433
TEL,781,S3,108443
TEL,782,S3,108453
BTN,3,S3,PRESSED
TEL,783,S3,108463
TEL,784,S3,108473
TEL,785,S3,108483
TEL,786,S3,108493
TEL,787,S3,108503
TEL,788,S3,108513
TEL,789,S3,108523
TEL,790,S3,108533
TEL,791,S3,108543
TEL,792,S3,108553
TEL,793,S3,108563
TEL,794,S3,108573
TEL,795,S3,108583
TEL,796,S3,108593
TEL,797,S3,108603
TEL,798,S3,108613
TEL,799,S3,108623
TEL,800,S3,108633
TEL,801,S3,108643
TEL,802,S3,108653
TEL,803,S3,108663
TEL,804,S3,108673
TEL,805,S3,108683
TEL,806,S3,108693
TEL,807,S3,108703
TEL,808,S3,108713
TEL,809,S3,108723
TEL,810,S3,108733
TEL,811,S3,108743
TEL,812,S3,108753
TEL,813,S3,108763
TEL,814,S3,108773
TEL,815,S3,108783
TEL,816,S3,108793
TEL,817,S3,108803
TEL,818,S3,108813
TEL,819,S3,108823
TEL,820,S3,108833
TEL,821,S3,108843
TEL,822,S3,108853
TEL,823,S3,108863
TEL,824,S3,108873
TEL,825,S3,108883
TEL,826,S3,108893
TEL,827,S3,108903
TEL,828,S3,108913
TEL,829,S3,108923
BTN,4,S3,PRESSED
TEL,830,S3,108933
TEL,831,S3,108943
TEL,832,S3,108953
TEL,833,S3,108963
TEL,834,S3,108973
TEL,835,S3,108983
TEL,836,S3,108993
TEL,837,S3,109003
TEL,838,S3,109013
TEL,839,S3,109023
TEL,840,S3,109033
TEL,841,S3,109043
TEL,842,S3,109053
TEL,843,S3,109063
TEL,844,S3,109073
TEL,845,S3,109083
TEL,846,S3,109093
TEL,847,S3,109103
TEL,848,S3,109113
TEL,849,S3,109123
TEL,850,S3,109133
TEL,851,S3,109143
TEL,852,S3,109153
TEL,853,S3,109163
TEL,854,S3,109173
TEL,855,S3,109183
TEL,856,S3,109193
TEL,857,S3,109203
TEL,858,S3,109213
TEL,859,S3,109223
TEL,860,S3,109233
TEL,861,S3,109243
TEL,862,S3,109253
TEL,863,S3,109263
TEL,864,S3,109273
TEL,865,S3,109283
TEL,866,S3,109293
TEL,867,S3,109303
TEL,868,S3,109313
TEL,869,S3,109323
TEL,870,S3,109333
TEL,871,S3,109343
TEL,872,S3,109353
TEL,873,S3,109363
TEL,874,S3,109373
TEL,875,S3,109383
TEL,876,S3,109393
BTN,5,S3,PRESSED
TEL,877,S3,109403
TEL,878,S3,109413
TEL,879,S3,109423
TEL,880,S3,109433
TEL,881,S3,109443
TEL,882,S3,109453
TEL,883,S3,109463
TEL,884,S3,109473
TEL,885,S3,109483
TEL,886,S3,109493
TEL,887,S3,109503
TEL,888,S3,109513
TEL,889,S3,109523
TEL,890,S3,109533
TEL,891,S3,109543
TEL,892,S3,109553
TEL,893,S3,109563
TEL,894,S3,109573
TEL,895,S3,109583
TEL,896,S3,109593
TEL,897,S3,109603
TEL,898,S3,109613
TEL,899,S3,109623
TEL,900,S3,109633
TEL,901,S3,109643
TEL,902,S3,109653
TEL,903,S3,109663
TEL,904,S3,109673
TEL,905,S3,109683
TEL,906,S3,109693
TEL,907,S3,109703
TEL,908,S3,109713
TEL,909,S3,109723
TEL,910,S3,109733
TEL,911,S3,109743
TEL,912,S3,109753
TEL,913,S3,109763
TEL,914,S3,109773
TEL,915,S3,109783
TEL,916,S3,109793
TEL,917,S3,109803
TEL,918,S3,109813
TEL,919,S3,109823
TEL,920,S3,109833
TEL,921,S3,109843
TEL,922,S3,109853
TEL,923,S3,109863
BTN,6,S3,PRESSED
TEL,924,S3,109873
TEL,925,S3,109883
TEL,926,S3,109893
TEL,927,S3,109903
TEL,928,S3,109913
TEL,929,S3,109923
TEL,930,S3,109933
TEL,931,S3,109943
TEL,932,S3,109953
TEL,933,S3,109963
TEL,934,S3,109973
TEL,935,S3,109983
TEL,936,S3,109993
TEL,937,S3,110003
TEL,938,S3,110013
TEL,939,S3,110023
TEL,940,S3,110033
TEL,941,S3,110043
TEL,942,S3,110053
TEL,943,S3,110063
TEL,944,S3,110073
TEL,945,S3,110083
TEL,946,S3,110093
TEL,947,S3,110103
TEL,948,S3,110113
TEL,949,S3,110123
TEL,950,S3,110133
TEL,951,S3,110143
TEL,952,S3,110153
TEL,953,S3,110163
TEL,954,S3,110173
TEL,955,S3,110183
TEL,956,S3,110193
TEL,957,S3,110203
TEL,958,S3,110213
TEL,959,S3,110223
TEL,960,S3,110233
BTN,7,S3,PRESSED
TEL,961,S3,110243
TEL,962,S3,110253
TEL,963,S3,110263
TEL,964,S3,110273
TEL,965,S3,110283
TEL,966,S3,110293
TEL,967,S3,110303
TEL,968,S3,110313
TEL,969,S3,110323
TEL,970,S3,110333
TEL,971,S3,110343
TEL,972,S3,110353
TEL,973,S3,110363
TEL,974,S3,110373
TEL,975,S3,110383
TEL,976,S3,110393
TEL,977,S3,110403
TEL,978,S3,110413
TEL,979,S3,110423
TEL,980,S3,110433
TEL,981,S3,110443
TEL,982,S3,110453
TEL,983,S3,110463
TEL,984,S3,110473
TEL,985,S3,110483
TEL,986,S3,110493
TEL,987,S3,110503
TEL,988,S3,110513
TEL,989,S3,110523
TEL,990,S3,110533
TEL,991,S3,110543
TEL,992,S3,110553
BTN,8,S3,PRESSED
TEL,993,S3,110563
TEL,994,S3,110573
TEL,995,S3,110583
TEL,996,S3,110593
TEL,997,S3,110603
TEL,998,S3,110613
TEL,999,S3,110623
TEL,1000,S3,110633
TEL,1001,S3,110643
TEL,1002,S3,110653
TEL,1003,S3,110663
TEL,1004,S3,110673
TEL,1005,S3,110683
TEL,1006,S3,110693
TEL,1007,S3,110703
TEL,1008,S3,110713
TEL,1009,S3,110723
TEL,1010,S3,110733
TEL,1011,S3,110743
TEL,1012,S3,110753
TEL,1013,S3,110763
TEL,1014,S3,110773
TEL,1015,S3,110783
TEL,1016,S3,110793
TEL,1017,S3,110803
TEL,1018,S3,110813
TEL,1019,S3,110823
TEL,1020,S3,110833
TEL,1021,S3,110843
TEL,1022,S3,110853
TEL,1023,S3,110863
TEL,1024,S3,110873
TEL,1025,S3,110883
TEL,1026,S3,110893
BTN,9,S3,PRESSED
TEL,1027,S3,110903
TEL,1028,S3,110913
TEL,1029,S3,110923
TEL,1030,S3,110933
TEL,1031,S3,110943
TEL,1032,S3,110953
TEL,1033,S3,110963
TEL,1034,S3,110973
TEL,1035,S3,110983
TEL,1036,S3,110993
TEL,1037,S3,111003
TEL,1038,S3,111013
TEL,1039,S3,111023
TEL,1040,S3,111033
TEL,1041,S3,111043
TEL,1042,S3,111053
TEL,1043,S3,111063
TEL,1044,S3,111073
TEL,1045,S3,111083
TEL,1046,S3,111093
TEL,1047,S3,111103
TEL,1048,S3,111113
TEL,1049,S3,111123
TEL,1050,S3,111133
TEL,1051,S3,111143
TEL,1052,S3,111153
TEL,1053,S3,111163
TEL,1054,S3,111173
TEL,1055,S3,111183
TEL,1056,S3,111193
TEL,1057,S3,111203
TEL,1058,S3,111213
TEL,1059,S3,111223
TEL,1060,S3,111233
TEL,1061,S3,111243
TEL,1062,S3,111253
TEL,1063,S3,111263
TEL,1064,S3,111273
BTN,10,S3,PRESSED
TEL,1065,S3,111283
TEL,1066,S3,111293
TEL,1067,S3,111303
TEL,1068,S3,111313
TEL,1069,S3,111323
TEL,1070,S3,111333
TEL,1071,S3,111343
TEL,1072,S3,111353
TEL,1073,S3,111363
TEL,1074,S3,111373
TEL,1075,S3,111383
TEL,1076,S3,111393
TEL,1077,S3,111403
TEL,1078,S3,111413
TEL,1079,S3,111423
TEL,1080,S3,111433
TEL,1081,S3,111443
TEL,1082,S3,111453
TEL,1083,S3,111463
TEL,1084,S3,111473
TEL,1085,S3,111483
TEL,1086,S3,111493
TEL,1087,S3,111503
TEL,1088,S3,111513
TEL,1089,S3,111523
TEL,1090,S3,111533
TEL,1091,S3,111543
TEL,1092,S3,111553
TEL,1093,S3,111563
TEL,1094,S3,111573
TEL,1095,S3,111583
TEL,1096,S3,111593
TEL,1097,S3,111603
TEL,1098,S3,111613
TEL,1099,S3,111623
BTN,11,S3,PRESSED
TEL,1100,S3,111633
TEL,1101,S3,111643
TEL,1102,S3,111653
TEL,1103,S3,111663
TEL,1104,S3,111673
TEL,1105,S3,111683
TEL,1106,S3,111693
TEL,1107,S3,111703
TEL,1108,S3,111713
TEL,1109,S3,111723
TEL,1110,S3,111733
TEL,1111,S3,111743
TEL,1112,S3,111753
TEL,1113,S3,111763
TEL,1114,S3,111773
TEL,1115,S3,111783
TEL,1116,S3,111793
TEL,1117,S3,111803
TEL,1118,S3,111813
TEL,1119,S3,111823
TEL,1120,S3,111833
TEL,1121,S3,111843
TEL,1122,S3,111853
TEL,1123,S3,111863
TEL,1124,S3,111873
TEL,1125,S3,111883
TEL,1126,S3,111893
TEL,1127,S3,111903
TEL,1128,S3,111913
TEL,1129,S3,111923
TEL,1130,S3,111933
TEL,1131,S3,111943
TEL,1132,S3,111953
TEL,1133,S3,111963
BTN,12,S3,PRESSED
TEL,1134,S3,111973
TEL,1135,S3,111983
TEL,1136,S3,111993
TEL,1137,S3,112003
TEL,1138,S3,112013
TEL,1139,S3,112023
TEL,1140,S3,112033
TEL,1141,S3,112043
TEL,1142,S3,112053
TEL,1143,S3,112063
TEL,1144,S3,112073
TEL,1145,S3,112083
TEL,1146,S3,112093
TEL,1147,S3,112103
TEL,1148,S3,112113
TEL,1149,S3,112123
TEL,1150,S3,112133
TEL,1151,S3,112143
TEL,1152,S3,112153
TEL,1153,S3,112163
TEL,1154,S3,112173
TEL,1155,S3,112183
TEL,1156,S3,112193
TEL,1157,S3,112203
TEL,1158,S3,112213
TEL,1159,S3,112223
TEL,1160,S3,112233
TEL,1161,S3,112243
TEL,1162,S3,112253
TEL,1163,S3,112263
TEL,1164,S3,112273
TEL,1165,S3,112283
TEL,1166,S3,112293
TEL,1167,S3,112303
BTN,13,S3,PRESSED
TEL,1168,S3,112313
TEL,1169,S3,112323
TEL,1170,S3,112333
TEL,1171,S3,112343
TEL,1172,S3,112353
TEL,1173,S3,112363
TEL,1174,S3,112373
TEL,1175,S3,112383
TEL,1176,S3,112393
TEL,1177,S3,112403
TEL,1178,S3,112413
TEL,1179,S3,112423
TEL,1180,S3,112433
TEL,1181,S3,112443
TEL,1182,S3,112453
TEL,1183,S3,112463
TEL,1184,S3,112473
TEL,1185,S3,112483
TEL,1186,S3,112493
TEL,1187,S3,112503
TEL,1188,S3,112513
TEL,1189,S3,112523
TEL,1190,S3,112533
TEL,1191,S3,112543
TEL,1192,S3,112553
TEL,1193,S3,112563
TEL,1194,S3,112573
TEL,1195,S3,112583
TEL,1196,S3,112593
TEL,1197,S3,112603
TEL,1198,S3,112613
TEL,1199,S3,112623
TEL,1200,S3,112633
TEL,1201,S3,112643
TEL,1202,S3,112653
BTN,14,S3,PRESSED
TEL,1203,S3,112663
TEL,1204,S3,112673
TEL,1205,S3,112683
TEL,1206,S3,112693
TEL,1207,S3,112703
TEL,1208,S3,112713
TEL,1209,S3,112723
TEL,1210,S3,112733
TEL,1211,S3,112743
TEL,1212,S3,112753
TEL,1213,S3,112763
TEL,1214,S3,112773
TEL,1215,S3,112783
TEL,1216,S3,112793
TEL,1217,S3,112803
TEL,1218,S3,112813
TEL,1219,S3,112823
TEL,1220,S3,112833
TEL,1221,S3,112843
TEL,1222,S3,112853
TEL,1223,S3,112863
TEL,1224,S3,112873
TEL,1225,S3,112883
TEL,1226,S3,112893
TEL,1227,S3,112903
TEL,1228,S3,112913
TEL,1229,S3,112923
TEL,1230,S3,112933
TEL,1231,S3,112943
TEL,1232,S3,112953
TEL,1233,S3,112963
TEL,1234,S3,112973
TEL,1235,S3,112983
TEL,1236,S3,112993
TEL,1237,S3,113003
BTN,15,S3,PRESSED
TEL,1238,S3,113013
TEL,1239,S3,113023
TEL,1240,S3,113033
TEL,1241,S3,113043
TEL,1242,S3,113053
TEL,1243,S3,113063
TEL,1244,S3,113073
TEL,1245,S3,113083
TEL,1246,S3,113093
TEL,1247,S3,113103
TEL,1248,S3,113113
TEL,1249,S3,113123
TEL,1250,S3,113133
TEL,1251,S3,113143
TEL,1252,S3,113153
TEL,1253,S3,113163
TEL,1254,S3,113173
TEL,1255,S3,113183
TEL,1256,S3,113193
TEL,1257,S3,113203
TEL,1258,S3,113213
TEL,1259,S3,113223
TEL,1260,S3,113233
TEL,1261,S3,113243
TEL,1262,S3,113253
TEL,1263,S3,113263
TEL,1264,S3,113273
TEL,1265,S3,113283
TEL,1266,S3,113293
TEL,1267,S3,113303
TEL,1268,S3,113313
TEL,1269,S3,113323
TEL,1270,S3,113333
TEL,1271,S3,113343
TEL,1272,S3,113353
TEL,1273,S3,113363
BTN,16,S3,PRESSED
TEL,1274,S3,113373
TEL,1275,S3,113383
TEL,1276,S3,113393
TEL,1277,S3,113403
TEL,1278,S3,113413
TEL,1279,S3,113423
TEL,1280,S3,113433
TEL,1281,S3,113443
TEL,1282,S3,113453
TEL,1283,S3,113463
TEL,1284,S3,113473
TEL,1285,S3,113483
TEL,1286,S3,113493
TEL,1287,S3,113503
TEL,1288,S3,113513
TEL,1289,S3,113523
TEL,1290,S3,113533
TEL,1291,S3,113543
TEL,1292,S3,113553
TEL,1293,S3,113563
TEL,1294,S3,113573
TEL,1295,S3,113583
TEL,1296,S3,113593
TEL,1297,S3,113603
TEL,1298,S3,113613
TEL,1299,S3,113623
TEL,1300,S3,113633
TEL,1301,S3,113643
TEL,1302,S3,113653
TEL,1303,S3,113663
TEL,1304,S3,113673
TEL,1305,S3,113683
TEL,1306,S3,113693
BTN,17,S3,PRESSED
TEL,1307,S3,113703
TEL,1308,S3,113713
TEL,1309,S3,113723
TEL,1310,S3,113733
TEL,1311,S3,113743
TEL,1312,S3,113753
TEL,1313,S3,113763
TEL,1314,S3,113773
TEL,1315,S3,113783
TEL,1316,S3,113793
TEL,1317,S3,113803
TEL,1318,S3,113813
TEL,1319,S3,113823
TEL,1320,S3,113833
TEL,1321,S3,113843
TEL,1322,S3,113853
TEL,1323,S3,113863
TEL,1324,S3,113873
TEL,1325,S3,113883
TEL,1326,S3,113893
TEL,1327,S3,113903
TEL,1328,S3,113913
TEL,1329,S3,113923
TEL,1330,S3,113933
TEL,1331,S3,113943
TEL,1332,S3,113953
TEL,1333,S3,113963
TEL,1334,S3,113973
TEL,1335,S3,113983
TEL,1336,S3,113993
TEL,1337,S3,114003
TEL,1338,S3,114013
TEL,1339,S3,114023
TEL,1340,S3,114033
BTN,18,S3,PRESSED
TEL,1341,S3,114043
TEL,1342,S3,114053
TEL,1343,S3,114063
TEL,1344,S3,114073
TEL,1345,S3,114083
TEL,1346,S3,114093
TEL,1347,S3,114103
TEL,1348,S3,114113
TEL,1349,S3,114123
TEL,1350,S3,114133
TEL,1351,S3,114143
TEL,1352,S3,114153
TEL,1353,S3,114163
TEL,1354,S3,114173
TEL,1355,S3,114183
TEL,1356,S3,114193
TEL,1357,S3,114203
TEL,1358,S3,114213
TEL,1359,S3,114223
TEL,1360,S3,114233
TEL,1361,S3,114243
TEL,1362,S3,114253
TEL,1363,S3,114263
TEL,1364,S3,114273
TEL,1365,S3,114283
TEL,1366,S3,114293
TEL,1367,S3,114303
TEL,1368,S3,114313
TEL,1369,S3,114323
TEL,1370,S3,114333
TEL,1371,S3,114343
TEL,1372,S3,114353
TEL,1373,S3,114363
TEL,1374,S3,114373
TEL,1375,S3,114383
BTN,19,S3,PRESSED
TEL,1376,S3,114393
TEL,1377,S3,114403
TEL,1378,S3,114413
TEL,1379,S3,114423
TEL,1380,S3,114433
TEL,1381,S3,114443
TEL,1382,S3,114453
TEL,1383,S3,114463
TEL,1384,S3,114473
TEL,1385,S3,114483
TEL,1386,S3,114493
TEL,1387,S3,114503
TEL,1388,S3,114513
TEL,1389,S3,114523
TEL,1390,S3,114533
TEL,1391,S3,114543
TEL,1392,S3,114553
TEL,1393,S3,114563
TEL,1394,S3,114573
TEL,1395,S3,114583
TEL,1396,S3,114593
TEL,1397,S3,114603
TEL,1398,S3,114613
TEL,1399,S3,114623
TEL,1400,S3,114633
TEL,1401,S3,114643
TEL,1402,S3,114653
TEL,1403,S3,114663
TEL,1404,S3,114673
TEL,1405,S3,114683
TEL,1406,S3,114693
TEL,1407,S3,114703
TEL,1408,S3,114713
TEL,1409,S3,114723
BTN,20,S3,PRESSED
TEL,1410,S3,114733
TEL,1411,S3,114743
TEL,1412,S3,114753
TEL,1413,S3,114763
TEL,1414,S3,114773
TEL,1415,S3,114783
TEL,1416,S3,114793
TEL,1417,S3,114803
TEL,1418,S3,114813
TEL,1419,S3,114823
TEL,1420,S3,114833
TEL,1421,S3,114843
TEL,1422,S3,114853
TEL,1423,S3,114863
TEL,1424,S3,114873
TEL,1425,S3,114883
TEL,1426,S3,114893
TEL,1427,S3,114903
TEL,1428,S3,114913
TEL,1429,S3,114923
TEL,1430,S3,114933
TEL,1431,S3,114943
TEL,1432,S3,114953
TEL,1433,S3,114963
TEL,1434,S3,114973
TEL,1435,S3,114983
TEL,1436,S3,114993
TEL,1437,S3,115003
TEL,1438,S3,115013
TEL,1439,S3,115023
TEL,1440,S3,115033
TEL,1441,S3,115043
TEL,1442,S3,115053
TEL,1443,S3,115063
BTN,21,S3,PRESSED
TEL,1444,S3,115073
TEL,1445,S3,115083
TEL,1446,S3,115093
TEL,1447,S3,115103
TEL,1448,S3,115113
TEL,1449,S3,115123
TEL,1450,S3,115133
TEL,1451,S3,115143
TEL,1452,S3,115153
TEL,1453,S3,115163
TEL,1454,S3,115173
TEL,1455,S3,115183
TEL,1456,S3,115193
TEL,1457,S3,115203
TEL,1458,S3,115213
TEL,1459,S3,115223
TEL,1460,S3,115233
TEL,1461,S3,115243
TEL,1462,S3,115253
TEL,1463,S3,115263
TEL,1464,S3,115273
TEL,1465,S3,115283
TEL,1466,S3,115293
TEL,1467,S3,115303
TEL,1468,S3,115313
TEL,1469,S3,115323
TEL,1470,S3,115333
TEL,1471,S3,115343
TEL,1472,S3,115353
TEL,1473,S3,115363
TEL,1474,S3,115373
TEL,1475,S3,115383
TEL,1476,S3,115393
TEL,1477,S3,115403
TEL,1478,S3,115413
TEL,1479,S3,115423
BTN,22,S3,PRESSED
TEL,1480,S3,115433
TEL,1481,S3,115443
TEL,1482,S3,115453
TEL,1483,S3,115463
TEL,1484,S3,115473
TEL,1485,S3,115483
TEL,1486,S3,115493
TEL,1487,S3,115503
TEL,1488,S3,115513
TEL,1489,S3,115523
TEL,1490,S3,115533
TEL,1491,S3,115543
TEL,1492,S3,115553
TEL,1493,S3,115563
TEL,1494,S3,115573
TEL,1495,S3,115583
TEL,1496,S3,115593
TEL,1497,S3,115603
TEL,1498,S3,115613
TEL,1499,S3,115623
TEL,1500,S3,115633
TEL,1501,S3,115643
TEL,1502,S3,115653
TEL,1503,S3,115663
TEL,1504,S3,115673
TEL,1505,S3,115683
TEL,1506,S3,115693
TEL,1507,S3,115703
TEL,1508,S3,115713
TEL,1509,S3,115723
TEL,1510,S3,115733
TEL,1511,S3,115743
TEL,1512,S3,115753
BTN,23,S3,PRESSED
TEL,1513,S3,115763
TEL,1514,S3,115773
TEL,1515,S3,115783
TEL,1516,S3,115793
TEL,1517,S3,115803
TEL,1518,S3,115813
TEL,1519,S3,115823
TEL,1520,S3,115833
TEL,1521,S3,115843
TEL,1522,S3,115853
TEL,1523,S3,115863
TEL,1524,S3,115873
TEL,1525,S3,115883
TEL,1526,S3,115893
TEL,1527,S3,115903
TEL,1528,S3,115913
TEL,1529,S3,115923
TEL,1530,S3,115933
TEL,1531,S3,115943
TEL,1532,S3,115953
TEL,1533,S3,115963
TEL,1534,S3,115973
TEL,1535,S3,115983
TEL,1536,S3,115993
TEL,1537,S3,116003
TEL,1538,S3,116013
TEL,1539,S3,116023
TEL,1540,S3,116033
TEL,1541,S3,116043
TEL,1542,S3,116053
TEL,1543,S3,116063
TEL,1544,S3,116073
TEL,1545,S3,116083
TEL,1546,S3,116093
BTN,24,S3,PRESSED
TEL,1547,S3,116103
TEL,1548,S3,116113
TEL,1549,S3,116123
TEL,1550,S3,116133
TEL,1551,S3,116143
TEL,1552,S3,116153
TEL,1553,S3,116163
TEL,1554,S3,116173
TEL,1555,S3,116183
TEL,1556,S3,116193
TEL,1557,S3,116203
TEL,1558,S3,116213
TEL,1559,S3,116223
TEL,1560,S3,116233
TEL,1561,S3,116243
TEL,1562,S3,116253
TEL,1563,S3,116263
TEL,1564,S3,116273
TEL,1565,S3,116283
TEL,1566,S3,116293
TEL,1567,S3,116303
TEL,1568,S3,116313
TEL,1569,S3,116323
TEL,1570,S3,116333
TEL,1571,S3,116343
TEL,1572,S3,116353
TEL,1573,S3,116363
TEL,1574,S3,116373
TEL,1575,S3,116383
TEL,1576,S3,116393
TEL,1577,S3,116403
TEL,1578,S3,116413
TEL,1579,S3,116423
TEL,1580,S3,116433
TEL,1581,S3,116443
BTN,25,S3,PRESSED
TEL,1582,S3,116453
TEL,1583,S3,116463
TEL,1584,S3,116473
TEL,1585,S3,116483
TEL,1586,S3,116493
TEL,1587,S3,116503
TEL,1588,S3,116513
TEL,1589,S3,116523
TEL,1590,S3,116533
TEL,1591,S3,116543
TEL,1592,S3,116553
TEL,1593,S3,116563
TEL,1594,S3,116573
TEL,1595,S3,116583
TEL,1596,S3,116593
TEL,1597,S3,116603
TEL,1598,S3,116613
TEL,1599,S3,116623
TEL,1600,S3,116633
TEL,1601,S3,116643
TEL,1602,S3,116653
TEL,1603,S3,116663
TEL,1604,S3,116673
TEL,1605,S3,116683
TEL,1606,S3,116693
TEL,1607,S3,116703
TEL,1608,S3,116713
TEL,1609,S3,116723
TEL,1610,S3,116733
TEL,1611,S3,116743
TEL,1612,S3,116753
TEL,1613,S3,116763
TEL,1614,S3,116773
TEL,1615,S3,116783
TEL,1616,S3,116793
TEL,1617,S3,116803
BTN,26,S3,PRESSED
TEL,1618,S3,116813
TEL,1619,S3,116823
TEL,1620,S3,116833
TEL,1621,S3,116843
TEL,1622,S3,116853
TEL,1623,S3,116863
TEL,1624,S3,116873
TEL,1625,S3,116883
TEL,1626,S3,116893
TEL,1627,S3,116903
TEL,1628,S3,116913
TEL,1629,S3,116923
TEL,1630,S3,116933
TEL,1631,S3,116943
TEL,1632,S3,116953
TEL,1633,S3,116963
TEL,1634,S3,116973
TEL,1635,S3,116983
TEL,1636,S3,116993
TEL,1637,S3,117003
TEL,1638,S3,117013
TEL,1639,S3,117023
TEL,1640,S3,117033
TEL,1641,S3,117043
TEL,1642,S3,117053
TEL,1643,S3,117063
TEL,1644,S3,117073
TEL,1645,S3,117083
TEL,1646,S3,117093
TEL,1647,S3,117103
TEL,1648,S3,117113
TEL,1649,S3,117123
TEL,1650,S3,117133
BTN,27,S3,PRESSED
TEL,1651,S3,117143
TEL,1652,S3,117153
TEL,1653,S3,117163
TEL,1654,S3,117173
TEL,1655,S3,117183
TEL,1656,S3,117193
TEL,1657,S3,117203
TEL,1658,S3,117213
TEL,1659,S3,117223
TEL,1660,S3,117233
TEL,1661,S3,117243
TEL,1662,S3,117253
TEL,1663,S3,117263
TEL,1664,S3,117273
TEL,1665,S3,117283
TEL,1666,S3,117293
TEL,1667,S3,117303
TEL,1668,S3,117313
TEL,1669,S3,117323
TEL,1670,S3,117333
TEL,1671,S3,117343
TEL,1672,S3,117353
TEL,1673,S3,117363
TEL,1674,S3,117373
TEL,1675,S3,117383
TEL,1676,S3,117393
TEL,1677,S3,117403
TEL,1678,S3,117413
TEL,1679,S3,117423
TEL,1680,S3,117433
TEL,1681,S3,117443
TEL,1682,S3,117453
TEL,1683,S3,117463
TEL,1684,S3,117473
TEL,1685,S3,117483
TEL,1686,S3,117493
TEL,1687,S3,117503
TEL,1688,S3,117513
TEL,1689,S3,117523
TEL,1690,S3,117533
TEL,1691,S3,117543
TEL,1692,S3,117553
TEL,1693,S3,117563
TEL,1694,S3,117573
TEL,1695,S3,117583
TEL,1696,S3,117593
TEL,1697,S3,117603
TEL,1698,S3,117613
TEL,1699,S3,117623
TEL,1700,S3,117633
TEL,1701,S3,117643
TEL,1702,S3,117653
TEL,1703,S3,117663
TEL,1704,S3,117673
TEL,1705,S3,117683
TEL,1706,S3,117693
TEL,1707,S3,117703
TEL,1708,S3,117713
TEL,1709,S3,117723
TEL,1710,S3,117733
TEL,1711,S3,117743
TEL,1712,S3,117753
TEL,1713,S3,117763
TEL,1714,S3,117773
TEL,1715,S3,117783
TEL,1716,S3,117793
TEL,1717,S3,117803
TEL,1718,S3,117813
TEL,1719,S3,117823
TEL,1720,S3,117833
TEL,1721,S3,117843
TEL,1722,S3,117853
TEL,1723,S3,117863
TEL,1724,S3,117873
TEL,1725,S3,117883
TEL,1726,S3,117893
TEL,1727,S3,117903
TEL,1728,S3,117913
TEL,1729,S3,117923
TEL,1730,S3,117933
TEL,1731,S3,117943
TEL,1732,S3,117953
TEL,1733,S3,117963
TEL,1734,S3,117973
TEL,1735,S3,117983
TEL,1736,S3,117993
TEL,1737,S3,118003
TEL,1738,S3,118013
TEL,1739,S3,118023
TEL,1740,S3,118033
TEL,1741,S3,118043
TEL,1742,S3,118053
TEL,1743,S3,118063
TEL,1744,S3,118073
TEL,1745,S3,118083
TEL,1746,S3,118093
TEL,1747,S3,118103
TEL,1748,S3,118113
TEL,1749,S3,118123
TEL,1750,S3,118133
TEL,1751,S3,118143
TEL,1752,S3,118153
TEL,1753,S3,118163
TEL,1754,S3,118173
TEL,1755,S3,118183
TEL,1756,S3,118193
TEL,1757,S3,118203
TEL,1758,S3,118213
TEL,1759,S3,118223
TEL,1760,S3,118233
TEL,1761,S3,118243
TEL,1762,S3,118253
TEL,1763,S3,118263
TEL,1764,S3,118273
TEL,1765,S3,118283
TEL,1766,S3,118293
TEL,1767,S3,118303
TEL,1768,S3,118313
TEL,1769,S3,118323
TEL,1770,S3,118333
TEL,1771,S3,118343
TEL,1772,S3,118353
TEL,1773,S3,118363
TEL,1774,S3,118373
TEL,1775,S3,118383
TEL,1776,S3,118393
TEL,1777,S3,118403
TEL,1778,S3,118413
TEL,1779,S3,118423
TEL,1780,S3,118433
TEL,1781,S3,118443
TEL,1782,S3,118453
TEL,1783,S3,118463
TEL,1784,S3,118473
TEL,1785,S3,118483
TEL,1786,S3,118493
TEL,1787,S3,118503
TEL,1788,S3,118513
TEL,1789,S3,118523
TEL,1790,S3,118533
TEL,1791,S3,118543
TEL,1792,S3,118553
TEL,1793,S3,118563
TEL,1794,S3,118573
TEL,1795,S3,118583
TEL,1796,S3,118593
TEL,1797,S3,118603
TEL,1798,S3,118613
TEL,1799,S3,118623
TEL,1800,S3,118633
TEL,1801,S3,118643
TEL,1802,S3,118653
TEL,1803,S3,118663
TEL,1804,S3,118673
TEL,1805,S3,118683
REC,S3,1,107903229,12,29,105,5661,ok
REC,S3,2,108153251,12,29,104,5655,ok
REC,S3,3,108644107,12,32,4800,10359,ok
REC,S3,4,109116181,12,31,2728,8287,ok
REC,S3,5,109585939,14,31,2972,8531,ok
REC,S3,6,110054683,12,30,4222,9781,ok
REC,S3,7,110432226,12,29,70,5623,ok
REC,S3,8,110750366,12,29,57,5611,ok
REC,S3,9,111091267,12,41,68,5622,ok
REC,S3,10,111470571,12,30,58,5614,ok
REC,S3,11,111815432,12,29,3473,9032,ok
REC,S3,12,112161670,12,30,59,5613,ok
REC,S3,13,112497155,14,32,1754,7313,ok
REC,S3,14,112849904,12,30,58,5616,ok
REC,S3,15,113196095,12,32,2812,8371,ok
REC,S3,16,113556804,14,31,2099,7658,ok
REC,S3,17,113885915,12,31,2989,8548,ok
REC,S3,18,114226650,12,29,2256,7815,ok
REC,S3,19,114573532,12,30,5377,10936,ok
REC,S3,20,114916804,12,31,2107,7666,ok
REC,S3,21,115256462,13,31,2443,8002,ok
REC,S3,22,115613901,12,30,5008,10567,ok
REC,S3,23,115943448,12,30,5462,11021,ok
REC,S3,24,116291164,12,30,58,5612,ok
REC,S3,25,116642333,12,29,57,5608,ok
REC,S3,26,116997425,12,29,1486,7045,ok
REC,S3,27,117332434,12,30,58,5616,ok
WRK,S3,0,0,0,0,0
SUM,S3,27,258,0,0,0,0,0,1806,0,2,0,27,0
END,27
