INF,S3,10,0,0,20891,115200
TEL,1,S3,19210
TEL,2,S3,19220
TEL,3,S3,19230
TEL,4,S3,19240
TEL,5,S3,19250
TEL,6,S3,19260
TEL,7,S3,19270
TEL,8,S3,19280
TEL,9,S3,19290
TEL,10,S3,19300
TEL,11,S3,19310
TEL,12,S3,19320
TEL,13,S3,19330
TEL,14,S3,19340
TEL,15,S3,19350
TEL,16,S3,19360
TEL,17,S3,19370
TEL,18,S3,19380
TEL,19,S3,19390
TEL,20,S3,19400
TEL,21,S3,19410
TEL,22,S3,19420
TEL,23,S3,19430
TEL,24,S3,19440
TEL,25,S3,19450
TEL,26,S3,19460
TEL,27,S3,19470
TEL,28,S3,19480
TEL,29,S3,19490
TEL,30,S3,19500
TEL,31,S3,19510
TEL,32,S3,19520
TEL,33,S3,19530
TEL,34,S3,19540
TEL,35,S3,19550
TEL,36,S3,19560
TEL,37,S3,19570
TEL,38,S3,19580
TEL,39,S3,19590
TEL,40,S3,19600
TEL,41,S3,19610
TEL,42,S3,19620
TEL,43,S3,19630
TEL,44,S3,19640
TEL,45,S3,19650
TEL,46,S3,19660
TEL,47,S3,19670
TEL,48,S3,19680
TEL,49,S3,19690
TEL,50,S3,19700
TEL,51,S3,19710
TEL,52,S3,19720
TEL,53,S3,19730
TEL,54,S3,19740
TEL,55,S3,19750
TEL,56,S3,19760
TEL,57,S3,19770
TEL,58,S3,19780
TEL,59,S3,19790
TEL,60,S3,19800
TEL,61,S3,19810
TEL,62,S3,19820
TEL,63,S3,19830
TEL,64,S3,19840
TEL,65,S3,19850
TEL,66,S3,19860
TEL,67,S3,19870
TEL,68,S3,19880
TEL,69,S3,19890
TEL,70,S3,19900
TEL,71,S3,19910
TEL,72,S3,19920
TEL,73,S3,19930
TEL,74,S3,19940
TEL,75,S3,19950
TEL,76,S3,19960
TEL,77,S3,19970
TEL,78,S3,19980
TEL,79,S3,19990
TEL,80,S3,20000
TEL,81,S3,20010
TEL,82,S3,20020
TEL,83,S3,20030
TEL,84,S3,20040
TEL,85,S3,20050
TEL,86,S3,20060
TEL,87,S3,20070
TEL,88,S3,20080
TEL,89,S3,20090
TEL,90,S3,20100
TEL,91,S3,20110
TEL,92,S3,20120
TEL,93,S3,20130
TEL,94,S3,20140
TEL,95,S3,20150
TEL,96,S3,20160
TEL,97,S3,20170
TEL,98,S3,20180
TEL,99,S3,20190
TEL,100,S3,20200
TEL,101,S3,20210
TEL,102,S3,20220
TEL,103,S3,20230
TEL,104,S3,20240
TEL,105,S3,20250
TEL,106,S3,20260
TEL,107,S3,20270
TEL,108,S3,20280
TEL,109,S3,20290
TEL,110,S3,20300
TEL,111,S3,20310
TEL,112,S3,20320
TEL,113,S3,20330
TEL,114,S3,20340
TEL,115,S3,20350
TEL,116,S3,20360
TEL,117,S3,20370
TEL,118,S3,20380
TEL,119,S3,20390
TEL,120,S3,20400
TEL,121,S3,20410
TEL,122,S3,20420
TEL,123,S3,20430
TEL,124,S3,20440
TEL,125,S3,20450
TEL,126,S3,20460
TEL,127,S3,20470
TEL,128,S3,20480
TEL,129,S3,20490
TEL,130,S3,20500
TEL,131,S3,20510
TEL,132,S3,20520
TEL,133,S3,20530
TEL,134,S3,20540
TEL,135,S3,20550
TEL,136,S3,20560
TEL,137,S3,20570
TEL,138,S3,20580
TEL,139,S3,20590
TEL,140,S3,20600
TEL,141,S3,20610
TEL,142,S3,20620
TEL,143,S3,20630
TEL,144,S3,20640
TEL,145,S3,20650
TEL,146,S3,20660
TEL,147,S3,20670
TEL,148,S3,20680
TEL,149,S3,20690
TEL,150,S3,20700
TEL,151,S3,20710
TEL,152,S3,20720
TEL,153,S3,20730
TEL,154,S3,20740
TEL,155,S3,20750
TEL,156,S3,20760
TEL,157,S3,20770
TEL,158,S3,20780
TEL,159,S3,20790
TEL,160,S3,20800
TEL,161,S3,20810
TEL,162,S3,20820
TEL,163,S3,20830
TEL,164,S3,20840
TEL,165,S3,20850
TEL,166,S3,20860
TEL,167,S3,20870
TEL,168,S3,20880
TEL,169,S3,20890
TEL,170,S3,20900
TEL,171,S3,20910
TEL,172,S3,20920
TEL,173,S3,20930
TEL,174,S3,20940
TEL,175,S3,20950
TEL,176,S3,20960
TEL,177,S3,20970
TEL,178,S3,20980
TEL,179,S3,20990
TEL,180,S3,21000
TEL,181,S3,21010
TEL,182,S3,21020
TEL,183,S3,21030
TEL,184,S3,21040
TEL,185,S3,21050
TEL,186,S3,21060
TEL,187,S3,21070
TEL,188,S3,21080
TEL,189,S3,21090
TEL,190,S3,21100
TEL,191,S3,21110
TEL,192,S3,21120
TEL,193,S3,21130
TEL,194,S3,21140
TEL,195,S3,21150
TEL,196,S3,21160
TEL,197,S3,21170
TEL,198,S3,21180
TEL,199,S3,21190
TEL,200,S3,21200
TEL,201,S3,21210
TEL,202,S3,21220
TEL,203,S3,21230
TEL,204,S3,21240
TEL,205,S3,21250
TEL,206,S3,21260
TEL,207,S3,21270
TEL,208,S3,21280
TEL,209,S3,21290
TEL,210,S3,21300
TEL,211,S3,21310
TEL,212,S3,21320
TEL,213,S3,21330
TEL,214,S3,21340
TEL,215,S3,21350
TEL,216,S3,21360
TEL,217,S3,21370
TEL,218,S3,21380
TEL,219,S3,21390
TEL,220,S3,21400
TEL,221,S3,21410
TEL,222,S3,21420
TEL,223,S3,21430
TEL,224,S3,21440
TEL,225,S3,21450
TEL,226,S3,21460
TEL,227,S3,21470
TEL,228,S3,21480
TEL,229,S3,21490
TEL,230,S3,21500
TEL,231,S3,21510
TEL,232,S3,21520
TEL,233,S3,21530
TEL,234,S3,21540
TEL,235,S3,21550
TEL,236,S3,21560
TEL,237,S3,21570
TEL,238,S3,21580
TEL,239,S3,21590
TEL,240,S3,21600
TEL,241,S3,21610
TEL,242,S3,21620
TEL,243,S3,21630
TEL,244,S3,21640
TEL,245,S3,21650
TEL,246,S3,21660
TEL,247,S3,21670
TEL,248,S3,21680
TEL,249,S3,21690
TEL,250,S3,21700
TEL,251,S3,21710
TEL,252,S3,21720
TEL,253,S3,21730
TEL,254,S3,21740
TEL,255,S3,21750
TEL,256,S3,21760
TEL,257,S3,21770
TEL,258,S3,21780
TEL,259,S3,21790
TEL,260,S3,21800
TEL,261,S3,21810
TEL,262,S3,21820
TEL,263,S3,21830
TEL,264,S3,21840
TEL,265,S3,21850
TEL,266,S3,21860
TEL,267,S3,21870
TEL,268,S3,21880
TEL,269,S3,21890
TEL,270,S3,21900
TEL,271,S3,21910
TEL,272,S3,21920
TEL,273,S3,21930
TEL,274,S3,21940
TEL,275,S3,21950
TEL,276,S3,21960
TEL,277,S3,21970
TEL,278,S3,21980
TEL,279,S3,21990
TEL,280,S3,22000
TEL,281,S3,22010
TEL,282,S3,22020
TEL,283,S3,22030
TEL,284,S3,22040
TEL,285,S3,22050
TEL,286,S3,22060
TEL,287,S3,22070
TEL,288,S3,22080
TEL,289,S3,22090
TEL,290,S3,22100
TEL,291,S3,22110
TEL,292,S3,22120
TEL,293,S3,22130
TEL,294,S3,22140
TEL,295,S3,22150
TEL,296,S3,22160
TEL,297,S3,22170
TEL,298,S3,22180
TEL,299,S3,22190
TEL,300,S3,22200
TEL,301,S3,22210
TEL,302,S3,22220
TEL,303,S3,22230
TEL,304,S3,22240
TEL,305,S3,22250
TEL,306,S3,22260
TEL,307,S3,22270
TEL,308,S3,22280
TEL,309,S3,22290
TEL,310,S3,22300
TEL,311,S3,22310
TEL,312,S3,22320
TEL,313,S3,22330
TEL,314,S3,22340
TEL,315,S3,22350
TEL,316,S3,22360
TEL,317,S3,22370
TEL,318,S3,22380
TEL,319,S3,22390
TEL,320,S3,22400
TEL,321,S3,22410
TEL,322,S3,22420
TEL,323,S3,22430
TEL,324,S3,22440
TEL,325,S3,22450
TEL,326,S3,22460
TEL,327,S3,22470
TEL,328,S3,22480
TEL,329,S3,22490
TEL,330,S3,22500
TEL,331,S3,22510
TEL,332,S3,22520
TEL,333,S3,22530
TEL,334,S3,22540
TEL,335,S3,22550
TEL,336,S3,22560
TEL,337,S3,22570
TEL,338,S3,22580
TEL,339,S3,22590
TEL,340,S3,22600
TEL,341,S3,22610
TEL,342,S3,22620
TEL,343,S3,22630
TEL,344,S3,22640
TEL,345,S3,22650
TEL,346,S3,22660
TEL,347,S3,22670
TEL,348,S3,22680
TEL,349,S3,22690
TEL,350,S3,22700
TEL,351,S3,22710
TEL,352,S3,22720
TEL,353,S3,22730
TEL,354,S3,22740
TEL,355,S3,22750
TEL,356,S3,22760
TEL,357,S3,22770
TEL,358,S3,22780
TEL,359,S3,22790
TEL,360,S3,22800
TEL,361,S3,22810
TEL,362,S3,22820
TEL,363,S3,22830
TEL,364,S3,22840
TEL,365,S3,22850
TEL,366,S3,22860
TEL,367,S3,22870
TEL,368,S3,22880
TEL,369,S3,22890
TEL,370,S3,22900
TEL,371,S3,22910
TEL,372,S3,22920
TEL,373,S3,22930
TEL,374,S3,22940
TEL,375,S3,22950
TEL,376,S3,22960
TEL,377,S3,22970
TEL,378,S3,22980
TEL,379,S3,22990
TEL,380,S3,23000
TEL,381,S3,23010
TEL,382,S3,23020
TEL,383,S3,23030
TEL,384,S3,23040
TEL,385,S3,23050
TEL,386,S3,23060
TEL,387,S3,23070
TEL,388,S3,23080
TEL,389,S3,23090
TEL,390,S3,23100
TEL,391,S3,23110
TEL,392,S3,23120
TEL,393,S3,23130
TEL,394,S3,23140
TEL,395,S3,23150
TEL,396,S3,23160
TEL,397,S3,23170
TEL,398,S3,23180
TEL,399,S3,23190
TEL,400,S3,23200
TEL,401,S3,23210
TEL,402,S3,23220
TEL,403,S3,23230
TEL,404,S3,23240
TEL,405,S3,23250
TEL,406,S3,23260
TEL,407,S3,23270
TEL,408,S3,23280
TEL,409,S3,23290
TEL,410,S3,23300
TEL,411,S3,23310
TEL,412,S3,23320
TEL,413,S3,23330
TEL,414,S3,23340
TEL,415,S3,23350
TEL,416,S3,23360
TEL,417,S3,23370
TEL,418,S3,23380
TEL,419,S3,23390
TEL,420,S3,23400
TEL,421,S3,23410
TEL,422,S3,23420
TEL,423,S3,23430
TEL,424,S3,23440
TEL,425,S3,23450
TEL,426,S3,23460
TEL,427,S3,23470
TEL,428,S3,23480
TEL,429,S3,23490
TEL,430,S3,23500
TEL,431,S3,23510
TEL,432,S3,23520
TEL,433,S3,23530
TEL,434,S3,23540
TEL,435,S3,23550
TEL,436,S3,23560
TEL,437,S3,23570
TEL,438,S3,23580
TEL,439,S3,23590
TEL,440,S3,23600
TEL,441,S3,23610
TEL,442,S3,23620
TEL,443,S3,23630
TEL,444,S3,23640
TEL,445,S3,23650
TEL,446,S3,23660
TEL,447,S3,23670
TEL,448,S3,23680
TEL,449,S3,23690
TEL,450,S3,23700
TEL,451,S3,23710
TEL,452,S3,23720
TEL,453,S3,23730
TEL,454,S3,23740
TEL,455,S3,23750
TEL,456,S3,23760
TEL,457,S3,23770
TEL,458,S3,23780
TEL,459,S3,23790
TEL,460,S3,23800
TEL,461,S3,23810
TEL,462,S3,23820
TEL,463,S3,23830
TEL,464,S3,23840
TEL,465,S3,23850
TEL,466,S3,23860
TEL,467,S3,23870
TEL,468,S3,23880
TEL,469,S3,23890
TEL,470,S3,23900
TEL,471,S3,23910
TEL,472,S3,23920
TEL,473,S3,23930
TEL,474,S3,23940
TEL,475,S3,23950
TEL,476,S3,23960
TEL,477,S3,23970
TEL,478,S3,23980
TEL,479,S3,23990
TEL,480,S3,24000
TEL,481,S3,24010
TEL,482,S3,24020
TEL,483,S3,24030
TEL,484,S3,24040
TEL,485,S3,24050
TEL,486,S3,24060
TEL,487,S3,24070
TEL,488,S3,24080
TEL,489,S3,24090
TEL,490,S3,24100
TEL,491,S3,24110
TEL,492,S3,24120
TEL,493,S3,24130
TEL,494,S3,24140
TEL,495,S3,24150
TEL,496,S3,24160
TEL,497,S3,24170
TEL,498,S3,24180
TEL,499,S3,24190
TEL,500,S3,24200
TEL,501,S3,24210
TEL,502,S3,24220
TEL,503,S3,24230
TEL,504,S3,24240
TEL,505,S3,24250
TEL,506,S3,24260
TEL,507,S3,24270
TEL,508,S3,24280
TEL,509,S3,24290
TEL,510,S3,24300
TEL,511,S3,24310
TEL,512,S3,24320
TEL,513,S3,24330
TEL,514,S3,24340
TEL,515,S3,24350
TEL,516,S3,24360
TEL,517,S3,24370
TEL,518,S3,24380
TEL,519,S3,24390
TEL,520,S3,24400
TEL,521,S3,24410
TEL,522,S3,24420
TEL,523,S3,24430
TEL,524,S3,24440
TEL,525,S3,24450
TEL,526,S3,24460
TEL,527,S3,24470
TEL,528,S3,24480
TEL,529,S3,24490
TEL,530,S3,24500
TEL,531,S3,24510
TEL,532,S3,24520
TEL,533,S3,24530
TEL,534,S3,24540
TEL,535,S3,24550
TEL,536,S3,24560
TEL,537,S3,24570
TEL,538,S3,24580
TEL,539,S3,24590
TEL,540,S3,24600
TEL,541,S3,24610
TEL,542,S3,24620
TEL,543,S3,24630
TEL,544,S3,24640
TEL,545,S3,24650
TEL,546,S3,24660
TEL,547,S3,24670
TEL,548,S3,24680
TEL,549,S3,24690
TEL,550,S3,24700
TEL,551,S3,24710
TEL,552,S3,24720
TEL,553,S3,24730
TEL,554,S3,24740
TEL,555,S3,24750
TEL,556,S3,24760
TEL,557,S3,24770
TEL,558,S3,24780
TEL,559,S3,24790
TEL,560,S3,24800
TEL,561,S3,24810
TEL,562,S3,24820
TEL,563,S3,24830
TEL,564,S3,24840
TEL,565,S3,24850
TEL,566,S3,24860
TEL,567,S3,24870
TEL,568,S3,24880
TEL,569,S3,24890
TEL,570,S3,24900
TEL,571,S3,24910
TEL,572,S3,24920
TEL,573,S3,24930
TEL,574,S3,24940
TEL,575,S3,24950
BTN,1,S3,PRESSED
TEL,576,S3,24960
TEL,577,S3,24970
TEL,578,S3,24980
TEL,579,S3,24990
TEL,580,S3,25000
TEL,581,S3,25010
TEL,582,S3,25020
TEL,583,S3,25030
TEL,584,S3,25040
TEL,585,S3,25050
TEL,586,S3,25060
TEL,587,S3,25070
TEL,588,S3,25080
TEL,589,S3,25090
TEL,590,S3,25100
TEL,591,S3,25110
TEL,592,S3,25120
TEL,593,S3,25130
TEL,594,S3,25140
TEL,595,S3,25150
TEL,596,S3,25160
TEL,597,S3,25170
TEL,598,S3,25180
TEL,599,S3,25190
TEL,600,S3,25200
TEL,601,S3,25210
TEL,602,S3,25220
TEL,603,S3,25230
TEL,604,S3,25240
TEL,605,S3,25250
TEL,606,S3,25260
TEL,607,S3,25270
TEL,608,S3,25280
TEL,609,S3,25290
TEL,610,S3,25300
TEL,611,S3,25310
TEL,612,S3,25320
TEL,613,S3,25330
TEL,614,S3,25340
TEL,615,S3,25350
TEL,616,S3,25360
TEL,617,S3,25370
TEL,618,S3,25380
TEL,619,S3,25390
TEL,620,S3,25400
TEL,621,S3,25410
TEL,622,S3,25420
TEL,623,S3,25430
TEL,624,S3,25440
TEL,625,S3,25450
TEL,626,S3,25460
TEL,627,S3,25470
BTN,2,S3,PRESSED
TEL,628,S3,25480
TEL,629,S3,25490
TEL,630,S3,25500
TEL,631,S3,25510
TEL,632,S3,25520
TEL,633,S3,25530
TEL,634,S3,25540
TEL,635,S3,25550
TEL,636,S3,25560
TEL,637,S3,25570
TEL,638,S3,25580
TEL,639,S3,25590
TEL,640,S3,25600
TEL,641,S3,25610
TEL,642,S3,25620
TEL,643,S3,25630
TEL,644,S3,25640
TEL,645,S3,25650
TEL,646,S3,25660
TEL,647,S3,25670
TEL,648,S3,25680
TEL,649,S3,25690
TEL,650,S3,25700
TEL,651,S3,25710
TEL,652,S3,25720
TEL,653,S3,25730
TEL,654,S3,25740
TEL,655,S3,25750
TEL,656,S3,25760
TEL,657,S3,25770
TEL,658,S3,25780
TEL,659,S3,25790
TEL,660,S3,25800
TEL,661,S3,25810
TEL,662,S3,25820
TEL,663,S3,25830
TEL,664,S3,25840
TEL,665,S3,25850
TEL,666,S3,25860
TEL,667,S3,25870
TEL,668,S3,25880
TEL,669,S3,25890
TEL,670,S3,25900
TEL,671,S3,25910
TEL,672,S3,25920
TEL,673,S3,25930
TEL,674,S3,25940
TEL,675,S3,25950
TEL,676,S3,25960
TEL,677,S3,25970
TEL,678,S3,25980
BTN,3,S3,PRESSED
TEL,679,S3,25990
TEL,680,S3,26000
TEL,681,S3,26010
TEL,682,S3,26020
TEL,683,S3,26030
TEL,684,S3,26040
TEL,685,S3,26050
TEL,686,S3,26060
TEL,687,S3,26070
TEL,688,S3,26080
TEL,689,S3,26090
TEL,690,S3,26100
TEL,691,S3,26110
TEL,692,S3,26120
TEL,693,S3,26130
TEL,694,S3,26140
TEL,695,S3,26150
TEL,696,S3,26160
TEL,697,S3,26170
TEL,698,S3,26180
TEL,699,S3,26190
TEL,700,S3,26200
TEL,701,S3,26210
TEL,702,S3,26220
TEL,703,S3,26230
TEL,704,S3,26240
TEL,705,S3,26250
BTN,4,S3,PRESSED
TEL,706,S3,26260
TEL,707,S3,26270
TEL,708,S3,26280
TEL,709,S3,26290
TEL,710,S3,26300
TEL,711,S3,26310
TEL,712,S3,26320
TEL,713,S3,26330
TEL,714,S3,26340
TEL,715,S3,26350
TEL,716,S3,26360
TEL,717,S3,26370
TEL,718,S3,26380
TEL,719,S3,26390
TEL,720,S3,26400
TEL,721,S3,26410
TEL,722,S3,26420
TEL,723,S3,26430
TEL,724,S3,26440
TEL,725,S3,26450
TEL,726,S3,26460
TEL,727,S3,26470
TEL,728,S3,26480
TEL,729,S3,26490
TEL,730,S3,26500
TEL,731,S3,26510
BTN,5,S3,PRESSED
TEL,732,S3,26520
TEL,733,S3,26530
TEL,734,S3,26540
TEL,735,S3,26550
TEL,736,S3,26560
TEL,737,S3,26570
TEL,738,S3,26580
TEL,739,S3,26590
TEL,740,S3,26600
TEL,741,S3,26610
TEL,742,S3,26620
TEL,743,S3,26630
TEL,744,S3,26640
TEL,745,S3,26650
TEL,746,S3,26660
TEL,747,S3,26670
TEL,748,S3,26680
TEL,749,S3,26690
TEL,750,S3,26700
TEL,751,S3,26710
TEL,752,S3,26720
TEL,753,S3,26730
TEL,754,S3,26740
TEL,755,S3,26750
TEL,756,S3,26760
TEL,757,S3,26770
TEL,758,S3,26780
TEL,759,S3,26790
TEL,760,S3,26800
TEL,761,S3,26810
TEL,762,S3,26820
TEL,763,S3,26830
TEL,764,S3,26840
TEL,765,S3,26850
TEL,766,S3,26860
TEL,767,S3,26870
TEL,768,S3,26880
TEL,769,S3,26890
TEL,770,S3,26900
TEL,771,S3,26910
TEL,772,S3,26920
TEL,773,S3,26930
TEL,774,S3,26940
TEL,775,S3,26950
TEL,776,S3,26960
TEL,777,S3,26970
TEL,778,S3,26980
TEL,779,S3,26990
TEL,780,S3,27000
TEL,781,S3,27010
TEL,782,S3,27020
BTN,6,S3,PRESSED
TEL,783,S3,27030
TEL,784,S3,27040
TEL,785,S3,27050
TEL,786,S3,27060
TEL,787,S3,27070
TEL,788,S3,27080
TEL,789,S3,27090
TEL,790,S3,27100
TEL,791,S3,27110
TEL,792,S3,27120
TEL,793,S3,27130
TEL,794,S3,27140
TEL,795,S3,27150
TEL,796,S3,27160
TEL,797,S3,27170
TEL,798,S3,27180
TEL,799,S3,27190
TEL,800,S3,27200
TEL,801,S3,27210
TEL,802,S3,27220
TEL,803,S3,27230
TEL,804,S3,27240
TEL,805,S3,27250
TEL,806,S3,27260
TEL,807,S3,27270
TEL,808,S3,27280
TEL,809,S3,27290
BTN,7,S3,PRESSED
TEL,810,S3,27300
TEL,811,S3,27310
TEL,812,S3,27320
TEL,813,S3,27330
TEL,814,S3,27340
TEL,815,S3,27350
TEL,816,S3,27360
TEL,817,S3,27370
TEL,818,S3,27380
TEL,819,S3,27390
TEL,820,S3,27400
TEL,821,S3,27410
TEL,822,S3,27420
TEL,823,S3,27430
TEL,824,S3,27440
TEL,825,S3,27450
TEL,826,S3,27460
TEL,827,S3,27470
TEL,828,S3,27480
TEL,829,S3,27490
TEL,830,S3,27500
TEL,831,S3,27510
TEL,832,S3,27520
TEL,833,S3,27530
TEL,834,S3,27540
TEL,835,S3,27550
TEL,836,S3,27560
TEL,837,S3,27570
TEL,838,S3,27580
TEL,839,S3,27590
TEL,840,S3,27600
TEL,841,S3,27610
TEL,842,S3,27620
TEL,843,S3,27630
TEL,844,S3,27640
TEL,845,S3,27650
TEL,846,S3,27660
TEL,847,S3,27670
TEL,848,S3,27680
TEL,849,S3,27690
TEL,850,S3,27700
TEL,851,S3,27710
TEL,852,S3,27720
TEL,853,S3,27730
TEL,854,S3,27740
BTN,8,S3,PRESSED
TEL,855,S3,27750
TEL,856,S3,27760
TEL,857,S3,27770
TEL,858,S3,27780
TEL,859,S3,27790
TEL,860,S3,27800
TEL,861,S3,27810
TEL,862,S3,27820
TEL,863,S3,27830
TEL,864,S3,27840
TEL,865,S3,27850
TEL,866,S3,27860
TEL,867,S3,27870
TEL,868,S3,27880
TEL,869,S3,27890
TEL,870,S3,27900
TEL,871,S3,27910
TEL,872,S3,27920
TEL,873,S3,27930
TEL,874,S3,27940
TEL,875,S3,27950
TEL,876,S3,27960
TEL,877,S3,27970
TEL,878,S3,27980
TEL,879,S3,27990
TEL,880,S3,28000
TEL,881,S3,28010
TEL,882,S3,28020
TEL,883,S3,28030
TEL,884,S3,28040
TEL,885,S3,28050
TEL,886,S3,28060
TEL,887,S3,28070
TEL,888,S3,28080
TEL,889,S3,28090
TEL,890,S3,28100
TEL,891,S3,28110
TEL,892,S3,28120
TEL,893,S3,28130
TEL,894,S3,28140
TEL,895,S3,28150
TEL,896,S3,28160
TEL,897,S3,28170
TEL,898,S3,28180
TEL,899,S3,28190
TEL,900,S3,28200
TEL,901,S3,28210
TEL,902,S3,28220
TEL,903,S3,28230
BTN,9,S3,PRESSED
TEL,904,S3,28240
TEL,905,S3,28250
TEL,906,S3,28260
TEL,907,S3,28270
TEL,908,S3,28280
TEL,909,S3,28290
TEL,910,S3,28300
TEL,911,S3,28310
TEL,912,S3,28320
TEL,913,S3,28330
TEL,914,S3,28340
TEL,915,S3,28350
TEL,916,S3,28360
TEL,917,S3,28370
TEL,918,S3,28380
TEL,919,S3,28390
TEL,920,S3,28400
TEL,921,S3,28410
TEL,922,S3,28420
TEL,923,S3,28430
TEL,924,S3,28440
TEL,925,S3,28450
TEL,926,S3,28460
TEL,927,S3,28470
TEL,928,S3,28480
TEL,929,S3,28490
BTN,10,S3,PRESSED
TEL,930,S3,28500
TEL,931,S3,28510
TEL,932,S3,28520
TEL,933,S3,28530
TEL,934,S3,28540
TEL,935,S3,28550
TEL,936,S3,28560
TEL,937,S3,28570
TEL,938,S3,28580
TEL,939,S3,28590
TEL,940,S3,28600
TEL,941,S3,28610
TEL,942,S3,28620
TEL,943,S3,28630
TEL,944,S3,28640
TEL,945,S3,28650
TEL,946,S3,28660
TEL,947,S3,28670
TEL,948,S3,28680
TEL,949,S3,28690
TEL,950,S3,28700
TEL,951,S3,28710
TEL,952,S3,28720
TEL,953,S3,28730
TEL,954,S3,28740
TEL,955,S3,28750
TEL,956,S3,28760
TEL,957,S3,28770
TEL,958,S3,28780
TEL,959,S3,28790
TEL,960,S3,28800
TEL,961,S3,28810
TEL,962,S3,28820
TEL,963,S3,28830
TEL,964,S3,28840
TEL,965,S3,28850
TEL,966,S3,28860
TEL,967,S3,28870
TEL,968,S3,28880
TEL,969,S3,28890
TEL,970,S3,28900
TEL,971,S3,28910
TEL,972,S3,28920
TEL,973,S3,28930
TEL,974,S3,28940
TEL,975,S3,28950
TEL,976,S3,28960
TEL,977,S3,28970
BTN,11,S3,PRESSED
TEL,978,S3,28980
TEL,979,S3,28990
TEL,980,S3,29000
TEL,981,S3,29010
TEL,982,S3,29020
TEL,983,S3,29030
TEL,984,S3,29040
TEL,985,S3,29050
TEL,986,S3,29060
TEL,987,S3,29070
TEL,988,S3,29080
TEL,989,S3,29090
TEL,990,S3,29100
TEL,991,S3,29110
TEL,992,S3,29120
TEL,993,S3,29130
TEL,994,S3,29140
TEL,995,S3,29150
TEL,996,S3,29160
TEL,997,S3,29170
TEL,998,S3,29180
TEL,999,S3,29190
TEL,1000,S3,29200
TEL,1001,S3,29210
TEL,1002,S3,29220
TEL,1003,S3,29230
BTN,12,S3,PRESSED
TEL,1004,S3,29240
TEL,1005,S3,29250
TEL,1006,S3,29260
TEL,1007,S3,29270
TEL,1008,S3,29280
TEL,1009,S3,29290
TEL,1010,S3,29300
TEL,1011,S3,29310
TEL,1012,S3,29320
TEL,1013,S3,29330
TEL,1014,S3,29340
TEL,1015,S3,29350
TEL,1016,S3,29360
TEL,1017,S3,29370
TEL,1018,S3,29380
TEL,1019,S3,29390
TEL,1020,S3,29400
TEL,1021,S3,29410
TEL,1022,S3,29420
TEL,1023,S3,29430
TEL,1024,S3,29440
TEL,1025,S3,29450
TEL,1026,S3,29460
TEL,1027,S3,29470
TEL,1028,S3,29480
TEL,1029,S3,29490
TEL,1030,S3,29500
TEL,1031,S3,29510
TEL,1032,S3,29520
TEL,1033,S3,29530
TEL,1034,S3,29540
TEL,1035,S3,29550
TEL,1036,S3,29560
TEL,1037,S3,29570
TEL,1038,S3,29580
TEL,1039,S3,29590
TEL,1040,S3,29600
TEL,1041,S3,29610
TEL,1042,S3,29620
TEL,1043,S3,29630
TEL,1044,S3,29640
TEL,1045,S3,29650
TEL,1046,S3,29660
TEL,1047,S3,29670
TEL,1048,S3,29680
BTN,13,S3,PRESSED
TEL,1049,S3,29690
TEL,1050,S3,29700
TEL,1051,S3,29710
TEL,1052,S3,29720
TEL,1053,S3,29730
TEL,1054,S3,29740
TEL,1055,S3,29750
TEL,1056,S3,29760
TEL,1057,S3,29770
TEL,1058,S3,29780
TEL,1059,S3,29790
TEL,1060,S3,29800
TEL,1061,S3,29810
TEL,1062,S3,29820
TEL,1063,S3,29830
TEL,1064,S3,29840
TEL,1065,S3,29850
TEL,1066,S3,29860
TEL,1067,S3,29870
TEL,1068,S3,29880
TEL,1069,S3,29890
TEL,1070,S3,29900
TEL,1071,S3,29910
TEL,1072,S3,29920
TEL,1073,S3,29930
TEL,1074,S3,29940
TEL,1075,S3,29950
TEL,1076,S3,29960
TEL,1077,S3,29970
TEL,1078,S3,29980
TEL,1079,S3,29990
TEL,1080,S3,30000
TEL,1081,S3,30010
TEL,1082,S3,30020
TEL,1083,S3,30030
TEL,1084,S3,30040
TEL,1085,S3,30050
TEL,1086,S3,30060
TEL,1087,S3,30070
TEL,1088,S3,30080
TEL,1089,S3,30090
TEL,1090,S3,30100
TEL,1091,S3,30110
TEL,1092,S3,30120
BTN,14,S3,PRESSED
TEL,1093,S3,30130
TEL,1094,S3,30140
TEL,1095,S3,30150
TEL,1096,S3,30160
TEL,1097,S3,30170
TEL,1098,S3,30180
TEL,1099,S3,30190
TEL,1100,S3,30200
TEL,1101,S3,30210
TEL,1102,S3,30220
TEL,1103,S3,30230
TEL,1104,S3,30240
TEL,1105,S3,30250
TEL,1106,S3,30260
TEL,1107,S3,30270
TEL,1108,S3,30280
TEL,1109,S3,30290
TEL,1110,S3,30300
TEL,1111,S3,30310
TEL,1112,S3,30320
TEL,1113,S3,30330
TEL,1114,S3,30340
TEL,1115,S3,30350
TEL,1116,S3,30360
TEL,1117,S3,30370
TEL,1118,S3,30380
TEL,1119,S3,30390
TEL,1120,S3,30400
TEL,1121,S3,30410
TEL,1122,S3,30420
TEL,1123,S3,30430
TEL,1124,S3,30440
TEL,1125,S3,30450
TEL,1126,S3,30460
TEL,1127,S3,30470
TEL,1128,S3,30480
TEL,1129,S3,30490
TEL,1130,S3,30500
TEL,1131,S3,30510
TEL,1132,S3,30520
TEL,1133,S3,30530
TEL,1134,S3,30540
TEL,1135,S3,30550
TEL,1136,S3,30560
TEL,1137,S3,30570
TEL,1138,S3,30580
TEL,1139,S3,30590
TEL,1140,S3,30600
TEL,1141,S3,30610
BTN,15,S3,PRESSED
TEL,1142,S3,30620
TEL,1143,S3,30630
TEL,1144,S3,30640
TEL,1145,S3,30650
TEL,1146,S3,30660
TEL,1147,S3,30670
TEL,1148,S3,30680
TEL,1149,S3,30690
TEL,1150,S3,30700
TEL,1151,S3,30710
TEL,1152,S3,30720
TEL,1153,S3,30730
TEL,1154,S3,30740
TEL,1155,S3,30750
TEL,1156,S3,30760
TEL,1157,S3,30770
TEL,1158,S3,30780
TEL,1159,S3,30790
TEL,1160,S3,30800
TEL,1161,S3,30810
TEL,1162,S3,30820
TEL,1163,S3,30830
TEL,1164,S3,30840
TEL,1165,S3,30850
TEL,1166,S3,30860
TEL,1167,S3,30870
TEL,1168,S3,30880
TEL,1169,S3,30890
TEL,1170,S3,30900
TEL,1171,S3,30910
TEL,1172,S3,30920
TEL,1173,S3,30930
TEL,1174,S3,30940
TEL,1175,S3,30950
TEL,1176,S3,30960
TEL,1177,S3,30970
TEL,1178,S3,30980
TEL,1179,S3,30990
TEL,1180,S3,31000
TEL,1181,S3,31010
TEL,1182,S3,31020
TEL,1183,S3,31030
TEL,1184,S3,31040
TEL,1185,S3,31050
TEL,1186,S3,31060
TEL,1187,S3,31070
BTN,16,S3,PRESSED
TEL,1188,S3,31080
TEL,1189,S3,31090
TEL,1190,S3,31100
TEL,1191,S3,31110
TEL,1192,S3,31120
TEL,1193,S3,31130
TEL,1194,S3,31140
TEL,1195,S3,31150
TEL,1196,S3,31160
TEL,1197,S3,31170
TEL,1198,S3,31180
TEL,1199,S3,31190
TEL,1200,S3,31200
TEL,1201,S3,31210
TEL,1202,S3,31220
TEL,1203,S3,31230
TEL,1204,S3,31240
TEL,1205,S3,31250
TEL,1206,S3,31260
TEL,1207,S3,31270
TEL,1208,S3,31280
TEL,1209,S3,31290
TEL,1210,S3,31300
TEL,1211,S3,31310
TEL,1212,S3,31320
TEL,1213,S3,31330
TEL,1214,S3,31340
TEL,1215,S3,31350
TEL,1216,S3,31360
TEL,1217,S3,31370
TEL,1218,S3,31380
TEL,1219,S3,31390
TEL,1220,S3,31400
TEL,1221,S3,31410
TEL,1222,S3,31420
TEL,1223,S3,31430
TEL,1224,S3,31440
TEL,1225,S3,31450
TEL,1226,S3,31460
TEL,1227,S3,31470
TEL,1228,S3,31480
TEL,1229,S3,31490
TEL,1230,S3,31500
TEL,1231,S3,31510
TEL,1232,S3,31520
TEL,1233,S3,31530
BTN,17,S3,PRESSED
TEL,1234,S3,31540
TEL,1235,S3,31550
TEL,1236,S3,31560
TEL,1237,S3,31570
TEL,1238,S3,31580
TEL,1239,S3,31590
TEL,1240,S3,31600
TEL,1241,S3,31610
TEL,1242,S3,31620
TEL,1243,S3,31630
TEL,1244,S3,31640
TEL,1245,S3,31650
TEL,1246,S3,31660
TEL,1247,S3,31670
TEL,1248,S3,31680
TEL,1249,S3,31690
TEL,1250,S3,31700
TEL,1251,S3,31710
TEL,1252,S3,31720
TEL,1253,S3,31730
TEL,1254,S3,31740
TEL,1255,S3,31750
TEL,1256,S3,31760
TEL,1257,S3,31770
TEL,1258,S3,31780
TEL,1259,S3,31790
TEL,1260,S3,31800
TEL,1261,S3,31810
TEL,1262,S3,31820
TEL,1263,S3,31830
TEL,1264,S3,31840
TEL,1265,S3,31850
TEL,1266,S3,31860
TEL,1267,S3,31870
TEL,1268,S3,31880
TEL,1269,S3,31890
TEL,1270,S3,31900
TEL,1271,S3,31910
TEL,1272,S3,31920
TEL,1273,S3,31930
TEL,1274,S3,31940
TEL,1275,S3,31950
TEL,1276,S3,31960
TEL,1277,S3,31970
BTN,18,S3,PRESSED
TEL,1278,S3,31980
TEL,1279,S3,31990
TEL,1280,S3,32000
TEL,1281,S3,32010
TEL,1282,S3,32020
TEL,1283,S3,32030
TEL,1284,S3,32040
TEL,1285,S3,32050
TEL,1286,S3,32060
TEL,1287,S3,32070
TEL,1288,S3,32080
TEL,1289,S3,32090
TEL,1290,S3,32100
TEL,1291,S3,32110
TEL,1292,S3,32120
TEL,1293,S3,32130
TEL,1294,S3,32140
TEL,1295,S3,32150
TEL,1296,S3,32160
TEL,1297,S3,32170
TEL,1298,S3,32180
TEL,1299,S3,32190
TEL,1300,S3,32200
TEL,1301,S3,32210
TEL,1302,S3,32220
TEL,1303,S3,32230
TEL,1304,S3,32240
TEL,1305,S3,32250
TEL,1306,S3,32260
TEL,1307,S3,32270
TEL,1308,S3,32280
TEL,1309,S3,32290
TEL,1310,S3,32300
TEL,1311,S3,32310
TEL,1312,S3,32320
TEL,1313,S3,32330
TEL,1314,S3,32340
TEL,1315,S3,32350
TEL,1316,S3,32360
TEL,1317,S3,32370
TEL,1318,S3,32380
TEL,1319,S3,32390
TEL,1320,S3,32400
TEL,1321,S3,32410
TEL,1322,S3,32420
TEL,1323,S3,32430
TEL,1324,S3,32440
TEL,1325,S3,32450
BTN,19,S3,PRESSED
TEL,1326,S3,32460
TEL,1327,S3,32470
TEL,1328,S3,32480
TEL,1329,S3,32490
TEL,1330,S3,32500
TEL,1331,S3,32510
TEL,1332,S3,32520
TEL,1333,S3,32530
TEL,1334,S3,32540
TEL,1335,S3,32550
TEL,1336,S3,32560
TEL,1337,S3,32570
TEL,1338,S3,32580
TEL,1339,S3,32590
TEL,1340,S3,32600
TEL,1341,S3,32610
TEL,1342,S3,32620
TEL,1343,S3,32630
TEL,1344,S3,32640
TEL,1345,S3,32650
TEL,1346,S3,32660
TEL,1347,S3,32670
TEL,1348,S3,32680
TEL,1349,S3,32690
TEL,1350,S3,32700
TEL,1351,S3,32710
TEL,1352,S3,32720
TEL,1353,S3,32730
TEL,1354,S3,32740
TEL,1355,S3,32750
TEL,1356,S3,32760
TEL,1357,S3,32770
TEL,1358,S3,32780
TEL,1359,S3,32790
TEL,1360,S3,32800
TEL,1361,S3,32810
TEL,1362,S3,32820
TEL,1363,S3,32830
TEL,1364,S3,32840
TEL,1365,S3,32850
TEL,1366,S3,32860
TEL,1367,S3,32870
TEL,1368,S3,32880
TEL,1369,S3,32890
BTN,20,S3,PRESSED
TEL,1370,S3,32900
TEL,1371,S3,32910
TEL,1372,S3,32920
TEL,1373,S3,32930
TEL,1374,S3,32940
TEL,1375,S3,32950
TEL,1376,S3,32960
TEL,1377,S3,32970
TEL,1378,S3,32980
TEL,1379,S3,32990
TEL,1380,S3,33000
TEL,1381,S3,33010
TEL,1382,S3,33020
TEL,1383,S3,33030
TEL,1384,S3,33040
TEL,1385,S3,33050
TEL,1386,S3,33060
TEL,1387,S3,33070
TEL,1388,S3,33080
TEL,1389,S3,33090
TEL,1390,S3,33100
TEL,1391,S3,33110
TEL,1392,S3,33120
TEL,1393,S3,33130
TEL,1394,S3,33140
TEL,1395,S3,33150
TEL,1396,S3,33160
TEL,1397,S3,33170
TEL,1398,S3,33180
TEL,1399,S3,33190
TEL,1400,S3,33200
TEL,1401,S3,33210
TEL,1402,S3,33220
TEL,1403,S3,33230
TEL,1404,S3,33240
TEL,1405,S3,33250
TEL,1406,S3,33260
TEL,1407,S3,33270
TEL,1408,S3,33280
TEL,1409,S3,33290
TEL,1410,S3,33300
TEL,1411,S3,33310
TEL,1412,S3,33320
TEL,1413,S3,33330
BTN,21,S3,PRESSED
TEL,1414,S3,33340
TEL,1415,S3,33350
TEL,1416,S3,33360
TEL,1417,S3,33370
TEL,1418,S3,33380
TEL,1419,S3,33390
TEL,1420,S3,33400
TEL,1421,S3,33410
TEL,1422,S3,33420
TEL,1423,S3,33430
TEL,1424,S3,33440
TEL,1425,S3,33450
TEL,1426,S3,33460
TEL,1427,S3,33470
TEL,1428,S3,33480
TEL,1429,S3,33490
TEL,1430,S3,33500
TEL,1431,S3,33510
TEL,1432,S3,33520
TEL,1433,S3,33530
TEL,1434,S3,33540
TEL,1435,S3,33550
TEL,1436,S3,33560
TEL,1437,S3,33570
TEL,1438,S3,33580
TEL,1439,S3,33590
TEL,1440,S3,33600
TEL,1441,S3,33610
TEL,1442,S3,33620
TEL,1443,S3,33630
TEL,1444,S3,33640
TEL,1445,S3,33650
TEL,1446,S3,33660
TEL,1447,S3,33670
TEL,1448,S3,33680
TEL,1449,S3,33690
TEL,1450,S3,33700
TEL,1451,S3,33710
TEL,1452,S3,33720
TEL,1453,S3,33730
TEL,1454,S3,33740
TEL,1455,S3,33750
TEL,1456,S3,33760
TEL,1457,S3,33770
TEL,1458,S3,33780
TEL,1459,S3,33790
TEL,1460,S3,33800
BTN,22,S3,PRESSED
TEL,1461,S3,33810
TEL,1462,S3,33820
TEL,1463,S3,33830
TEL,1464,S3,33840
TEL,1465,S3,33850
TEL,1466,S3,33860
TEL,1467,S3,33870
TEL,1468,S3,33880
TEL,1469,S3,33890
TEL,1470,S3,33900
TEL,1471,S3,33910
TEL,1472,S3,33920
TEL,1473,S3,33930
TEL,1474,S3,33940
TEL,1475,S3,33950
TEL,1476,S3,33960
TEL,1477,S3,33970
TEL,1478,S3,33980
TEL,1479,S3,33990
TEL,1480,S3,34000
TEL,1481,S3,34010
TEL,1482,S3,34020
TEL,1483,S3,34030
TEL,1484,S3,34040
TEL,1485,S3,34050
BTN,23,S3,PRESSED
TEL,1486,S3,34060
TEL,1487,S3,34070
TEL,1488,S3,34080
TEL,1489,S3,34090
TEL,1490,S3,34100
TEL,1491,S3,34110
TEL,1492,S3,34120
TEL,1493,S3,34130
TEL,1494,S3,34140
TEL,1495,S3,34150
TEL,1496,S3,34160
TEL,1497,S3,34170
TEL,1498,S3,34180
TEL,1499,S3,34190
TEL,1500,S3,34200
TEL,1501,S3,34210
TEL,1502,S3,34220
TEL,1503,S3,34230
TEL,1504,S3,34240
TEL,1505,S3,34250
TEL,1506,S3,34260
TEL,1507,S3,34270
TEL,1508,S3,34280
TEL,1509,S3,34290
TEL,1510,S3,34300
TEL,1511,S3,34310
TEL,1512,S3,34320
TEL,1513,S3,34330
TEL,1514,S3,34340
TEL,1515,S3,34350
TEL,1516,S3,34360
TEL,1517,S3,34370
TEL,1518,S3,34380
TEL,1519,S3,34390
TEL,1520,S3,34400
TEL,1521,S3,34410
TEL,1522,S3,34420
TEL,1523,S3,34430
TEL,1524,S3,34440
TEL,1525,S3,34450
TEL,1526,S3,34460
TEL,1527,S3,34470
TEL,1528,S3,34480
TEL,1529,S3,34490
TEL,1530,S3,34500
TEL,1531,S3,34510
TEL,1532,S3,34520
TEL,1533,S3,34530
BTN,24,S3,PRESSED
TEL,1534,S3,34540
TEL,1535,S3,34550
TEL,1536,S3,34560
TEL,1537,S3,34570
TEL,1538,S3,34580
TEL,1539,S3,34590
TEL,1540,S3,34600
TEL,1541,S3,34610
TEL,1542,S3,34620
TEL,1543,S3,34630
TEL,1544,S3,34640
TEL,1545,S3,34650
TEL,1546,S3,34660
TEL,1547,S3,34670
TEL,1548,S3,34680
TEL,1549,S3,34690
TEL,1550,S3,34700
TEL,1551,S3,34710
TEL,1552,S3,34720
TEL,1553,S3,34730
TEL,1554,S3,34740
TEL,1555,S3,34750
TEL,1556,S3,34760
TEL,1557,S3,34770
TEL,1558,S3,34780
TEL,1559,S3,34790
TEL,1560,S3,34800
TEL,1561,S3,34810
TEL,1562,S3,34820
TEL,1563,S3,34830
TEL,1564,S3,34840
TEL,1565,S3,34850
TEL,1566,S3,34860
TEL,1567,S3,34870
TEL,1568,S3,34880
TEL,1569,S3,34890
TEL,1570,S3,34900
TEL,1571,S3,34910
TEL,1572,S3,34920
TEL,1573,S3,34930
TEL,1574,S3,34940
TEL,1575,S3,34950
TEL,1576,S3,34960
TEL,1577,S3,34970
TEL,1578,S3,34980
TEL,1579,S3,34990
TEL,1580,S3,35000
BTN,25,S3,PRESSED
TEL,1581,S3,35010
TEL,1582,S3,35020
TEL,1583,S3,35030
TEL,1584,S3,35040
TEL,1585,S3,35050
TEL,1586,S3,35060
TEL,1587,S3,35070
TEL,1588,S3,35080
TEL,1589,S3,35090
TEL,1590,S3,35100
TEL,1591,S3,35110
TEL,1592,S3,35120
TEL,1593,S3,35130
TEL,1594,S3,35140
TEL,1595,S3,35150
TEL,1596,S3,35160
TEL,1597,S3,35170
TEL,1598,S3,35180
TEL,1599,S3,35190
TEL,1600,S3,35200
TEL,1601,S3,35210
TEL,1602,S3,35220
TEL,1603,S3,35230
TEL,1604,S3,35240
TEL,1605,S3,35250
TEL,1606,S3,35260
BTN,26,S3,PRESSED
TEL,1607,S3,35270
TEL,1608,S3,35280
TEL,1609,S3,35290
TEL,1610,S3,35300
TEL,1611,S3,35310
TEL,1612,S3,35320
TEL,1613,S3,35330
TEL,1614,S3,35340
TEL,1615,S3,35350
TEL,1616,S3,35360
TEL,1617,S3,35370
TEL,1618,S3,35380
TEL,1619,S3,35390
TEL,1620,S3,35400
TEL,1621,S3,35410
TEL,1622,S3,35420
TEL,1623,S3,35430
TEL,1624,S3,35440
TEL,1625,S3,35450
TEL,1626,S3,35460
TEL,1627,S3,35470
TEL,1628,S3,35480
TEL,1629,S3,35490
TEL,1630,S3,35500
TEL,1631,S3,35510
TEL,1632,S3,35520
TEL,1633,S3,35530
TEL,1634,S3,35540
TEL,1635,S3,35550
TEL,1636,S3,35560
TEL,1637,S3,35570
TEL,1638,S3,35580
TEL,1639,S3,35590
TEL,1640,S3,35600
TEL,1641,S3,35610
TEL,1642,S3,35620
TEL,1643,S3,35630
TEL,1644,S3,35640
TEL,1645,S3,35650
TEL,1646,S3,35660
TEL,1647,S3,35670
TEL,1648,S3,35680
TEL,1649,S3,35690
TEL,1650,S3,35700
TEL,1651,S3,35710
TEL,1652,S3,35720
TEL,1653,S3,35730
TEL,1654,S3,35740
TEL,1655,S3,35750
TEL,1656,S3,35760
BTN,27,S3,PRESSED
TEL,1657,S3,35770
TEL,1658,S3,35780
TEL,1659,S3,35790
TEL,1660,S3,35800
TEL,1661,S3,35810
TEL,1662,S3,35820
TEL,1663,S3,35830
TEL,1664,S3,35840
TEL,1665,S3,35850
TEL,1666,S3,35860
TEL,1667,S3,35870
TEL,1668,S3,35880
TEL,1669,S3,35890
TEL,1670,S3,35900
TEL,1671,S3,35910
TEL,1672,S3,35920
TEL,1673,S3,35930
TEL,1674,S3,35940
TEL,1675,S3,35950
TEL,1676,S3,35960
TEL,1677,S3,35970
TEL,1678,S3,35980
TEL,1679,S3,35990
TEL,1680,S3,36000
TEL,1681,S3,36010
TEL,1682,S3,36020
TEL,1683,S3,36030
TEL,1684,S3,36040
BTN,28,S3,PRESSED
TEL,1685,S3,36050
TEL,1686,S3,36060
TEL,1687,S3,36070
TEL,1688,S3,36080
TEL,1689,S3,36090
TEL,1690,S3,36100
TEL,1691,S3,36110
TEL,1692,S3,36120
TEL,1693,S3,36130
TEL,1694,S3,36140
TEL,1695,S3,36150
TEL,1696,S3,36160
TEL,1697,S3,36170
TEL,1698,S3,36180
TEL,1699,S3,36190
TEL,1700,S3,36200
TEL,1701,S3,36210
TEL,1702,S3,36220
TEL,1703,S3,36230
TEL,1704,S3,36240
TEL,1705,S3,36250
TEL,1706,S3,36260
TEL,1707,S3,36270
TEL,1708,S3,36280
TEL,1709,S3,36290
TEL,1710,S3,36300
TEL,1711,S3,36310
TEL,1712,S3,36320
TEL,1713,S3,36330
TEL,1714,S3,36340
TEL,1715,S3,36350
TEL,1716,S3,36360
TEL,1717,S3,36370
TEL,1718,S3,36380
TEL,1719,S3,36390
TEL,1720,S3,36400
TEL,1721,S3,36410
TEL,1722,S3,36420
TEL,1723,S3,36430
TEL,1724,S3,36440
TEL,1725,S3,36450
TEL,1726,S3,36460
TEL,1727,S3,36470
TEL,1728,S3,36480
TEL,1729,S3,36490
TEL,1730,S3,36500
TEL,1731,S3,36510
BTN,29,S3,PRESSED
TEL,1732,S3,36520
TEL,1733,S3,36530
TEL,1734,S3,36540
TEL,1735,S3,36550
TEL,1736,S3,36560
TEL,1737,S3,36570
TEL,1738,S3,36580
TEL,1739,S3,36590
TEL,1740,S3,36600
TEL,1741,S3,36610
TEL,1742,S3,36620
TEL,1743,S3,36630
TEL,1744,S3,36640
TEL,1745,S3,36650
TEL,1746,S3,36660
TEL,1747,S3,36670
TEL,1748,S3,36680
TEL,1749,S3,36690
TEL,1750,S3,36700
TEL,1751,S3,36710
TEL,1752,S3,36720
TEL,1753,S3,36730
TEL,1754,S3,36740
TEL,1755,S3,36750
TEL,1756,S3,36760
TEL,1757,S3,36770
TEL,1758,S3,36780
TEL,1759,S3,36790
TEL,1760,S3,36800
TEL,1761,S3,36810
TEL,1762,S3,36820
TEL,1763,S3,36830
TEL,1764,S3,36840
TEL,1765,S3,36850
TEL,1766,S3,36860
TEL,1767,S3,36870
TEL,1768,S3,36880
TEL,1769,S3,36890
TEL,1770,S3,36900
TEL,1771,S3,36910
TEL,1772,S3,36920
TEL,1773,S3,36930
TEL,1774,S3,36940
TEL,1775,S3,36950
TEL,1776,S3,36960
TEL,1777,S3,36970
TEL,1778,S3,36980
BTN,30,S3,PRESSED
TEL,1779,S3,36990
TEL,1780,S3,37000
TEL,1781,S3,37010
TEL,1782,S3,37020
TEL,1783,S3,37030
TEL,1784,S3,37040
TEL,1785,S3,37050
TEL,1786,S3,37060
TEL,1787,S3,37070
TEL,1788,S3,37080
TEL,1789,S3,37090
TEL,1790,S3,37100
TEL,1791,S3,37110
TEL,1792,S3,37120
TEL,1793,S3,37130
TEL,1794,S3,37140
TEL,1795,S3,37150
TEL,1796,S3,37160
TEL,1797,S3,37170
TEL,1798,S3,37180
TEL,1799,S3,37190
TEL,1800,S3,37200
TEL,1801,S3,37210
TEL,1802,S3,37220
TEL,1803,S3,37230
TEL,1804,S3,37240
TEL,1805,S3,37250
TEL,1806,S3,37260
TEL,1807,S3,37270
TEL,1808,S3,37280
TEL,1809,S3,37290
TEL,1810,S3,37300
TEL,1811,S3,37310
TEL,1812,S3,37320
TEL,1813,S3,37330
TEL,1814,S3,37340
TEL,1815,S3,37350
TEL,1816,S3,37360
TEL,1817,S3,37370
TEL,1818,S3,37380
TEL,1819,S3,37390
TEL,1820,S3,37400
TEL,1821,S3,37410
TEL,1822,S3,37420
TEL,1823,S3,37430
BTN,31,S3,PRESSED
TEL,1824,S3,37440
TEL,1825,S3,37450
TEL,1826,S3,37460
TEL,1827,S3,37470
TEL,1828,S3,37480
TEL,1829,S3,37490
TEL,1830,S3,37500
TEL,1831,S3,37510
TEL,1832,S3,37520
TEL,1833,S3,37530
TEL,1834,S3,37540
TEL,1835,S3,37550
TEL,1836,S3,37560
TEL,1837,S3,37570
TEL,1838,S3,37580
TEL,1839,S3,37590
TEL,1840,S3,37600
TEL,1841,S3,37610
TEL,1842,S3,37620
TEL,1843,S3,37630
TEL,1844,S3,37640
TEL,1845,S3,37650
TEL,1846,S3,37660
TEL,1847,S3,37670
TEL,1848,S3,37680
TEL,1849,S3,37690
TEL,1850,S3,37700
TEL,1851,S3,37710
TEL,1852,S3,37720
TEL,1853,S3,37730
TEL,1854,S3,37740
TEL,1855,S3,37750
TEL,1856,S3,37760
TEL,1857,S3,37770
TEL,1858,S3,37780
TEL,1859,S3,37790
TEL,1860,S3,37800
TEL,1861,S3,37810
TEL,1862,S3,37820
TEL,1863,S3,37830
TEL,1864,S3,37840
TEL,1865,S3,37850
TEL,1866,S3,37860
TEL,1867,S3,37870
TEL,1868,S3,37880
TEL,1869,S3,37890
TEL,1870,S3,37900
TEL,1871,S3,37910
TEL,1872,S3,37920
TEL,1873,S3,37930
TEL,1874,S3,37940
TEL,1875,S3,37950
TEL,1876,S3,37960
TEL,1877,S3,37970
TEL,1878,S3,37980
TEL,1879,S3,37990
TEL,1880,S3,38000
TEL,1881,S3,38010
TEL,1882,S3,38020
TEL,1883,S3,38030
TEL,1884,S3,38040
TEL,1885,S3,38050
TEL,1886,S3,38060
TEL,1887,S3,38070
TEL,1888,S3,38080
TEL,1889,S3,38090
TEL,1890,S3,38100
TEL,1891,S3,38110
TEL,1892,S3,38120
TEL,1893,S3,38130
TEL,1894,S3,38140
TEL,1895,S3,38150
TEL,1896,S3,38160
TEL,1897,S3,38170
TEL,1898,S3,38180
TEL,1899,S3,38190
TEL,1900,S3,38200
TEL,1901,S3,38210
TEL,1902,S3,38220
TEL,1903,S3,38230
TEL,1904,S3,38240
TEL,1905,S3,38250
TEL,1906,S3,38260
TEL,1907,S3,38270
TEL,1908,S3,38280
TEL,1909,S3,38290
TEL,1910,S3,38300
TEL,1911,S3,38310
TEL,1912,S3,38320
TEL,1913,S3,38330
TEL,1914,S3,38340
TEL,1915,S3,38350
TEL,1916,S3,38360
TEL,1917,S3,38370
TEL,1918,S3,38380
TEL,1919,S3,38390
TEL,1920,S3,38400
TEL,1921,S3,38410
TEL,1922,S3,38420
TEL,1923,S3,38430
TEL,1924,S3,38440
TEL,1925,S3,38450
TEL,1926,S3,38460
TEL,1927,S3,38470
TEL,1928,S3,38480
TEL,1929,S3,38490
TEL,1930,S3,38500
TEL,1931,S3,38510
TEL,1932,S3,38520
TEL,1933,S3,38530
TEL,1934,S3,38540
TEL,1935,S3,38550
TEL,1936,S3,38560
TEL,1937,S3,38570
TEL,1938,S3,38580
TEL,1939,S3,38590
TEL,1940,S3,38600
TEL,1941,S3,38610
TEL,1942,S3,38620
TEL,1943,S3,38630
TEL,1944,S3,38640
REC,S3,1,25147139,12,29,57,5614,ok
REC,S3,2,25668899,12,30,58,5614,ok
REC,S3,3,26175840,12,31,73,5629,ok
REC,S3,4,26441298,14,31,4605,10164,ok
REC,S3,5,26705041,12,30,862,6421,ok
REC,S3,6,27217503,12,29,57,5613,ok
REC,S3,7,27481515,12,29,4388,9947,ok
REC,S3,8,27933323,12,29,2580,8139,ok
REC,S3,9,28428075,12,30,58,5610,ok
REC,S3,10,28682508,14,32,3399,8958,ok
REC,S3,11,29164008,12,30,1903,7462,ok
REC,S3,12,29426371,12,30,58,5610,ok
REC,S3,13,29875724,12,30,186,5745,ok
REC,S3,14,30311043,12,30,4865,10424,ok
REC,S3,15,30800901,12,29,5003,10562,ok
REC,S3,16,31264473,12,29,1432,6991,ok
REC,S3,17,31724816,12,30,1089,6648,ok
REC,S3,18,32169527,12,29,57,5610,ok
REC,S3,19,32642720,12,29,3187,8746,ok
REC,S3,20,33081498,12,30,4407,9966,ok
REC,S3,21,33525636,14,31,276,5834,ok
REC,S3,22,33992631,12,29,3274,8833,ok
REC,S3,23,34248877,12,29,57,5610,ok
REC,S3,24,34721942,12,29,3965,9524,ok
REC,S3,25,35193178,12,32,2731,8290,ok
REC,S3,26,35458099,12,29,57,5613,ok
REC,S3,27,35952167,12,30,3739,9298,ok
REC,S3,28,36238608,12,29,57,5615,ok
REC,S3,29,36703709,12,32,2202,7761,ok
REC,S3,30,37179166,12,30,57,5616,ok
REC,S3,31,37627259,12,41,69,5624,ok
WRK,S3,0,0,0,0,0
SUM,S3,31,326,0,0,0,0,0,1951,0,1,0,23,0
END,31
