INF,S5,10,5000,23933,20891,115200
TEL,1,S5,453217
TEL,2,S5,453227
TEL,3,S5,453237
TEL,4,S5,453247
TEL,5,S5,453257
TEL,6,S5,453267
TEL,7,S5,453277
TEL,8,S5,453287
TEL,9,S5,453297
TEL,10,S5,453307
TEL,11,S5,453317
TEL,12,S5,453327
TEL,13,S5,453337
TEL,14,S5,453347
TEL,15,S5,453357
TEL,16,S5,453367
TEL,17,S5,453377
TEL,18,S5,453387
TEL,19,S5,453397
TEL,20,S5,453407
TEL,21,S5,453417
TEL,22,S5,453427
TEL,23,S5,453437
TEL,24,S5,453447
TEL,25,S5,453457
TEL,26,S5,453467
TEL,27,S5,453477
TEL,28,S5,453487
TEL,29,S5,453497
TEL,30,S5,453507
TEL,31,S5,453517
TEL,32,S5,453527
TEL,33,S5,453537
TEL,34,S5,453547
TEL,35,S5,453557
TEL,36,S5,453567
TEL,37,S5,453577
TEL,38,S5,453587
TEL,39,S5,453597
TEL,40,S5,453607
TEL,41,S5,453617
TEL,42,S5,453627
TEL,43,S5,453637
TEL,44,S5,453647
TEL,45,S5,453657
TEL,46,S5,453667
TEL,47,S5,453677
TEL,48,S5,453687
TEL,49,S5,453697
TEL,50,S5,453707
TEL,51,S5,453717
TEL,52,S5,453727
TEL,53,S5,453737
TEL,54,S5,453747
TEL,55,S5,453757
TEL,56,S5,453767
TEL,57,S5,453777
TEL,58,S5,453787
TEL,59,S5,453797
TEL,60,S5,453807
TEL,61,S5,453817
TEL,62,S5,453827
TEL,63,S5,453837
TEL,64,S5,453847
TEL,65,S5,453857
TEL,66,S5,453867
TEL,67,S5,453877
TEL,68,S5,453887
TEL,69,S5,453897
TEL,70,S5,453907
TEL,71,S5,453917
TEL,72,S5,453927
TEL,73,S5,453937
TEL,74,S5,453947
TEL,75,S5,453957
TEL,76,S5,453967
TEL,77,S5,453977
TEL,78,S5,453987
TEL,79,S5,453997
TEL,80,S5,454007
TEL,81,S5,454017
TEL,82,S5,454027
TEL,83,S5,454037
TEL,84,S5,454047
TEL,85,S5,454057
TEL,86,S5,454067
TEL,87,S5,454077
TEL,88,S5,454087
TEL,89,S5,454097
TEL,90,S5,454107
TEL,91,S5,454117
TEL,92,S5,454127
TEL,93,S5,454137
TEL,94,S5,454147
TEL,95,S5,454157
TEL,96,S5,454167
TEL,97,S5,454177
TEL,98,S5,454187
TEL,99,S5,454197
TEL,100,S5,454207
TEL,101,S5,454217
TEL,102,S5,454227
TEL,103,S5,454237
TEL,104,S5,454247
TEL,105,S5,454257
TEL,106,S5,454267
TEL,107,S5,454277
TEL,108,S5,454287
TEL,109,S5,454297
TEL,110,S5,454307
TEL,111,S5,454317
TEL,112,S5,454327
TEL,113,S5,454337
TEL,114,S5,454347
TEL,115,S5,454357
TEL,116,S5,454367
TEL,117,S5,454377
TEL,118,S5,454387
TEL,119,S5,454397
TEL,120,S5,454407
TEL,121,S5,454417
TEL,122,S5,454427
TEL,123,S5,454437
TEL,124,S5,454447
TEL,125,S5,454457
TEL,126,S5,454467
TEL,127,S5,454477
TEL,128,S5,454487
TEL,129,S5,454497
TEL,130,S5,454507
TEL,131,S5,454517
TEL,132,S5,454527
TEL,133,S5,454537
TEL,134,S5,454547
TEL,135,S5,454557
TEL,136,S5,454567
TEL,137,S5,454577
TEL,138,S5,454587
TEL,139,S5,454597
TEL,140,S5,454607
TEL,141,S5,454617
TEL,142,S5,454627
TEL,143,S5,454637
TEL,144,S5,454647
TEL,145,S5,454657
TEL,146,S5,454667
TEL,147,S5,454677
TEL,148,S5,454687
TEL,149,S5,454697
TEL,150,S5,454707
TEL,151,S5,454717
TEL,152,S5,454727
TEL,153,S5,454737
TEL,154,S5,454747
TEL,155,S5,454757
TEL,156,S5,454767
TEL,157,S5,454777
TEL,158,S5,454787
TEL,159,S5,454797
TEL,160,S5,454807
TEL,161,S5,454817
TEL,162,S5,454827
TEL,163,S5,454837
TEL,164,S5,454847
TEL,165,S5,454857
TEL,166,S5,454867
TEL,167,S5,454877
TEL,168,S5,454887
TEL,169,S5,454897
TEL,170,S5,454907
TEL,171,S5,454917
TEL,172,S5,454927
TEL,173,S5,454937
TEL,174,S5,454947
TEL,175,S5,454957
TEL,176,S5,454967
TEL,177,S5,454977
TEL,178,S5,454987
TEL,179,S5,454997
TEL,180,S5,455007
TEL,181,S5,455017
TEL,182,S5,455027
TEL,183,S5,455037
TEL,184,S5,455047
TEL,185,S5,455057
TEL,186,S5,455067
TEL,187,S5,455077
TEL,188,S5,455087
TEL,189,S5,455097
TEL,190,S5,455107
TEL,191,S5,455117
TEL,192,S5,455127
TEL,193,S5,455137
TEL,194,S5,455147
TEL,195,S5,455157
TEL,196,S5,455167
TEL,197,S5,455177
TEL,198,S5,455187
TEL,199,S5,455197
TEL,200,S5,455207
TEL,201,S5,455217
TEL,202,S5,455227
TEL,203,S5,455237
TEL,204,S5,455247
TEL,205,S5,455257
TEL,206,S5,455267
TEL,207,S5,455277
TEL,208,S5,455287
TEL,209,S5,455297
TEL,210,S5,455307
TEL,211,S5,455317
TEL,212,S5,455327
TEL,213,S5,455337
TEL,214,S5,455347
TEL,215,S5,455357
TEL,216,S5,455367
TEL,217,S5,455377
TEL,218,S5,455387
TEL,219,S5,455397
TEL,220,S5,455407
TEL,221,S5,455417
TEL,222,S5,455427
TEL,223,S5,455437
TEL,224,S5,455447
TEL,225,S5,455457
TEL,226,S5,455467
TEL,227,S5,455477
TEL,228,S5,455487
TEL,229,S5,455497
TEL,230,S5,455507
TEL,231,S5,455517
TEL,232,S5,455527
TEL,233,S5,455537
TEL,234,S5,455547
TEL,235,S5,455557
TEL,236,S5,455567
TEL,237,S5,455577
TEL,238,S5,455587
TEL,239,S5,455597
TEL,240,S5,455607
TEL,241,S5,455617
TEL,242,S5,455627
TEL,243,S5,455637
TEL,244,S5,455647
TEL,245,S5,455657
TEL,246,S5,455667
TEL,247,S5,455677
TEL,248,S5,455687
TEL,249,S5,455697
TEL,250,S5,455707
TEL,251,S5,455717
TEL,252,S5,455727
TEL,253,S5,455737
TEL,254,S5,455747
TEL,255,S5,455757
TEL,256,S5,455767
TEL,257,S5,455777
TEL,258,S5,455787
TEL,259,S5,455797
TEL,260,S5,455807
TEL,261,S5,455817
TEL,262,S5,455827
TEL,263,S5,455837
TEL,264,S5,455847
TEL,265,S5,455857
TEL,266,S5,455867
TEL,267,S5,455877
TEL,268,S5,455887
TEL,269,S5,455897
TEL,270,S5,455907
TEL,271,S5,455917
TEL,272,S5,455927
TEL,273,S5,455937
TEL,274,S5,455947
TEL,275,S5,455957
TEL,276,S5,455967
TEL,277,S5,455977
TEL,278,S5,455987
TEL,279,S5,455997
TEL,280,S5,456007
TEL,281,S5,456017
TEL,282,S5,456027
TEL,283,S5,456037
TEL,284,S5,456047
TEL,285,S5,456057
TEL,286,S5,456067
TEL,287,S5,456077
TEL,288,S5,456087
TEL,289,S5,456097
TEL,290,S5,456107
TEL,291,S5,456117
TEL,292,S5,456127
TEL,293,S5,456137
TEL,294,S5,456147
TEL,295,S5,456157
TEL,296,S5,456167
TEL,297,S5,456177
TEL,298,S5,456187
TEL,299,S5,456197
TEL,300,S5,456207
TEL,301,S5,456217
TEL,302,S5,456227
TEL,303,S5,456237
TEL,304,S5,456247
TEL,305,S5,456257
TEL,306,S5,456267
TEL,307,S5,456277
TEL,308,S5,456287
TEL,309,S5,456297
TEL,310,S5,456307
TEL,311,S5,456317
TEL,312,S5,456327
TEL,313,S5,456337
TEL,314,S5,456347
TEL,315,S5,456357
TEL,316,S5,456367
TEL,317,S5,456377
TEL,318,S5,456387
TEL,319,S5,456397
TEL,320,S5,456407
TEL,321,S5,456417
TEL,322,S5,456427
TEL,323,S5,456437
TEL,324,S5,456447
TEL,325,S5,456457
TEL,326,S5,456467
TEL,327,S5,456477
TEL,328,S5,456487
TEL,329,S5,456497
TEL,330,S5,456507
TEL,331,S5,456517
TEL,332,S5,456527
TEL,333,S5,456537
TEL,334,S5,456547
TEL,335,S5,456557
TEL,336,S5,456567
TEL,337,S5,456577
TEL,338,S5,456587
TEL,339,S5,456597
TEL,340,S5,456607
TEL,341,S5,456617
TEL,342,S5,456627
TEL,343,S5,456637
TEL,344,S5,456647
TEL,345,S5,456657
TEL,346,S5,456667
TEL,347,S5,456677
TEL,348,S5,456687
TEL,349,S5,456697
TEL,350,S5,456707
TEL,351,S5,456717
TEL,352,S5,456727
TEL,353,S5,456737
TEL,354,S5,456747
TEL,355,S5,456757
TEL,356,S5,456767
TEL,357,S5,456777
TEL,358,S5,456787
TEL,359,S5,456797
TEL,360,S5,456807
TEL,361,S5,456817
TEL,362,S5,456827
TEL,363,S5,456837
TEL,364,S5,456847
TEL,365,S5,456857
TEL,366,S5,456867
TEL,367,S5,456877
TEL,368,S5,456887
TEL,369,S5,456897
TEL,370,S5,456907
TEL,371,S5,456917
TEL,372,S5,456927
TEL,373,S5,456937
TEL,374,S5,456947
TEL,375,S5,456957
TEL,376,S5,456967
TEL,377,S5,456977
TEL,378,S5,456987
TEL,379,S5,456997
TEL,380,S5,457007
TEL,381,S5,457017
TEL,382,S5,457027
TEL,383,S5,457037
TEL,384,S5,457047
TEL,385,S5,457057
TEL,386,S5,457067
TEL,387,S5,457077
TEL,388,S5,457087
TEL,389,S5,457097
TEL,390,S5,457107
TEL,391,S5,457117
TEL,392,S5,457127
TEL,393,S5,457137
TEL,394,S5,457147
TEL,395,S5,457157
TEL,396,S5,457167
TEL,397,S5,457177
TEL,398,S5,457187
TEL,399,S5,457197
TEL,400,S5,457207
TEL,401,S5,457217
TEL,402,S5,457227
TEL,403,S5,457237
TEL,404,S5,457247
TEL,405,S5,457257
TEL,406,S5,457267
TEL,407,S5,457277
TEL,408,S5,457287
TEL,409,S5,457297
TEL,410,S5,457307
TEL,411,S5,457317
TEL,412,S5,457327
TEL,413,S5,457337
TEL,414,S5,457347
TEL,415,S5,457357
TEL,416,S5,457367
TEL,417,S5,457377
TEL,418,S5,457387
TEL,419,S5,457397
TEL,420,S5,457407
TEL,421,S5,457417
TEL,422,S5,457427
TEL,423,S5,457437
TEL,424,S5,457447
TEL,425,S5,457457
TEL,426,S5,457467
TEL,427,S5,457477
TEL,428,S5,457487
TEL,429,S5,457497
TEL,430,S5,457507
TEL,431,S5,457517
TEL,432,S5,457527
TEL,433,S5,457537
TEL,434,S5,457547
TEL,435,S5,457557
TEL,436,S5,457567
TEL,437,S5,457577
TEL,438,S5,457587
TEL,439,S5,457597
TEL,440,S5,457607
TEL,441,S5,457617
TEL,442,S5,457627
TEL,443,S5,457637
TEL,444,S5,457647
TEL,445,S5,457657
TEL,446,S5,457667
TEL,447,S5,457677
TEL,448,S5,457687
TEL,449,S5,457697
TEL,450,S5,457707
TEL,451,S5,457717
TEL,452,S5,457727
TEL,453,S5,457737
TEL,454,S5,457747
TEL,455,S5,457757
TEL,456,S5,457767
TEL,457,S5,457777
TEL,458,S5,457787
TEL,459,S5,457797
TEL,460,S5,457807
TEL,461,S5,457817
TEL,462,S5,457827
TEL,463,S5,457837
TEL,464,S5,457847
TEL,465,S5,457857
TEL,466,S5,457867
TEL,467,S5,457877
TEL,468,S5,457887
TEL,469,S5,457897
TEL,470,S5,457907
TEL,471,S5,457917
TEL,472,S5,457927
TEL,473,S5,457937
TEL,474,S5,457947
TEL,475,S5,457957
TEL,476,S5,457967
TEL,477,S5,457977
TEL,478,S5,457987
TEL,479,S5,457997
TEL,480,S5,458007
TEL,481,S5,458017
TEL,482,S5,458027
TEL,483,S5,458037
TEL,484,S5,458047
TEL,485,S5,458057
TEL,486,S5,458067
TEL,487,S5,458077
TEL,488,S5,458087
TEL,489,S5,458097
TEL,490,S5,458107
TEL,491,S5,458117
TEL,492,S5,458127
TEL,493,S5,458137
TEL,494,S5,458147
TEL,495,S5,458157
TEL,496,S5,458167
TEL,497,S5,458177
TEL,498,S5,458187
TEL,499,S5,458197
TEL,500,S5,458207
TEL,501,S5,458217
TEL,502,S5,458227
TEL,503,S5,458237
TEL,504,S5,458247
TEL,505,S5,458257
TEL,506,S5,458267
TEL,507,S5,458277
TEL,508,S5,458287
TEL,509,S5,458297
TEL,510,S5,458307
TEL,511,S5,458317
TEL,512,S5,458327
TEL,513,S5,458337
TEL,514,S5,458347
TEL,515,S5,458357
TEL,516,S5,458367
TEL,517,S5,458377
TEL,518,S5,458387
TEL,519,S5,458397
TEL,520,S5,458407
TEL,521,S5,458417
TEL,522,S5,458427
TEL,523,S5,458437
TEL,524,S5,458447
TEL,525,S5,458457
TEL,526,S5,458467
TEL,527,S5,458477
TEL,528,S5,458487
TEL,529,S5,458497
TEL,530,S5,458507
TEL,531,S5,458517
TEL,532,S5,458527
TEL,533,S5,458537
TEL,534,S5,458547
TEL,535,S5,458557
TEL,536,S5,458567
TEL,537,S5,458577
TEL,538,S5,458587
TEL,539,S5,458597
TEL,540,S5,458607
TEL,541,S5,458617
TEL,542,S5,458627
TEL,543,S5,458637
TEL,544,S5,458647
TEL,545,S5,458657
TEL,546,S5,458667
TEL,547,S5,458677
TEL,548,S5,458687
TEL,549,S5,458697
TEL,550,S5,458707
TEL,551,S5,458717
TEL,552,S5,458727
TEL,553,S5,458737
TEL,554,S5,458747
TEL,555,S5,458757
TEL,556,S5,458767
TEL,557,S5,458777
TEL,558,S5,458787
TEL,559,S5,458797
TEL,560,S5,458807
TEL,561,S5,458817
TEL,562,S5,458827
TEL,563,S5,458837
TEL,564,S5,458847
BTN,1,S5,PRESSED
TEL,565,S5,458857
TEL,566,S5,458867
TEL,567,S5,458877
TEL,568,S5,458887
TEL,569,S5,458897
TEL,570,S5,458907
TEL,571,S5,458917
TEL,572,S5,458927
TEL,573,S5,458937
TEL,574,S5,458947
TEL,575,S5,458957
TEL,576,S5,458967
TEL,577,S5,458977
TEL,578,S5,458987
TEL,579,S5,458997
TEL,580,S5,459007
TEL,581,S5,459017
TEL,582,S5,459027
TEL,583,S5,459037
TEL,584,S5,459047
TEL,585,S5,459057
TEL,586,S5,459067
TEL,587,S5,459077
TEL,588,S5,459087
TEL,589,S5,459097
TEL,590,S5,459107
TEL,591,S5,459117
TEL,592,S5,459127
TEL,593,S5,459137
TEL,594,S5,459147
TEL,595,S5,459157
TEL,596,S5,459167
TEL,597,S5,459177
TEL,598,S5,459187
TEL,599,S5,459197
TEL,600,S5,459207
TEL,601,S5,459217
TEL,602,S5,459227
TEL,603,S5,459237
TEL,604,S5,459247
TEL,605,S5,459257
TEL,606,S5,459267
TEL,607,S5,459277
TEL,608,S5,459287
TEL,609,S5,459297
BTN,2,S5,PRESSED
TEL,610,S5,459307
TEL,611,S5,459317
TEL,612,S5,459327
TEL,613,S5,459337
TEL,614,S5,459347
TEL,615,S5,459357
TEL,616,S5,459367
TEL,617,S5,459377
TEL,618,S5,459387
TEL,619,S5,459397
TEL,620,S5,459407
TEL,621,S5,459417
TEL,622,S5,459427
TEL,623,S5,459437
TEL,624,S5,459447
TEL,625,S5,459457
TEL,626,S5,459467
TEL,627,S5,459477
TEL,628,S5,459487
TEL,629,S5,459497
TEL,630,S5,459507
TEL,631,S5,459517
TEL,632,S5,459527
TEL,633,S5,459537
TEL,634,S5,459547
TEL,635,S5,459557
TEL,636,S5,459567
TEL,637,S5,459577
TEL,638,S5,459587
TEL,639,S5,459597
TEL,640,S5,459607
TEL,641,S5,459617
TEL,642,S5,459627
TEL,643,S5,459637
TEL,644,S5,459647
TEL,645,S5,459657
TEL,646,S5,459667
TEL,647,S5,459677
TEL,648,S5,459687
TEL,649,S5,459697
TEL,650,S5,459707
TEL,651,S5,459717
TEL,652,S5,459727
TEL,653,S5,459737
TEL,654,S5,459747
BTN,3,S5,PRESSED
TEL,655,S5,459757
TEL,656,S5,459767
TEL,657,S5,459777
TEL,658,S5,459787
TEL,659,S5,459797
TEL,660,S5,459807
TEL,661,S5,459817
TEL,662,S5,459827
TEL,663,S5,459837
TEL,664,S5,459847
TEL,665,S5,459857
TEL,666,S5,459867
TEL,667,S5,459877
TEL,668,S5,459887
TEL,669,S5,459897
TEL,670,S5,459907
TEL,671,S5,459917
TEL,672,S5,459927
TEL,673,S5,459937
TEL,674,S5,459947
TEL,675,S5,459957
TEL,676,S5,459967
TEL,677,S5,459977
TEL,678,S5,459987
TEL,679,S5,459997
TEL,680,S5,460007
TEL,681,S5,460017
TEL,682,S5,460027
TEL,683,S5,460037
TEL,684,S5,460047
TEL,685,S5,460057
TEL,686,S5,460067
TEL,687,S5,460077
TEL,688,S5,460087
TEL,689,S5,460097
TEL,690,S5,460107
TEL,691,S5,460117
TEL,692,S5,460127
TEL,693,S5,460137
TEL,694,S5,460147
BTN,4,S5,PRESSED
TEL,695,S5,460157
TEL,696,S5,460167
TEL,697,S5,460177
TEL,698,S5,460187
TEL,888,S5,462087
TEL,889,S5,462097
TEL,890,S5,462107
TEL,891,S5,462117
TEL,892,S5,462127
TEL,897,S5,462177
TEL,898,S5,462187
TEL,899,S5,462197
TEL,900,S5,462207
TEL,901,S5,462217
TEL,902,S5,462227
TEL,908,S5,462287
TEL,909,S5,462297
TEL,910,S5,462307
TEL,914,S5,462347
TEL,915,S5,462357
TEL,916,S5,462367
TEL,917,S5,462377
TEL,918,S5,462387
TEL,919,S5,462397
TEL,920,S5,462407
TEL,923,S5,462437
TEL,924,S5,462447
TEL,925,S5,462457
TEL,926,S5,462467
TEL,927,S5,462477
TEL,928,S5,462487
TEL,929,S5,462497
TEL,930,S5,462507
TEL,931,S5,462517
TEL,932,S5,462527
TEL,933,S5,462537
TEL,934,S5,462547
TEL,935,S5,462557
TEL,936,S5,462567
TEL,937,S5,462577
TEL,940,S5,462607
BTN,10,S5,PRESSED
TEL,941,S5,462617
TEL,942,S5,462627
TEL,943,S5,462637
TEL,944,S5,462647
TEL,945,S5,462657
TEL,946,S5,462667                           (
TEL,947,S5,462677
TEL,948,S5,462687
TEL,949,S5,462697
TEL,950,S5,462707
TEL,951,S5,462717
TEL,952,S5,462727
TEL,953,S5,462737
TEL,954,S5,462747
TEL,955,S5,462757
TEL,956,S5,462767
TEL,957,S5,462777
TEL,958,S5,462787
TEL,959,S5,462797
TEL,960,S5,462807
TEL,961,S5,462817
TEL,962,S5,462827
TEL,963,S5,462837
TEL,964,S5,462847
TEL,965,S5,462857
TEL,966,S5,462867
TEL,967,S5,462877
TEL,968,S5,462887
TEL,969,S5,462897
TEL,970,S5,462907
TEL,971,S5,462917
TEL,972,S5,462927
TEL,973,S5,462937
TEL,974,S5,462947
BTN,11,S5,PRESSED
TEL,975,S5,462957
TEL,976,S5,462967
TEL,977,S5,462977
TEL,978,S5,462987
TEL,979,S5,462997
TEL,980,S5,463007
TEL,981,S5,463017
TEL,982,S5,463027
TEL,983,S5,463037
TEL,984,S5,463047
TEL,985,S5,463057
TEL,986,S5,463067
TEL,987,S5,463077
TEL,988,S5,463087
TEL,989,S5,463097
TEL,990,S5,463107
TEL,991,S5,463117
TEL,992,S5,463127
TEL,993,S5,463137
TEL,994,S5,463147
TEL,995,S5,463157
TEL,996,S5,463167
TEL,997,S5,463177
TEL,998,S5,463187
TEL,999,S5,463197
TEL,1000,S5,463207
TEL,1001,S5,463217
TEL,1002,S5,463227
TEL,1003,S5,463237
TEL,1004,S5,463247
TEL,1005,S5,463257
TEL,1006,S5,463267
TEL,1007,S5,463277
TEL,1008,S5,463287
TEL,1009,S5,463297
TEL,1010,S5,463307
TEL,1011,S5,463317
TEL,1012,S5,463327
BTN,12,S5,PRESSED
TEL,1013,S5,463337
TEL,1014,S5,463347
TEL,1015,S5,463357
TEL,1016,S5,463367
TEL,1017,S5,463377
TEL,1018,S5,463387
TEL,1019,S5,463397
TEL,1020,S5,463407
TEL,1021,S5,463417
TEL,1022,S5,463427
TEL,1023,S5,463437
TEL,1024,S5,463447
TEL,1025,S5,463457
TEL,1026,S5,463467
TEL,1027,S5,463477
TEL,1028,S5,463487
TEL,1029,S5,463497
TEL,1030,S5,463507
TEL,1031,S5,463517
TEL,1032,S5,463527
TEL,1033,S5,463537
TEL,1034,S5,463547
TEL,1035,S5,463557
TEL,1036,S5,463567
TEL,1037,S5,463577
TEL,1038,S5,463587
TEL,1039,S5,463597
TEL,1040,S5,463607
TEL,1041,S5,463617
TEL,1042,S5,463627
TEL,1043,S5,463637
TEL,1044,S5,463647
TEL,1045,S5,463657
TEL,1046,S5,463667
TEL,1047,S5,463677
TEL,1048,S5,463687
TEL,1049,S5,463697
TEL,1050,S5,463707
TEL,1051,S5,463717
TEL,1052,S5,463727
TEL,1053,S5,463737
BTN,13,S5,PRESSED
TEL,1054,S5,463747
TEL,1055,S5,463757
TEL,1056,S5,463767
TEL,1057,S5,463777
TEL,1058,S5,463787
TEL,1059,S5,463797
TEL,1060,S5,463807
TEL,1061,S5,463817
TEL,1062,S5,463827
TEL,1063,S5,463837
TEL,1064,S5,463847
TEL,1065,S5,463857
TEL,1066,S5,463867
TEL,1067,S5,463877
TEL,1068,S5,463887
TEL,1069,S5,463897
TEL,1070,S5,463907
TEL,1071,S5,463917
TEL,1072,S5,463927
TEL,1073,S5,463937
TEL,1074,S5,463947
TEL,1075,S5,463957
TEL,1076,S5,463967
TEL,1077,S5,463977
TEL,1078,S5,463987
TEL,1079,S5,463997
TEL,1080,S5,464007
TEL,1081,S5,464017
TEL,1082,S5,464027
TEL,1083,S5,464037
TEL,1084,S5,464047
TEL,1085,S5,464057
TEL,1086,S5,464067
TEL,1087,S5,464077
TEL,1088,S5,464087
TEL,1089,S5,464097
TEL,1090,S5,464107
TEL,1091,S5,464117
TEL,1092,S5,464127
TEL,1093,S5,464137
TEL,1094,S5,464147
TEL,1095,S5,464157
TEL,1096,S5,464167
TEL,1097,S5,464177
TEL,1098,S5,464187
BTN,14,S5,PRESSED
TEL,1099,S5,464197
TEL,1100,S5,464207
TEL,1101,S5,464217
TEL,1102,S5,464227
TEL,1103,S5,464237
TEL,1104,S5,464247
TEL,1105,S5,464257
TEL,1106,S5,464267
TEL,1107,S5,464277
TEL,1108,S5,464287
TEL,1109,S5,464297
TEL,1110,S5,464307
TEL,1111,S5,464317
TEL,1112,S5,464327
TEL,1113,S5,464337
TEL,1114,S5,464347
TEL,1115,S5,464357
TEL,1116,S5,464367
TEL,1117,S5,464377
TEL,1118,S5,464387
TEL,1119,S5,464397
TEL,1120,S5,464407
TEL,1121,S5,464417
TEL,1122,S5,464427
TEL,1123,S5,464437
TEL,1124,S5,464447
TEL,1125,S5,464457
TEL,1126,S5,464467
TEL,1127,S5,464477
TEL,1128,S5,464487
TEL,1129,S5,464497
TEL,1130,S5,464507
TEL,1131,S5,464517
TEL,1132,S5,464527
TEL,1133,S5,464537
TEL,1134,S5,464547
TEL,1135,S5,464557
TEL,1136,S5,464567
TEL,1137,S5,464577
TEL,1138,S5,464587
TEL,1139,S5,464597
TEL,1140,S5,464607
TEL,1141,S5,464617
BTN,15,S5,PRESSED
TEL,1142,S5,464627
TEL,1143,S5,464637
TEL,1144,S5,464647
TEL,1145,S5,464657
TEL,1146,S5,464667
TEL,1147,S5,464677
TEL,1148,S5,464687
TEL,1149,S5,464697
TEL,1150,S5,464707
TEL,1151,S5,464717
TEL,1152,S5,464727
TEL,1153,S5,464737
TEL,1154,S5,464747
TEL,1155,S5,464757
TEL,1156,S5,464767
TEL,1157,S5,464777
TEL,1158,S5,464787
TEL,1159,S5,464797
TEL,1160,S5,464807
TEL,1161,S5,464817
TEL,1162,S5,464827
TEL,1163,S5,464837
TEL,1164,S5,464847
TEL,1165,S5,464857
TEL,1166,S5,464867
TEL,1167,S5,464877
TEL,1168,S5,464887
TEL,1169,S5,464897
TEL,1170,S5,464907
TEL,1171,S5,464917
TEL,1172,S5,464927
TEL,1173,S5,464937
TEL,1174,S5,464947
TEL,1175,S5,464957
TEL,1176,S5,464967
TEL,1177,S5,464977
TEL,1178,S5,464987
TEL,1179,S5,464997
TEL,1180,S5,465007
BTN,16,S5,PRESSED
TEL,1182,S5,465027
TEL,1183,S5,465037
TEL,1184,S5,465047
TEL,1185,S5,465057
TEL,1186,S5,465067
TEL,1187,S5,465077
TEL,1188,S5,465087
TEL,1189,S5,465097
TEL,1190,S5,465107
TEL,1191,S5,465117
TEL,1192,S5,465127
TEL,1193,S5,465137
TEL,1194,S5,465147
TEL,1195,S5,465157
TEL,1196,S5,465167
TEL,1197,S5,465177
TEL,1198,S5,465187
TEL,1199,S5,465197
TEL,1200,S5,465207
TEL,1201,S5,465217
TEL,1202,S5,465227
TEL,1203,S5,465237
TEL,1204,S5,465247
TEL,1205,S5,465257
TEL,1206,S5,465267
TEL,1207,S5,465277
TEL,1208,S5,465287
TEL,1209,S5,465297
TEL,1210,S5,465307
TEL,1211,S5,465317
TEL,1212,S5,465327
TEL,1213,S5,465337
TEL,1214,S5,465347
TEL,1215,S5,465357
TEL,1216,S5,465367
TEL,1217,S5,465377
TEL,1218,S5,465387
TEL,1219,S5,465397
TEL,1220,S5,465407
TEL,1221,S5,465417
TEL,1222,S5,465427
TEL,1223,S5,465437
TEL,1224,S5,465447
TEL,1225,S5,465457
TEL,1226,S5,465467
TEL,1227,S5,465477
TEL,1228,S5,465487
TEL,1229,S5,465497
TEL,1230,S5,465507
TEL,1231,S5,465517
TEL,1232,S5,465527
TEL,1233,S5,465537
TEL,1234,S5,465547
TEL,1235,S5,465557
TEL,1236,S5,465567
TEL,1237,S5,465577
TEL,1238,S5,465587
TEL,1239,S5,465597
TEL,1240,S5,465607
TEL,1241,S5,465617
TEL,1242,S5,465627
TEL,1243,S5,465637
TEL,1244,S5,465647
TEL,1245,S5,465657
TEL,1246,S5,465667
TEL,1247,S5,465677
TEL,1248,S5,465687
TEL,1249,S5,465697
TEL,1250,S5,465707
TEL,1251,S5,465717
TEL,1252,S5,465727
TEL,1253,S5,465737
TEL,1254,S5,465747
TEL,1255,S5,465757
TEL,1256,S5,465767
TEL,1257,S5,465777
BTN,18,S5,PRESSED
TEL,1259,S5,465797
TEL,1260,S5,465807
TEL,1261,S5,465817
TEL,1262,S5,465827
TEL,1263,S5,465837
TEL,1264,S5,465847
TEL,1265,S5,465857
TEL,1266,S5,465867
TEL,1267,S5,465877
TEL,1268,S5,465887
TEL,1269,S5,465897
TEL,1270,S5,465907
TEL,1271,S5,465917
TEL,1272,S5,465927
TEL,1273,S5,465937
TEL,1274,S5,465947
TEL,1275,S5,465957
TEL,1276,S5,465967
TEL,1277,S5,465977
TEL,1278,S5,465987
TEL,1279,S5,465997
TEL,1280,S5,466007
TEL,1281,S5,466017
TEL,1282,S5,466027
TEL,1283,S5,466037
TEL,1284,S5,466047
TEL,1285,S5,466057
TEL,1286,S5,466067
TEL,1287,S5,466077
TEL,1288,S5,466087
TEL,1289,S5,466097
TEL,1290,S5,466107
TEL,1291,S5,466117
TEL,1292,S5,466127
TEL,1293,S5,466137
TEL,1294,S5,466147
TEL,1295,S5,466157
TEL,1296,S5,466167
TEL,1297,S5,466177
TEL,1298,S5,466187
TEL,1299,S5,466197
BTN,19,S5,PRESSED
TEL,1301,S5,466217
TEL,1302,S5,466227
TEL,1303,S5,466237
TEL,1304,S5,466247
TEL,1305,S5,466257
TEL,1306,S5,466267
TEL,1307,S5,466277
TEL,1308,S5,466287
TEL,1309,S5,466297
TEL,1310,S5,466307
TEL,1311,S5,466317
TEL,1312,S5,466327
TEL,1313,S5,466337
TEL,1314,S5,466347
TEL,1315,S5,466357
TEL,1316,S5,466367
TEL,1317,S5,466377
TEL,1318,S5,466387
TEL,1319,S5,466397
TEL,1320,S5,466407
TEL,1321,S5,466417
TEL,1322,S5,466427
TEL,1323,S5,466437
TEL,1324,S5,466447
TEL,1325,S5,466457
TEL,1326,S5,466467
TEL,1327,S5,466477
TEL,1328,S5,466487
TEL,1329,S5,466497
TEL,1330,S5,466507
TEL,1331,S5,466517
TEL,1332,S5,466527
TEL,1333,S5,466537
TEL,1334,S5,466547
TEL,1335,S5,466557
TEL,1336,S5,466567
TEL,1337,S5,466577
TEL,1338,S5,466587
TEL,1339,S5,466597
TEL,1340,S5,466607
TEL,1341,S5,466617
TEL,1342,S5,466627
TEL,1343,S5,466637
TEL,1344,S5,466647
TEL,1345,S5,466657
TEL,1346,S5,466667
TEL,1347,S5,466677
TEL,1348,S5,466687
TEL,1349,S5,466697
TEL,1350,S5,466707
TEL,1351,S5,466717
TEL,1352,S5,466727
TEL,1353,S5,466737
TEL,1354,S5,466747
TEL,1355,S5,466757
TEL,1356,S5,466767
TEL,1357,S5,466777
TEL,1358,S5,466787
TEL,1359,S5,466797
TEL,1360,S5,466807
TEL,1361,S5,466817
TEL,1362,S5,466827
TEL,1363,S5,466837
TEL,1364,S5,466847
TEL,1365,S5,466857
TEL,1366,S5,466867
TEL,1367,S5,466877
TEL,1368,S5,466887
TEL,1369,S5,466897
TEL,1370,S5,466907
TEL,1371,S5,466917
TEL,1372,S5,466927
TEL,1373,S5,466937
TEL,1374,S5,466947
TEL,1375,S5,466957
TEL,1376,S5,466967
TEL,1377,S5,466977
TEL,1378,S5,466987
TEL,1379,S5,466997
TEL,1380,S5,467007
TEL,1381,S5,467017
TEL,1382,S5,467027
BTN,21,S5,PRESSED
TEL,1384,S5,467047
TEL,1385,S5,467057
TEL,1386,S5,467067
TEL,1387,S5,467077
TEL,1388,S5,467087
TEL,1389,S5,467097
TEL,1390,S5,467107
TEL,1391,S5,467117
TEL,1392,S5,467127
TEL,1393,S5,467137
TEL,1394,S5,467147
TEL,1395,S5,467157
TEL,1396,S5,467167
TEL,1397,S5,467177
TEL,1398,S5,467187
TEL,1399,S5,467197
TEL,1400,S5,467207
TEL,1401,S5,467217
TEL,1402,S5,467227
TEL,1403,S5,467237
TEL,1404,S5,467247
TEL,1405,S5,467257
TEL,1406,S5,467267
TEL,1407,S5,467277
TEL,1408,S5,467287
TEL,1409,S5,467297
TEL,1410,S5,467307
TEL,1411,S5,467317
TEL,1412,S5,467327
TEL,1413,S5,467337
TEL,1414,S5,467347
TEL,1415,S5,467357
TEL,1416,S5,467367
TEL,1417,S5,467377
TEL,1418,S5,467387
TEL,1419,S5,467397
TEL,1420,S5,467407
TEL,1421,S5,467417
BTN,22,S5,PRESSED
TEL,1423,S5,467437
TEL,1424,S5,467447
TEL,1425,S5,467457
TEL,1426,S5,467467
TEL,1427,S5,467477
TEL,1428,S5,467487
TEL,1429,S5,467497
TEL,1430,S5,467507
TEL,1431,S5,467517
TEL,1432,S5,467527
TEL,1433,S5,467537
TEL,1434,S5,467547
TEL,1435,S5,467557
TEL,1436,S5,467567
TEL,1437,S5,467577
TEL,1438,S5,467587
TEL,1439,S5,467597
TEL,1440,S5,467607
TEL,1441,S5,467617
TEL,1442,S5,467627
TEL,1443,S5,467637
TEL,1444,S5,467647
TEL,1445,S5,467657
TEL,1446,S5,467667
TEL,1447,S5,467677
TEL,1448,S5,467687
TEL,1449,S5,467697
TEL,1450,S5,467707
TEL,1451,S5,467717
TEL,1452,S5,467727
TEL,1453,S5,467737
TEL,1454,S5,467747
TEL,1455,S5,467757
TEL,1456,S5,467767
TEL,1457,S5,467777
TEL,1458,S5,467787
TEL,1459,S5,467797
TEL,1460,S5,467807
TEL,1461,S5,467817
TEL,1462,S5,467827
BTN,23,S5,PRESSED
TEL,1464,S5,467847
TEL,1465,S5,467857
TEL,1466,S5,467867
TEL,1467,S5,467877
TEL,1468,S5,467887
TEL,1469,S5,467897
TEL,1470,S5,467907
TEL,1471,S5,467917
TEL,1472,S5,467927
TEL,1473,S5,467937
TEL,1474,S5,467947
TEL,1475,S5,467957
TEL,1476,S5,467967
TEL,1477,S5,467977
TEL,1478,S5,467987
TEL,1479,S5,467997
TEL,1480,S5,468007
TEL,1481,S5,468017
TEL,1482,S5,468027
TEL,1483,S5,468037
TEL,1484,S5,468047
TEL,1485,S5,468057
TEL,1486,S5,468067
TEL,1487,S5,468077
TEL,1488,S5,468087
TEL,1489,S5,468097
TEL,1490,S5,468107
TEL,1491,S5,468117
TEL,1492,S5,468127
TEL,1493,S5,468137
TEL,1494,S5,468147
TEL,1495,S5,468157
TEL,1496,S5,468167
TEL,1497,S5,468177
TEL,1498,S5,468187
TEL,1499,S5,468197
TEL,1500,S5,468207
TEL,1501,S5,468217
TEL,1502,S5,468227
TEL,1503,S5,468237
TEL,1504,S5,468247
TEL,1505,S5,468257
BTN,24,S5,PRESSED
TEL,1507,S5,468277
TEL,1508,S5,468287
TEL,1509,S5,468297
TEL,1510,S5,468307
TEL,1511,S5,468317
TEL,1512,S5,468327
TEL,1513,S5,468337
TEL,1514,S5,468347
TEL,1515,S5,468357
TEL,1516,S5,468367
TEL,1517,S5,468377
TEL,1518,S5,468387
TEL,1519,S5,468397
TEL,1520,S5,468407
TEL,1521,S5,468417
TEL,1522,S5,468427
TEL,1523,S5,468437
TEL,1524,S5,468447
TEL,1525,S5,468457
TEL,1526,S5,468467
TEL,1527,S5,468477
TEL,1528,S5,468487
TEL,1529,S5,468497
TEL,1530,S5,468507
TEL,1531,S5,468517
TEL,1532,S5,468527
TEL,1533,S5,468537
TEL,1534,S5,468547
TEL,1535,S5,468557
TEL,1536,S5,468567
TEL,1537,S5,468577
TEL,1538,S5,468587
TEL,1539,S5,468597
TEL,1540,S5,468607
TEL,1541,S5,468617
TEL,1542,S5,468627
TEL,1543,S5,468637
TEL,1544,S5,468647
TEL,1545,S5,468657
TEL,1546,S5,468667
TEL,1547,S5,468677
TEL,1548,S5,468687
TEL,1549,S5,468697
TEL,1550,S5,468707
TEL,1551,S5,468717
TEL,1552,S5,468727
TEL,1553,S5,468737
TEL,1554,S5,468747
TEL,1555,S5,468757
TEL,1556,S5,468767
TEL,1557,S5,468777
TEL,1558,S5,468787
TEL,1559,S5,468797
TEL,1560,S5,468807
TEL,1561,S5,468817
TEL,1562,S5,468827
TEL,1563,S5,468837
TEL,1564,S5,468847
TEL,1565,S5,468857
TEL,1566,S5,468867
TEL,1567,S5,468877
TEL,1568,S5,468887
TEL,1569,S5,468897
TEL,1570,S5,468907
TEL,1571,S5,468917
TEL,1572,S5,468927
TEL,1573,S5,468937
TEL,1574,S5,468947
TEL,1575,S5,468957
TEL,1576,S5,468967
TEL,1577,S5,468977
TEL,1578,S5,468987
TEL,1579,S5,468997
TEL,1580,S5,469007
TEL,1581,S5,469017
TEL,1582,S5,469027
TEL,1583,S5,469037
BTN,26,S5,PRESSED
TEL,1585,S5,469057
TEL,1586,S5,469067
TEL,1587,S5,469077
TEL,1588,S5,469087
TEL,1589,S5,469097
TEL,1590,S5,469107
TEL,1591,S5,469117
TEL,1592,S5,469127
TEL,1593,S5,469137
TEL,1594,S5,469147
TEL,1595,S5,469157
TEL,1596,S5,469167
TEL,1597,S5,469177
TEL,1598,S5,469187
TEL,1599,S5,469197
TEL,1600,S5,469207
TEL,1601,S5,469217
TEL,1602,S5,469227
TEL,1603,S5,469237
TEL,1604,S5,469247
TEL,1605,S5,469257
TEL,1606,S5,469267
TEL,1607,S5,469277
TEL,1608,S5,469287
TEL,1609,S5,469297
TEL,1610,S5,469307
TEL,1611,S5,469317
TEL,1612,S5,469327
TEL,1613,S5,469337
TEL,1614,S5,469347
TEL,1615,S5,469357
TEL,1616,S5,469367
TEL,1617,S5,469377
TEL,1618,S5,469387
TEL,1619,S5,469397
TEL,1620,S5,469407
TEL,1621,S5,469417
TEL,1622,S5,469427
BTN,27,S5,PRESSED
TEL,1624,S5,469447
TEL,1625,S5,469457
TEL,1626,S5,469467
TEL,1627,S5,469477
TEL,1628,S5,469487
TEL,1629,S5,469497
TEL,1630,S5,469507
TEL,1631,S5,469517
TEL,1632,S5,469527
TEL,1633,S5,469537
TEL,1634,S5,469547
TEL,1635,S5,469557
TEL,1636,S5,469567
TEL,1637,S5,469577
TEL,1638,S5,469587
TEL,1639,S5,469597
TEL,1640,S5,469607
TEL,1641,S5,469617
TEL,1642,S5,469627
TEL,1643,S5,469637
TEL,1644,S5,469647
TEL,1645,S5,469657
TEL,1646,S5,469667
TEL,1647,S5,469677
TEL,1648,S5,469687
TEL,1649,S5,469697
TEL,1650,S5,469707
TEL,1651,S5,469717
TEL,1652,S5,469727
TEL,1653,S5,469737
TEL,1654,S5,469747
TEL,1655,S5,469757
TEL,1656,S5,469767
TEL,1657,S5,469777
TEL,1658,S5,469787
TEL,1659,S5,469797
TEL,1660,S5,469807
TEL,1661,S5,469817
TEL,1662,S5,469827
TEL,1663,S5,469837
TEL,1664,S5,469847
TEL,1665,S5,469857
TEL,1666,S5,469867
TEL,1667,S5,469877
TEL,1668,S5,469887
TEL,1669,S5,469897
TEL,1670,S5,469907
TEL,1671,S5,469917
TEL,1672,S5,469927
TEL,1673,S5,469937
TEL,1674,S5,469947
TEL,1675,S5,469957
TEL,1676,S5,469967
TEL,1677,S5,469977
TEL,1678,S5,469987
TEL,1679,S5,469997
TEL,1680,S5,470007
TEL,1681,S5,470017
TEL,1682,S5,470027
TEL,1683,S5,470037
TEL,1684,S5,470047
TEL,1685,S5,470057
TEL,1686,S5,470067
TEL,1687,S5,470077
TEL,1688,S5,470087
TEL,1689,S5,470097
TEL,1690,S5,470107
TEL,1691,S5,470117
TEL,1692,S5,470127
TEL,1693,S5,470137
TEL,1694,S5,470147
TEL,1695,S5,470157
TEL,1696,S5,470167
TEL,1697,S5,470177
TEL,1698,S5,470187
TEL,1699,S5,470197
TEL,1700,S5,470207
TEL,1701,S5,470217
TEL,1702,S5,470227
TEL,1703,S5,470237
TEL,1704,S5,470247
TEL,1705,S5,470257
TEL,1706,S5,470267
TEL,1707,S5,470277
TEL,1708,S5,470287
TEL,1709,S5,470297
TEL,1710,S5,470307
TEL,1711,S5,470317
TEL,1712,S5,470327
TEL,1713,S5,470337
TEL,1714,S5,470347
TEL,1715,S5,470357
TEL,1716,S5,470367
TEL,1717,S5,470377
TEL,1718,S5,470387
TEL,1719,S5,470397
TEL,1720,S5,470407
TEL,1721,S5,470417
TEL,1722,S5,470427
TEL,1723,S5,470437
TEL,1724,S5,470447
TEL,1725,S5,470457
TEL,1726,S5,470467
TEL,1727,S5,470477
TEL,1728,S5,470487
TEL,1729,S5,470497
TEL,1730,S5,470507
TEL,1731,S5,470517
TEL,1732,S5,470527
TEL,1733,S5,470537
TEL,1734,S5,470547
TEL,1735,S5,470557
TEL,1736,S5,470567
TEL,1737,S5,470577
TEL,1738,S5,470587
TEL,1739,S5,470597
TEL,1740,S5,470607
TEL,1741,S5,470617
TEL,1742,S5,470627
TEL,1743,S5,470637
TEL,1744,S5,470647
TEL,1745,S5,470657
TEL,1746,S5,470667
TEL,1747,S5,470677
TEL,1748,S5,470687
TEL,1749,S5,470697
TEL,1750,S5,470707
TEL,1751,S5,470717
TEL,1752,S5,470727
TEL,1753,S5,470737
BTN,30,S5,PRESSED
TEL,1755,S5,470757
TEL,1756,S5,470767
TEL,1757,S5,470777
TEL,1758,S5,470787
TEL,1759,S5,470797
TEL,1760,S5,470807
TEL,1761,S5,470817
TEL,1762,S5,470827
TEL,1763,S5,470837
TEL,1764,S5,470847
TEL,1765,S5,470857
TEL,1766,S5,470867
TEL,1767,S5,470877
TEL,1768,S5,470887
TEL,1769,S5,470897
TEL,1770,S5,470907
TEL,1771,S5,470917
TEL,1772,S5,470927
TEL,1773,S5,470937
TEL,1774,S5,470947
TEL,1775,S5,470957
TEL,1776,S5,470967
TEL,1777,S5,470977
TEL,1778,S5,470987
TEL,1779,S5,470997
TEL,1780,S5,471007
TEL,1781,S5,471017
TEL,1782,S5,471027
TEL,1783,S5,471037
TEL,1784,S5,471047
TEL,1785,S5,471057
TEL,1786,S5,471067
TEL,1787,S5,471077
TEL,1788,S5,471087
TEL,1789,S5,471097
TEL,1790,S5,471107
TEL,1791,S5,471117
TEL,1792,S5,471127
TEL,1793,S5,471137
TEL,1794,S5,471147
TEL,1795,S5,471157
TEL,1796,S5,471167
TEL,1797,S5,471177
TEL,1798,S5,471187
TEL,1799,S5,471197
TEL,1800,S5,471207
TEL,1801,S5,471217
BTN,31,S5,PRESSED
TEL,1803,S5,471237
TEL,1804,S5,471247
TEL,1805,S5,471257
TEL,1806,S5,471267
TEL,1807,S5,471277
TEL,1808,S5,471287
TEL,1809,S5,471297
TEL,1810,S5,471307
TEL,1811,S5,471317
TEL,1812,S5,471327
TEL,1813,S5,471337
TEL,1814,S5,471347
TEL,1815,S5,471357
TEL,1816,S5,471367
TEL,1817,S5,471377
TEL,1818,S5,471387
TEL,1819,S5,471397
TEL,1820,S5,471407
TEL,1821,S5,471417
TEL,1822,S5,471427
TEL,1823,S5,471437
TEL,1824,S5,471447
TEL,1825,S5,471457
TEL,1826,S5,471467
TEL,1827,S5,471477
TEL,1828,S5,471487
TEL,1829,S5,471497
TEL,1830,S5,471507
TEL,1831,S5,471517
TEL,1832,S5,471527
TEL,1833,S5,471537
TEL,1834,S5,471547
TEL,1835,S5,471557
TEL,1836,S5,471567
TEL,1837,S5,471577
TEL,1838,S5,471587
TEL,1839,S5,471597
TEL,1840,S5,471607
TEL,1841,S5,471617
TEL,1842,S5,471627
TEL,1843,S5,471637
TEL,1844,S5,471647
TEL,1845,S5,471657
TEL,1846,S5,471667
TEL,1847,S5,471677
TEL,1848,S5,471687
TEL,1849,S5,471697
TEL,1850,S5,471707
TEL,1851,S5,471717
TEL,1852,S5,471727
TEL,1853,S5,471737
TEL,1854,S5,471747
TEL,1855,S5,471757
TEL,1856,S5,471767
TEL,1857,S5,471777
TEL,1858,S5,471787
TEL,1859,S5,471797
TEL,1860,S5,471807
TEL,1861,S5,471817
TEL,1862,S5,471827
TEL,1863,S5,471837
TEL,1864,S5,471847
TEL,1865,S5,471857
TEL,1866,S5,471867
TEL,1867,S5,471877
TEL,1868,S5,471887
TEL,1869,S5,471897
TEL,1870,S5,471907
TEL,1871,S5,471917
TEL,1872,S5,471927
TEL,1873,S5,471937
TEL,1874,S5,471947
TEL,1875,S5,471957
TEL,1876,S5,471967
TEL,1877,S5,471977
TEL,1878,S5,471987
TEL,1879,S5,471997
TEL,1880,S5,472007
TEL,1881,S5,472017
TEL,1882,S5,472027
TEL,1883,S5,472037
TEL,1884,S5,472047
TEL,1885,S5,472057
TEL,1886,S5,472067
TEL,1887,S5,472077
TEL,1888,S5,472087
TEL,1889,S5,472097
TEL,1890,S5,472107
TEL,1891,S5,472117
TEL,1892,S5,472127
TEL,1893,S5,472137
TEL,1894,S5,472147
TEL,1895,S5,472157
TEL,1896,S5,472167
TEL,1897,S5,472177
BTN,33,S5,PRESSED
TEL,1899,S5,472197
TEL,1900,S5,472207
TEL,1901,S5,472217
TEL,1902,S5,472227
TEL,1903,S5,472237
TEL,1904,S5,472247
TEL,1905,S5,472257
TEL,1906,S5,472267
TEL,1907,S5,472277
TEL,1908,S5,472287
TEL,1909,S5,472297
TEL,1910,S5,472307
TEL,1911,S5,472317
TEL,1912,S5,472327
TEL,1913,S5,472337
TEL,1914,S5,472347
TEL,1915,S5,472357
TEL,1916,S5,472367
TEL,1917,S5,472377
TEL,1918,S5,472387
TEL,1919,S5,472397
TEL,1920,S5,472407
TEL,1921,S5,472417
TEL,1922,S5,472427
TEL,1923,S5,472437
TEL,1924,S5,472447
TEL,1925,S5,472457
TEL,1926,S5,472467
TEL,1927,S5,472477
TEL,1928,S5,472487
TEL,1929,S5,472497
TEL,1930,S5,472507
TEL,1931,S5,472517
TEL,1932,S5,472527
TEL,1933,S5,472537
TEL,1934,S5,472547
TEL,1935,S5,472557
TEL,1936,S5,472567
TEL,1937,S5,472577
TEL,1938,S5,472587
TEL,1939,S5,472597
TEL,1940,S5,472607
TEL,1941,S5,472617
TEL,1942,S5,472627
TEL,1943,S5,472637
TEL,1944,S5,472647
TEL,1945,S5,472657
TEL,1946,S5,472667
TEL,1947,S5,472677
TEL,1948,S5,472687
TEL,1949,S5,472697
TEL,1950,S5,472707
TEL,1951,S5,472717
TEL,1952,S5,472727
TEL,1953,S5,472737
TEL,1954,S5,472747
TEL,1955,S5,472757
TEL,1956,S5,472767
TEL,1957,S5,472777
TEL,1958,S5,472787
TEL,1959,S5,472797
TEL,1960,S5,472807
TEL,1961,S5,472817
TEL,1962,S5,472827
TEL,1963,S5,472837
TEL,1964,S5,472847
TEL,1965,S5,472857
TEL,1966,S5,472867
TEL,1967,S5,472877
TEL,1968,S5,472887
TEL,1969,S5,472897
TEL,1970,S5,472907
TEL,1971,S5,472917
TEL,1972,S5,472927
TEL,1973,S5,472937
TEL,1974,S5,472947
TEL,1975,S5,472957
TEL,1976,S5,472967
TEL,1977,S5,472977
TEL,1978,S5,472987
TEL,1979,S5,472997
TEL,1980,S5,473007
TEL,1981,S5,473017
TEL,1982,S5,473027
TEL,1983,S5,473037
TEL,1984,S5,473047
TEL,1985,S5,473057
TEL,1986,S5,473067
TEL,1987,S5,473077
BTN,35,S5,PRESSED
TEL,1989,S5,473097
TEL,1990,S5,473107
TEL,1991,S5,473117
TEL,1992,S5,473127
TEL,1993,S5,473137
TEL,1994,S5,473147
TEL,1995,S5,473157
TEL,1996,S5,473167
TEL,1997,S5,473177
TEL,1998,S5,473187
TEL,1999,S5,473197
TEL,2000,S5,473207
TEL,2001,S5,473217
TEL,2002,S5,473227
TEL,2003,S5,473237
TEL,2004,S5,473247
TEL,2005,S5,473257
TEL,2006,S5,473267
TEL,2007,S5,473277
TEL,2008,S5,473287
TEL,2009,S5,473297
TEL,2010,S5,473307
TEL,2011,S5,473317
TEL,2012,S5,473327
TEL,2013,S5,473337
TEL,2014,S5,473347
TEL,2015,S5,473357
TEL,2016,S5,473367
TEL,2017,S5,473377
TEL,2018,S5,473387
TEL,2019,S5,473397
TEL,2020,S5,473407
TEL,2021,S5,473417
TEL,2022,S5,473427
TEL,2023,S5,473437
TEL,2024,S5,473447
TEL,2025,S5,473457
TEL,2026,S5,473467
TEL,2027,S5,473477
TEL,2028,S5,473487
TEL,2029,S5,473497
TEL,2030,S5,473507
TEL,2031,S5,473517
TEL,2032,S5,473527
TEL,2033,S5,473537
TEL,2034,S5,473547
TEL,2035,S5,473557
TEL,2036,S5,473567
TEL,2037,S5,473577
TEL,2038,S5,473587
TEL,2039,S5,473597
TEL,2040,S5,473607
TEL,2041,S5,473617
TEL,2042,S5,473627
TEL,2043,S5,473637
TEL,2044,S5,473647
TEL,2045,S5,473657
TEL,2046,S5,473667
TEL,2047,S5,473677
TEL,2048,S5,473687
TEL,2049,S5,473697
TEL,2050,S5,473707
TEL,2051,S5,473717
TEL,2052,S5,473727
TEL,2053,S5,473737
TEL,2054,S5,473747
TEL,2055,S5,473757
TEL,2056,S5,473767
TEL,2057,S5,473777
TEL,2058,S5,473787
TEL,2059,S5,473797
TEL,2060,S5,473807
TEL,2061,S5,473817
TEL,2062,S5,473827
TEL,2063,S5,473837
TEL,2064,S5,473847
TEL,2065,S5,473857
TEL,2066,S5,473867
TEL,2067,S5,473877
TEL,2068,S5,473887
TEL,2069,S5,473897
TEL,2070,S5,473907
TEL,2071,S5,473917
TEL,2072,S5,473927
TEL,2073,S5,473937
TEL,2074,S5,473947
TEL,2075,S5,473957
TEL,2076,S5,473967
TEL,2077,S5,473977
TEL,2078,S5,473987
TEL,2079,S5,473997
TEL,2080,S5,474007
TEL,2081,S5,474017
TEL,2082,S5,474027
TEL,2083,S5,474037
TEL,2084,S5,474047
TEL,2085,S5,474057
TEL,2086,S5,474067
TEL,2087,S5,474077
TEL,2088,S5,474087
TEL,2089,S5,474097
TEL,2090,S5,474107
TEL,2091,S5,474117
TEL,2092,S5,474127
TEL,2093,S5,474137
TEL,2094,S5,474147
TEL,2095,S5,474157
TEL,2096,S5,474167
TEL,2097,S5,474177
TEL,2098,S5,474187
TEL,2099,S5,474197
TEL,2100,S5,474207
TEL,2101,S5,474217
TEL,2102,S5,474227
TEL,2103,S5,474237
TEL,2104,S5,474247
TEL,2105,S5,474257
TEL,2106,S5,474267
TEL,2107,S5,474277
TEL,2108,S5,474287
TEL,2109,S5,474297
TEL,2110,S5,474307
TEL,2111,S5,474317
TEL,2112,S5,474327
TEL,2113,S5,474337
TEL,2114,S5,474347
TEL,2115,S5,474357
TEL,2116,S5,474367
TEL,2117,S5,474377
TEL,2118,S5,474387
TEL,2119,S5,474397
REC,S5,1,459035000,2357,2375,12356,17913,ok
REC,S5,2,459482832,4525,4542,24524,30081,ok
REC,S5,3,459932955,4401,4419,34401,39959,ok
REC,S5,4,460335911,1446,1464,41445,46997,ok
REC,S5,5,460802193,12,31,45163,50717,ok
REC,S5,6,461226286,1071,1089,61070,66622,ok
REC,S5,7,461638953,12,30,68403,73959,ok
REC,S5,8,462047295,62,79,80061,85612,ok
REC,S5,9,462418889,12,30,88483,94034,ok
REC,S5,10,462795771,1590,1608,101585,107144,ok
REC,S5,11,463132412,4945,4962,114944,120497,ok
REC,S5,12,463516119,1242,1259,121237,126790,ok
REC,S5,13,463925076,2281,2299,132280,137837,ok
REC,S5,14,464377688,12,32,139668,145226,ok
REC,S5,15,464803852,3505,3523,153504,159060,ok
REC,S5,16,465201834,12,32,155522,161079,ok
REC,S5,17,465576490,867,885,,,tx_drop
REC,S5,18,465970265,12,41,157091,162647,ok
REC,S5,19,466390799,12,29,156557,162108,ok
REC,S5,20,466806265,1092,1110,,,tx_drop
REC,S5,21,467220909,14,31,156447,162005,ok
REC,S5,22,467611949,14,32,155407,160965,ok
REC,S5,23,468022137,12,29,155219,160771,ok
REC,S5,24,468449156,12,31,158200,163757,ok
REC,S5,25,468865340,2021,2038,,,tx_drop
REC,S5,26,469228502,12,29,158854,164411,ok
REC,S5,27,469617787,14,31,159569,165126,ok
REC,S5,28,470006078,1279,1297,,,tx_drop
REC,S5,29,470472914,4443,4460,,,tx_drop
REC,S5,30,470930057,12,30,157299,162858,ok
REC,S5,31,471407815,12,30,159541,165094,ok
REC,S5,32,471886308,1049,1067,,,tx_drop
REC,S5,33,472368388,12,32,158968,164519,ok
REC,S5,34,472817010,347,365,,,tx_drop
REC,S5,35,473269310,12,29,158046,163605,ok
REC,S5,36,473527335,22,39,,,tx_drop
WRK,S5,23933,2139,5003,5016,5079
SUM,S5,36,238,0,8,0,0,0,2126,13,16,0,34,0
END,36
